Archive member included to satisfy reference by file (symbol)

/opt/st/stm32cubeide_1.3.0/plugins/com.st.stm32cube.ide.mcu.externaltools.gnu-tools-for-stm32.7-2018-q2-update.linux64_1.0.0.201904181610/tools/bin/../lib/gcc/arm-none-eabi/7.3.1/../../../../arm-none-eabi/lib/thumb/v7e-m/fpv4-sp/hard/libc_nano.a(lib_a-errno.o)
                              Core/Src/syscalls.o (__errno)
/opt/st/stm32cubeide_1.3.0/plugins/com.st.stm32cube.ide.mcu.externaltools.gnu-tools-for-stm32.7-2018-q2-update.linux64_1.0.0.201904181610/tools/bin/../lib/gcc/arm-none-eabi/7.3.1/../../../../arm-none-eabi/lib/thumb/v7e-m/fpv4-sp/hard/libc_nano.a(lib_a-exit.o)
                              /opt/st/stm32cubeide_1.3.0/plugins/com.st.stm32cube.ide.mcu.externaltools.gnu-tools-for-stm32.7-2018-q2-update.linux64_1.0.0.201904181610/tools/bin/../lib/gcc/arm-none-eabi/7.3.1/../../../../arm-none-eabi/lib/thumb/v7e-m/fpv4-sp/hard/crt0.o (exit)
/opt/st/stm32cubeide_1.3.0/plugins/com.st.stm32cube.ide.mcu.externaltools.gnu-tools-for-stm32.7-2018-q2-update.linux64_1.0.0.201904181610/tools/bin/../lib/gcc/arm-none-eabi/7.3.1/../../../../arm-none-eabi/lib/thumb/v7e-m/fpv4-sp/hard/libc_nano.a(lib_a-impure.o)
                              /opt/st/stm32cubeide_1.3.0/plugins/com.st.stm32cube.ide.mcu.externaltools.gnu-tools-for-stm32.7-2018-q2-update.linux64_1.0.0.201904181610/tools/bin/../lib/gcc/arm-none-eabi/7.3.1/../../../../arm-none-eabi/lib/thumb/v7e-m/fpv4-sp/hard/libc_nano.a(lib_a-exit.o) (_global_impure_ptr)
/opt/st/stm32cubeide_1.3.0/plugins/com.st.stm32cube.ide.mcu.externaltools.gnu-tools-for-stm32.7-2018-q2-update.linux64_1.0.0.201904181610/tools/bin/../lib/gcc/arm-none-eabi/7.3.1/../../../../arm-none-eabi/lib/thumb/v7e-m/fpv4-sp/hard/libc_nano.a(lib_a-init.o)
                              /opt/st/stm32cubeide_1.3.0/plugins/com.st.stm32cube.ide.mcu.externaltools.gnu-tools-for-stm32.7-2018-q2-update.linux64_1.0.0.201904181610/tools/bin/../lib/gcc/arm-none-eabi/7.3.1/../../../../arm-none-eabi/lib/thumb/v7e-m/fpv4-sp/hard/crt0.o (__libc_init_array)
/opt/st/stm32cubeide_1.3.0/plugins/com.st.stm32cube.ide.mcu.externaltools.gnu-tools-for-stm32.7-2018-q2-update.linux64_1.0.0.201904181610/tools/bin/../lib/gcc/arm-none-eabi/7.3.1/../../../../arm-none-eabi/lib/thumb/v7e-m/fpv4-sp/hard/libc_nano.a(lib_a-memset.o)
                              /opt/st/stm32cubeide_1.3.0/plugins/com.st.stm32cube.ide.mcu.externaltools.gnu-tools-for-stm32.7-2018-q2-update.linux64_1.0.0.201904181610/tools/bin/../lib/gcc/arm-none-eabi/7.3.1/../../../../arm-none-eabi/lib/thumb/v7e-m/fpv4-sp/hard/crt0.o (memset)
/opt/st/stm32cubeide_1.3.0/plugins/com.st.stm32cube.ide.mcu.externaltools.gnu-tools-for-stm32.7-2018-q2-update.linux64_1.0.0.201904181610/tools/bin/../lib/gcc/arm-none-eabi/7.3.1/thumb/v7e-m/fpv4-sp/hard/libgcc.a(_aeabi_uldivmod.o)
                              Drivers/STM32F4xx_HAL_Driver/Src/stm32f4xx_hal_rcc.o (__aeabi_uldivmod)
/opt/st/stm32cubeide_1.3.0/plugins/com.st.stm32cube.ide.mcu.externaltools.gnu-tools-for-stm32.7-2018-q2-update.linux64_1.0.0.201904181610/tools/bin/../lib/gcc/arm-none-eabi/7.3.1/thumb/v7e-m/fpv4-sp/hard/libgcc.a(_udivmoddi4.o)
                              /opt/st/stm32cubeide_1.3.0/plugins/com.st.stm32cube.ide.mcu.externaltools.gnu-tools-for-stm32.7-2018-q2-update.linux64_1.0.0.201904181610/tools/bin/../lib/gcc/arm-none-eabi/7.3.1/thumb/v7e-m/fpv4-sp/hard/libgcc.a(_aeabi_uldivmod.o) (__udivmoddi4)
/opt/st/stm32cubeide_1.3.0/plugins/com.st.stm32cube.ide.mcu.externaltools.gnu-tools-for-stm32.7-2018-q2-update.linux64_1.0.0.201904181610/tools/bin/../lib/gcc/arm-none-eabi/7.3.1/thumb/v7e-m/fpv4-sp/hard/libgcc.a(_dvmd_tls.o)
                              /opt/st/stm32cubeide_1.3.0/plugins/com.st.stm32cube.ide.mcu.externaltools.gnu-tools-for-stm32.7-2018-q2-update.linux64_1.0.0.201904181610/tools/bin/../lib/gcc/arm-none-eabi/7.3.1/thumb/v7e-m/fpv4-sp/hard/libgcc.a(_aeabi_uldivmod.o) (__aeabi_ldiv0)

Allocating common symbols
Common symbol       size              file

uwTick              0x4               Drivers/STM32F4xx_HAL_Driver/Src/stm32f4xx_hal.o
pFlash              0x20              Drivers/STM32F4xx_HAL_Driver/Src/stm32f4xx_hal_flash.o

Discarded input sections

 .text          0x0000000000000000        0x0 /opt/st/stm32cubeide_1.3.0/plugins/com.st.stm32cube.ide.mcu.externaltools.gnu-tools-for-stm32.7-2018-q2-update.linux64_1.0.0.201904181610/tools/bin/../lib/gcc/arm-none-eabi/7.3.1/thumb/v7e-m/fpv4-sp/hard/crti.o
 .data          0x0000000000000000        0x0 /opt/st/stm32cubeide_1.3.0/plugins/com.st.stm32cube.ide.mcu.externaltools.gnu-tools-for-stm32.7-2018-q2-update.linux64_1.0.0.201904181610/tools/bin/../lib/gcc/arm-none-eabi/7.3.1/thumb/v7e-m/fpv4-sp/hard/crti.o
 .bss           0x0000000000000000        0x0 /opt/st/stm32cubeide_1.3.0/plugins/com.st.stm32cube.ide.mcu.externaltools.gnu-tools-for-stm32.7-2018-q2-update.linux64_1.0.0.201904181610/tools/bin/../lib/gcc/arm-none-eabi/7.3.1/thumb/v7e-m/fpv4-sp/hard/crti.o
[...]
Memory Configuration

Name             Origin             Length             Attributes
RAM              0x0000000020000000 0x0000000000010000 xrw
FLASH            0x0000000008000000 0x0000000000040000 xr
*default*        0x0000000000000000 0xffffffffffffffff

Linker script and memory map

LOAD /opt/st/stm32cubeide_1.3.0/plugins/com.st.stm32cube.ide.mcu.externaltools.gnu-tools-for-stm32.7-2018-q2-update.linux64_1.0.0.201904181610/tools/bin/../lib/gcc/arm-none-eabi/7.3.1/thumb/v7e-m/fpv4-sp/hard/crti.o
LOAD /opt/st/stm32cubeide_1.3.0/plugins/com.st.stm32cube.ide.mcu.externaltools.gnu-tools-for-stm32.7-2018-q2-update.linux64_1.0.0.201904181610/tools/bin/../lib/gcc/arm-none-eabi/7.3.1/thumb/v7e-m/fpv4-sp/hard/crtbegin.o
LOAD /opt/st/stm32cubeide_1.3.0/plugins/com.st.stm32cube.ide.mcu.externaltools.gnu-tools-for-stm32.7-2018-q2-update.linux64_1.0.0.201904181610/tools/bin/../lib/gcc/arm-none-eabi/7.3.1/../../../../arm-none-eabi/lib/thumb/v7e-m/fpv4-sp/hard/crt0.o
LOAD Core/Src/main.o
LOAD Core/Src/stm32f4xx_hal_msp.o
LOAD Core/Src/stm32f4xx_it.o
LOAD Core/Src/syscalls.o
LOAD Core/Src/sysmem.o
LOAD Core/Src/system_stm32f4xx.o
LOAD Core/Startup/startup_stm32f401ccux.o
LOAD Drivers/STM32F4xx_HAL_Driver/Src/stm32f4xx_hal.o
LOAD Drivers/STM32F4xx_HAL_Driver/Src/stm32f4xx_hal_cortex.o
LOAD Drivers/STM32F4xx_HAL_Driver/Src/stm32f4xx_hal_dma.o
LOAD Drivers/STM32F4xx_HAL_Driver/Src/stm32f4xx_hal_dma_ex.o
LOAD Drivers/STM32F4xx_HAL_Driver/Src/stm32f4xx_hal_exti.o
LOAD Drivers/STM32F4xx_HAL_Driver/Src/stm32f4xx_hal_flash.o
LOAD Drivers/STM32F4xx_HAL_Driver/Src/stm32f4xx_hal_flash_ex.o
LOAD Drivers/STM32F4xx_HAL_Driver/Src/stm32f4xx_hal_flash_ramfunc.o
LOAD Drivers/STM32F4xx_HAL_Driver/Src/stm32f4xx_hal_gpio.o
LOAD Drivers/STM32F4xx_HAL_Driver/Src/stm32f4xx_hal_pwr.o
LOAD Drivers/STM32F4xx_HAL_Driver/Src/stm32f4xx_hal_pwr_ex.o
LOAD Drivers/STM32F4xx_HAL_Driver/Src/stm32f4xx_hal_rcc.o
LOAD Drivers/STM32F4xx_HAL_Driver/Src/stm32f4xx_hal_rcc_ex.o
LOAD Drivers/STM32F4xx_HAL_Driver/Src/stm32f4xx_hal_tim.o
LOAD Drivers/STM32F4xx_HAL_Driver/Src/stm32f4xx_hal_tim_ex.o
START GROUP
LOAD /opt/st/stm32cubeide_1.3.0/plugins/com.st.stm32cube.ide.mcu.externaltools.gnu-tools-for-stm32.7-2018-q2-update.linux64_1.0.0.201904181610/tools/bin/../lib/gcc/arm-none-eabi/7.3.1/../../../../arm-none-eabi/lib/thumb/v7e-m/fpv4-sp/hard/libstdc++_nano.a
LOAD /opt/st/stm32cubeide_1.3.0/plugins/com.st.stm32cube.ide.mcu.externaltools.gnu-tools-for-stm32.7-2018-q2-update.linux64_1.0.0.201904181610/tools/bin/../lib/gcc/arm-none-eabi/7.3.1/../../../../arm-none-eabi/lib/thumb/v7e-m/fpv4-sp/hard/libsupc++_nano.a
END GROUP
LOAD /opt/st/stm32cubeide_1.3.0/plugins/com.st.stm32cube.ide.mcu.externaltools.gnu-tools-for-stm32.7-2018-q2-update.linux64_1.0.0.201904181610/tools/bin/../lib/gcc/arm-none-eabi/7.3.1/../../../../arm-none-eabi/lib/thumb/v7e-m/fpv4-sp/hard/libstdc++_nano.a
LOAD /opt/st/stm32cubeide_1.3.0/plugins/com.st.stm32cube.ide.mcu.externaltools.gnu-tools-for-stm32.7-2018-q2-update.linux64_1.0.0.201904181610/tools/bin/../lib/gcc/arm-none-eabi/7.3.1/../../../../arm-none-eabi/lib/thumb/v7e-m/fpv4-sp/hard/libm.a
LOAD /opt/st/stm32cubeide_1.3.0/plugins/com.st.stm32cube.ide.mcu.externaltools.gnu-tools-for-stm32.7-2018-q2-update.linux64_1.0.0.201904181610/tools/bin/../lib/gcc/arm-none-eabi/7.3.1/../../../../arm-none-eabi/lib/thumb/v7e-m/fpv4-sp/hard/libc_nano.a
START GROUP
LOAD /opt/st/stm32cubeide_1.3.0/plugins/com.st.stm32cube.ide.mcu.externaltools.gnu-tools-for-stm32.7-2018-q2-update.linux64_1.0.0.201904181610/tools/bin/../lib/gcc/arm-none-eabi/7.3.1/thumb/v7e-m/fpv4-sp/hard/libgcc.a
LOAD /opt/st/stm32cubeide_1.3.0/plugins/com.st.stm32cube.ide.mcu.externaltools.gnu-tools-for-stm32.7-2018-q2-update.linux64_1.0.0.201904181610/tools/bin/../lib/gcc/arm-none-eabi/7.3.1/../../../../arm-none-eabi/lib/thumb/v7e-m/fpv4-sp/hard/libc_nano.a
END GROUP
START GROUP
LOAD /opt/st/stm32cubeide_1.3.0/plugins/com.st.stm32cube.ide.mcu.externaltools.gnu-tools-for-stm32.7-2018-q2-update.linux64_1.0.0.201904181610/tools/bin/../lib/gcc/arm-none-eabi/7.3.1/thumb/v7e-m/fpv4-sp/hard/libgcc.a
LOAD /opt/st/stm32cubeide_1.3.0/plugins/com.st.stm32cube.ide.mcu.externaltools.gnu-tools-for-stm32.7-2018-q2-update.linux64_1.0.0.201904181610/tools/bin/../lib/gcc/arm-none-eabi/7.3.1/../../../../arm-none-eabi/lib/thumb/v7e-m/fpv4-sp/hard/libc_nano.a
LOAD /opt/st/stm32cubeide_1.3.0/plugins/com.st.stm32cube.ide.mcu.externaltools.gnu-tools-for-stm32.7-2018-q2-update.linux64_1.0.0.201904181610/tools/bin/../lib/gcc/arm-none-eabi/7.3.1/../../../../arm-none-eabi/lib/thumb/v7e-m/fpv4-sp/hard/libnosys.a
END GROUP
START GROUP
LOAD /opt/st/stm32cubeide_1.3.0/plugins/com.st.stm32cube.ide.mcu.externaltools.gnu-tools-for-stm32.7-2018-q2-update.linux64_1.0.0.201904181610/tools/bin/../lib/gcc/arm-none-eabi/7.3.1/thumb/v7e-m/fpv4-sp/hard/libgcc.a
LOAD /opt/st/stm32cubeide_1.3.0/plugins/com.st.stm32cube.ide.mcu.externaltools.gnu-tools-for-stm32.7-2018-q2-update.linux64_1.0.0.201904181610/tools/bin/../lib/gcc/arm-none-eabi/7.3.1/../../../../arm-none-eabi/lib/thumb/v7e-m/fpv4-sp/hard/libc_nano.a
LOAD /opt/st/stm32cubeide_1.3.0/plugins/com.st.stm32cube.ide.mcu.externaltools.gnu-tools-for-stm32.7-2018-q2-update.linux64_1.0.0.201904181610/tools/bin/../lib/gcc/arm-none-eabi/7.3.1/../../../../arm-none-eabi/lib/thumb/v7e-m/fpv4-sp/hard/libnosys.a
END GROUP
LOAD /opt/st/stm32cubeide_1.3.0/plugins/com.st.stm32cube.ide.mcu.externaltools.gnu-tools-for-stm32.7-2018-q2-update.linux64_1.0.0.201904181610/tools/bin/../lib/gcc/arm-none-eabi/7.3.1/thumb/v7e-m/fpv4-sp/hard/crtend.o
LOAD /opt/st/stm32cubeide_1.3.0/plugins/com.st.stm32cube.ide.mcu.externaltools.gnu-tools-for-stm32.7-2018-q2-update.linux64_1.0.0.201904181610/tools/bin/../lib/gcc/arm-none-eabi/7.3.1/thumb/v7e-m/fpv4-sp/hard/crtn.o
                0x0000000020010000                _estack = (ORIGIN (RAM) + LENGTH (RAM))
                0x0000000000000200                _Min_Heap_Size = 0x200
                0x0000000000000400                _Min_Stack_Size = 0x400

.isr_vector     0x0000000008000000      0x194
                0x0000000008000000                . = ALIGN (0x4)
 *(.isr_vector)
 .isr_vector    0x0000000008000000      0x194 Core/Startup/startup_stm32f401ccux.o
                0x0000000008000000                g_pfnVectors
                0x0000000008000194                . = ALIGN (0x4)

.text           0x0000000008000194     0x2d74
                0x0000000008000194                . = ALIGN (0x4)
 *(.text)
 .text          0x0000000008000194       0x40 /opt/st/stm32cubeide_1.3.0/plugins/com.st.stm32cube.ide.mcu.externaltools.gnu-tools-for-stm32.7-2018-q2-update.linux64_1.0.0.201904181610/tools/bin/../lib/gcc/arm-none-eabi/7.3.1/thumb/v7e-m/fpv4-sp/hard/crtbegin.o
 .text          0x00000000080001d4       0x30 /opt/st/stm32cubeide_1.3.0/plugins/com.st.stm32cube.ide.mcu.externaltools.gnu-tools-for-stm32.7-2018-q2-update.linux64_1.0.0.201904181610/tools/bin/../lib/gcc/arm-none-eabi/7.3.1/thumb/v7e-m/fpv4-sp/hard/libgcc.a(_aeabi_uldivmod.o)
                0x00000000080001d4                __aeabi_uldivmod
 .text          0x0000000008000204      0x2cc /opt/st/stm32cubeide_1.3.0/plugins/com.st.stm32cube.ide.mcu.externaltools.gnu-tools-for-stm32.7-2018-q2-update.linux64_1.0.0.201904181610/tools/bin/../lib/gcc/arm-none-eabi/7.3.1/thumb/v7e-m/fpv4-sp/hard/libgcc.a(_udivmoddi4.o)
                0x0000000008000204                __udivmoddi4
 .text          0x00000000080004d0        0x4 /opt/st/stm32cubeide_1.3.0/plugins/com.st.stm32cube.ide.mcu.externaltools.gnu-tools-for-stm32.7-2018-q2-update.linux64_1.0.0.201904181610/tools/bin/../lib/gcc/arm-none-eabi/7.3.1/thumb/v7e-m/fpv4-sp/hard/libgcc.a(_dvmd_tls.o)
                0x00000000080004d0                __aeabi_ldiv0
                0x00000000080004d0                __aeabi_idiv0
 *(.text*)
 .text._ZN5boost3ext3sml6v1_1_54back8policies22thread_safety_policy__11create_lockEv
                0x00000000080004d4       0x14 Core/Src/main.o
                0x00000000080004d4                boost::ext::sml::v1_1_5::back::policies::thread_safety_policy__::create_lock()
 .text._ZNKUlvE_clEv
                0x00000000080004e8       0x20 Core/Src/main.o
 .text._ZNKUlvE0_clEv
                0x0000000008000508       0x20 Core/Src/main.o
 .text._ZN5boost3ext3sml6v1_1_58literalsli2_sIcJLc115ELc116ELc97ELc116ELc101ELc95ELc108ELc101ELc100ELc95ELc111ELc102ELc102EEEEDav
                0x0000000008000528        0xe Core/Src/main.o
                0x0000000008000528                auto boost::ext::sml::v1_1_5::literals::operator"" _s<char, (char)115, (char)116, (char)97, (char)116, (char)101, (char)95, (char)108, (char)101, (char)100, (char)95, (char)111, (char)102, (char)102>()
 .text._ZNK5boost3ext3sml6v1_1_55front5stateINS2_3aux6stringIcJLc115ELc116ELc97ELc116ELc101ELc95ELc108ELc101ELc100ELc95ELc111ELc102ELc102EEEEEdeEv
                0x0000000008000536       0x14 Core/Src/main.o
                0x0000000008000536                boost::ext::sml::v1_1_5::front::state<boost::ext::sml::v1_1_5::aux::string<char, (char)115, (char)116, (char)97, (char)116, (char)101, (char)95, (char)108, (char)101, (char)100, (char)95, (char)111, (char)102, (char)102> >::operator*() const
 .text._ZNK5boost3ext3sml6v1_1_55front10state_implINS3_5stateIFNS2_3aux6stringIcJLc115ELc116ELc97ELc116ELc101ELc95ELc108ELc101ELc100ELc95ELc111ELc102ELc102EEEENS3_13initial_stateEEEEEplINS3_5eventI11timer_eventEEEEDaRKT_
                0x000000000800054a       0x1e Core/Src/main.o
                0x000000000800054a                auto boost::ext::sml::v1_1_5::front::state_impl<boost::ext::sml::v1_1_5::front::state<boost::ext::sml::v1_1_5::aux::string<char, (char)115, (char)116, (char)97, (char)116, (char)101, (char)95, (char)108, (char)101, (char)100, (char)95, (char)111, (char)102, (char)102> (boost::ext::sml::v1_1_5::front::initial_state)> >::operator+<boost::ext::sml::v1_1_5::front::event<timer_event> >(boost::ext::sml::v1_1_5::front::event<timer_event> const&) const
 .text._ZN5boost3ext3sml6v1_1_58literalsli2_sIcJLc115ELc116ELc97ELc116ELc101ELc95ELc108ELc101ELc100ELc95ELc98ELc108ELc105ELc110ELc107ELc105ELc110ELc103ELc95ELc115ELc108ELc111ELc119EEEEDav
                0x0000000008000568        0xe Core/Src/main.o
                0x0000000008000568                auto boost::ext::sml::v1_1_5::literals::operator"" _s<char, (char)115, (char)116, (char)97, (char)116, (char)101, (char)95, (char)108, (char)101, (char)100, (char)95, (char)98, (char)108, (char)105, (char)110, (char)107, (char)105, (char)110, (char)103, (char)95, (char)115, (char)108, (char)111, (char)119>()
 .text._ZNK5boost3ext3sml6v1_1_55front10transitionIJNS3_5stateIFNS2_3aux6stringIcJLc115ELc116ELc97ELc116ELc101ELc95ELc108ELc101ELc100ELc95ELc111ELc102ELc102EEEENS3_13initial_stateEEEENS3_5eventI11timer_eventEEEEaSINS5_INS7_IcJLc115ELc116ELc97ELc116ELc101ELc95ELc108ELc101ELc100ELc95ELc98ELc108ELc105ELc110ELc107ELc105ELc110ELc103ELc95ELc115ELc108ELc111ELc119EEEEEEEEDaRKT_
                0x0000000008000576       0x22 Core/Src/main.o
                0x0000000008000576                auto boost::ext::sml::v1_1_5::front::transition<boost::ext::sml::v1_1_5::front::state<boost::ext::sml::v1_1_5::aux::string<char, (char)115, (char)116, (char)97, (char)116, (char)101, (char)95, (char)108, (char)101, (char)100, (char)95, (char)111, (char)102, (char)102> (boost::ext::sml::v1_1_5::front::initial_state)>, boost::ext::sml::v1_1_5::front::event<timer_event> >::operator=<boost::ext::sml::v1_1_5::front::state<boost::ext::sml::v1_1_5::aux::string<char, (char)115, (char)116, (char)97, (char)116, (char)101, (char)95, (char)108, (char)101, (char)100, (char)95, (char)98, (char)108, (char)105, (char)110, (char)107, (char)105, (char)110, (char)103, (char)95, (char)115, (char)108, (char)111, (char)119> > >(boost::ext::sml::v1_1_5::front::state<boost::ext::sml::v1_1_5::aux::string<char, (char)115, (char)116, (char)97, (char)116, (char)101, (char)95, (char)108, (char)101, (char)100, (char)95, (char)98, (char)108, (char)105, (char)110, (char)107, (char)105, (char)110, (char)103, (char)95, (char)115, (char)108, (char)111, (char)119> > const&) const
 .text._ZNK5boost3ext3sml6v1_1_55front10state_implINS3_5stateINS2_3aux6stringIcJLc115ELc116ELc97ELc116ELc101ELc95ELc108ELc101ELc100ELc95ELc98ELc108ELc105ELc110ELc107ELc105ELc110ELc103ELc95ELc115ELc108ELc111ELc119EEEEEEEplINS3_5eventI11timer_eventEEEEDaRKT_
                0x0000000008000598       0x1e Core/Src/main.o
                0x0000000008000598                auto boost::ext::sml::v1_1_5::front::state_impl<boost::ext::sml::v1_1_5::front::state<boost::ext::sml::v1_1_5::aux::string<char, (char)115, (char)116, (char)97, (char)116, (char)101, (char)95, (char)108, (char)101, (char)100, (char)95, (char)98, (char)108, (char)105, (char)110, (char)107, (char)105, (char)110, (char)103, (char)95, (char)115, (char)108, (char)111, (char)119> > >::operator+<boost::ext::sml::v1_1_5::front::event<timer_event> >(boost::ext::sml::v1_1_5::front::event<timer_event> const&) const
 .text._ZN5boost3ext3sml6v1_1_58literalsli2_sIcJLc115ELc116ELc97ELc116ELc101ELc95ELc108ELc101ELc100ELc95ELc98ELc108ELc105ELc110ELc107ELc105ELc110ELc103ELc95ELc102ELc97ELc115ELc116EEEEDav
                0x00000000080005b6        0xe Core/Src/main.o
                0x00000000080005b6                auto boost::ext::sml::v1_1_5::literals::operator"" _s<char, (char)115, (char)116, (char)97, (char)116, (char)101, (char)95, (char)108, (char)101, (char)100, (char)95, (char)98, (char)108, (char)105, (char)110, (char)107, (char)105, (char)110, (char)103, (char)95, (char)102, (char)97, (char)115, (char)116>()
 .text._ZNK5boost3ext3sml6v1_1_55front10transitionIJNS3_5stateINS2_3aux6stringIcJLc115ELc116ELc97ELc116ELc101ELc95ELc108ELc101ELc100ELc95ELc98ELc108ELc105ELc110ELc107ELc105ELc110ELc103ELc95ELc115ELc108ELc111ELc119EEEEEENS3_5eventI11timer_eventEEEEaSINS5_INS7_IcJLc115ELc116ELc97ELc116ELc101ELc95ELc108ELc101ELc100ELc95ELc98ELc108ELc105ELc110ELc107ELc105ELc110ELc103ELc95ELc102ELc97ELc115ELc116EEEEEEEEDaRKT_
                0x00000000080005c4       0x22 Core/Src/main.o
                0x00000000080005c4                auto boost::ext::sml::v1_1_5::front::transition<boost::ext::sml::v1_1_5::front::state<boost::ext::sml::v1_1_5::aux::string<char, (char)115, (char)116, (char)97, (char)116, (char)101, (char)95, (char)108, (char)101, (char)100, (char)95, (char)98, (char)108, (char)105, (char)110, (char)107, (char)105, (char)110, (char)103, (char)95, (char)115, (char)108, (char)111, (char)119> >, boost::ext::sml::v1_1_5::front::event<timer_event> >::operator=<boost::ext::sml::v1_1_5::front::state<boost::ext::sml::v1_1_5::aux::string<char, (char)115, (char)116, (char)97, (char)116, (char)101, (char)95, (char)108, (char)101, (char)100, (char)95, (char)98, (char)108, (char)105, (char)110, (char)107, (char)105, (char)110, (char)103, (char)95, (char)102, (char)97, (char)115, (char)116> > >(boost::ext::sml::v1_1_5::front::state<boost::ext::sml::v1_1_5::aux::string<char, (char)115, (char)116, (char)97, (char)116, (char)101, (char)95, (char)108, (char)101, (char)100, (char)95, (char)98, (char)108, (char)105, (char)110, (char)107, (char)105, (char)110, (char)103, (char)95, (char)102, (char)97, (char)115, (char)116> > const&) const
 .text._ZNK5boost3ext3sml6v1_1_55front5eventI11timer_eventEdvIUlvE_Li0EEEDaRKT_
                0x00000000080005e6       0x22 Core/Src/main.o
 .text._ZNK5boost3ext3sml6v1_1_53aux17zero_wrapper_implIUlvE_NS3_9type_listIJEEEEclEv
                0x0000000008000608       0x16 Core/Src/main.o
 .text._ZNK5boost3ext3sml6v1_1_55front10state_implINS3_5stateINS2_3aux6stringIcJLc115ELc116ELc97ELc116ELc101ELc95ELc108ELc101ELc100ELc95ELc98ELc108ELc105ELc110ELc107ELc105ELc110ELc103ELc95ELc102ELc97ELc115ELc116EEEEEEEplINS3_13transition_eaINS3_5eventI11timer_eventEENS6_12zero_wrapperIUlvE_vEEEEEEDaRKT_
                0x000000000800061e       0x1e Core/Src/main.o
 .text._ZN5boost3ext3sml6v1_1_58literalsli2_sIcJLc115ELc116ELc97ELc116ELc101ELc95ELc108ELc101ELc100ELc95ELc111ELc110EEEEDav
                0x000000000800063c        0xe Core/Src/main.o
                0x000000000800063c                auto boost::ext::sml::v1_1_5::literals::operator"" _s<char, (char)115, (char)116, (char)97, (char)116, (char)101, (char)95, (char)108, (char)101, (char)100, (char)95, (char)111, (char)110>()
 .text._ZNK5boost3ext3sml6v1_1_55front10transitionIJNS3_5stateINS2_3aux6stringIcJLc115ELc116ELc97ELc116ELc101ELc95ELc108ELc101ELc100ELc95ELc98ELc108ELc105ELc110ELc107ELc105ELc110ELc103ELc95ELc102ELc97ELc115ELc116EEEEEENS3_13transition_eaINS3_5eventI11timer_eventEENS6_12zero_wrapperIUlvE_vEEEEEEaSINS5_INS7_IcJLc115ELc116ELc97ELc116ELc101ELc95ELc108ELc101ELc100ELc95ELc111ELc110EEEEEEEEDaRKT_
                0x000000000800064a       0x22 Core/Src/main.o
 .text._ZNK5boost3ext3sml6v1_1_55front5eventI11timer_eventEdvIUlvE0_Li0EEEDaRKT_
                0x000000000800066c       0x22 Core/Src/main.o
 .text._ZNK5boost3ext3sml6v1_1_53aux17zero_wrapper_implIUlvE0_NS3_9type_listIJEEEEclEv
                0x000000000800068e       0x16 Core/Src/main.o
 .text._ZNK5boost3ext3sml6v1_1_55front10state_implINS3_5stateINS2_3aux6stringIcJLc115ELc116ELc97ELc116ELc101ELc95ELc108ELc101ELc100ELc95ELc111ELc110EEEEEEEplINS3_13transition_eaINS3_5eventI11timer_eventEENS6_12zero_wrapperIUlvE0_vEEEEEEDaRKT_
                0x00000000080006a4       0x1e Core/Src/main.o
 .text._ZNK5boost3ext3sml6v1_1_55front10transitionIJNS3_5stateINS2_3aux6stringIcJLc115ELc116ELc97ELc116ELc101ELc95ELc108ELc101ELc100ELc95ELc111ELc110EEEEEENS3_13transition_eaINS3_5eventI11timer_eventEENS6_12zero_wrapperIUlvE0_vEEEEEEaSINS5_INS7_IcJLc115ELc116ELc97ELc116ELc101ELc95ELc108ELc101ELc100ELc95ELc111ELc102ELc102EEEEEEEEDaRKT_
                0x00000000080006c2       0x22 Core/Src/main.o
 .text._ZN5boost3ext3sml6v1_1_521make_transition_tableIJNS2_5front10transitionIJNS4_5stateINS2_3aux6stringIcJLc115ELc116ELc97ELc116ELc101ELc95ELc108ELc101ELc100ELc95ELc98ELc108ELc105ELc110ELc107ELc105ELc110ELc103ELc95ELc115ELc108ELc111ELc119EEEEEENS6_IFNS8_IcJLc115ELc116ELc97ELc116ELc101ELc95ELc108ELc101ELc100ELc95ELc111ELc102ELc102EEEENS4_13initial_stateEEEENS4_5eventI11timer_eventEENS4_6alwaysENS4_4noneEEEENS5_IJNS6_INS8_IcJLc115ELc116ELc97ELc116ELc101ELc95ELc108ELc101ELc100ELc95ELc98ELc108ELc105ELc110ELc107ELc105ELc110ELc103ELc95ELc102ELc97ELc115ELc116EEEEEESA_SH_SI_SJ_EEENS5_IJNS6_INS8_IcJLc115ELc116ELc97ELc116ELc101ELc95ELc108ELc101ELc100ELc95ELc111ELc110EEEEEESM_SH_SI_NS7_12zero_wrapperIUlvE_vEEEEENS5_IJNS6_ISB_EESP_SH_SI_NSQ_IUlvE0_vEEEEEELi0EEEDaDpT_
                0x00000000080006e4        0xe Core/Src/main.o
 *fill*         0x00000000080006f2        0x2 
 .text._ZN11BlinkingLEDclEv
                0x00000000080006f4       0xdc Core/Src/main.o
                0x00000000080006f4                BlinkingLED::operator()()
 .text.process_timer_event
                0x00000000080007d0       0x1c Core/Src/main.o
                0x00000000080007d0                process_timer_event
 .text.main     0x00000000080007ec       0x78 Core/Src/main.o
                0x00000000080007ec                main
 .text._Z18SystemClock_Configv
                0x0000000008000864       0xd8 Core/Src/main.o
                0x0000000008000864                SystemClock_Config()
 .text._ZL12MX_TIM2_Initv
                0x000000000800093c       0xb8 Core/Src/main.o
 .text._ZL12MX_GPIO_Initv
                0x00000000080009f4       0x88 Core/Src/main.o
 .text.Error_Handler
                0x0000000008000a7c        0xe Core/Src/main.o
                0x0000000008000a7c                Error_Handler
 .text._ZN5boost3ext3sml6v1_1_55front10transitionIJNS3_5stateINS2_3aux6stringIcJLc115ELc116ELc97ELc116ELc101ELc95ELc108ELc101ELc100ELc95ELc98ELc108ELc105ELc110ELc107ELc105ELc110ELc103ELc95ELc115ELc108ELc111ELc119EEEEEENS5_IFNS7_IcJLc115ELc116ELc97ELc116ELc101ELc95ELc108ELc101ELc100ELc95ELc111ELc102ELc102EEEENS3_13initial_stateEEEENS3_5eventI11timer_eventEENS3_6alwaysENS3_4noneEEEC2ERKSH_RKSI_
                0x0000000008000a8a       0x1a Core/Src/main.o
                0x0000000008000a8a                boost::ext::sml::v1_1_5::front::transition<boost::ext::sml::v1_1_5::front::state<boost::ext::sml::v1_1_5::aux::string<char, (char)115, (char)116, (char)97, (char)116, (char)101, (char)95, (char)108, (char)101, (char)100, (char)95, (char)98, (char)108, (char)105, (char)110, (char)107, (char)105, (char)110, (char)103, (char)95, (char)115, (char)108, (char)111, (char)119> >, boost::ext::sml::v1_1_5::front::state<boost::ext::sml::v1_1_5::aux::string<char, (char)115, (char)116, (char)97, (char)116, (char)101, (char)95, (char)108, (char)101, (char)100, (char)95, (char)111, (char)102, (char)102> (boost::ext::sml::v1_1_5::front::initial_state)>, boost::ext::sml::v1_1_5::front::event<timer_event>, boost::ext::sml::v1_1_5::front::always, boost::ext::sml::v1_1_5::front::none>::transition(boost::ext::sml::v1_1_5::front::always const&, boost::ext::sml::v1_1_5::front::none const&)
                0x0000000008000a8a                boost::ext::sml::v1_1_5::front::transition<boost::ext::sml::v1_1_5::front::state<boost::ext::sml::v1_1_5::aux::string<char, (char)115, (char)116, (char)97, (char)116, (char)101, (char)95, (char)108, (char)101, (char)100, (char)95, (char)98, (char)108, (char)105, (char)110, (char)107, (char)105, (char)110, (char)103, (char)95, (char)115, (char)108, (char)111, (char)119> >, boost::ext::sml::v1_1_5::front::state<boost::ext::sml::v1_1_5::aux::string<char, (char)115, (char)116, (char)97, (char)116, (char)101, (char)95, (char)108, (char)101, (char)100, (char)95, (char)111, (char)102, (char)102> (boost::ext::sml::v1_1_5::front::initial_state)>, boost::ext::sml::v1_1_5::front::event<timer_event>, boost::ext::sml::v1_1_5::front::always, boost::ext::sml::v1_1_5::front::none>::transition(boost::ext::sml::v1_1_5::front::always const&, boost::ext::sml::v1_1_5::front::none const&)
 .text._ZN5boost3ext3sml6v1_1_55front10transitionIJNS3_5stateINS2_3aux6stringIcJLc115ELc116ELc97ELc116ELc101ELc95ELc108ELc101ELc100ELc95ELc98ELc108ELc105ELc110ELc107ELc105ELc110ELc103ELc95ELc102ELc97ELc115ELc116EEEEEENS5_INS7_IcJLc115ELc116ELc97ELc116ELc101ELc95ELc108ELc101ELc100ELc95ELc98ELc108ELc105ELc110ELc107ELc105ELc110ELc103ELc95ELc115ELc108ELc111ELc119EEEEEENS3_5eventI11timer_eventEENS3_6alwaysENS3_4noneEEEC2ERKSF_RKSG_
                0x0000000008000aa4       0x1a Core/Src/main.o
                0x0000000008000aa4                boost::ext::sml::v1_1_5::front::transition<boost::ext::sml::v1_1_5::front::state<boost::ext::sml::v1_1_5::aux::string<char, (char)115, (char)116, (char)97, (char)116, (char)101, (char)95, (char)108, (char)101, (char)100, (char)95, (char)98, (char)108, (char)105, (char)110, (char)107, (char)105, (char)110, (char)103, (char)95, (char)102, (char)97, (char)115, (char)116> >, boost::ext::sml::v1_1_5::front::state<boost::ext::sml::v1_1_5::aux::string<char, (char)115, (char)116, (char)97, (char)116, (char)101, (char)95, (char)108, (char)101, (char)100, (char)95, (char)98, (char)108, (char)105, (char)110, (char)107, (char)105, (char)110, (char)103, (char)95, (char)115, (char)108, (char)111, (char)119> >, boost::ext::sml::v1_1_5::front::event<timer_event>, boost::ext::sml::v1_1_5::front::always, boost::ext::sml::v1_1_5::front::none>::transition(boost::ext::sml::v1_1_5::front::always const&, boost::ext::sml::v1_1_5::front::none const&)
                0x0000000008000aa4                boost::ext::sml::v1_1_5::front::transition<boost::ext::sml::v1_1_5::front::state<boost::ext::sml::v1_1_5::aux::string<char, (char)115, (char)116, (char)97, (char)116, (char)101, (char)95, (char)108, (char)101, (char)100, (char)95, (char)98, (char)108, (char)105, (char)110, (char)107, (char)105, (char)110, (char)103, (char)95, (char)102, (char)97, (char)115, (char)116> >, boost::ext::sml::v1_1_5::front::state<boost::ext::sml::v1_1_5::aux::string<char, (char)115, (char)116, (char)97, (char)116, (char)101, (char)95, (char)108, (char)101, (char)100, (char)95, (char)98, (char)108, (char)105, (char)110, (char)107, (char)105, (char)110, (char)103, (char)95, (char)115, (char)108, (char)111, (char)119> >, boost::ext::sml::v1_1_5::front::event<timer_event>, boost::ext::sml::v1_1_5::front::always, boost::ext::sml::v1_1_5::front::none>::transition(boost::ext::sml::v1_1_5::front::always const&, boost::ext::sml::v1_1_5::front::none const&)
 .text._ZN5boost3ext3sml6v1_1_53aux12zero_wrapperIUlvE_vEC2IJRKS5_EEEDpOT_
                0x0000000008000abe       0x18 Core/Src/main.o
 .text._ZN5boost3ext3sml6v1_1_55front10transitionIJNS3_5stateINS2_3aux6stringIcJLc115ELc116ELc97ELc116ELc101ELc95ELc108ELc101ELc100ELc95ELc98ELc108ELc105ELc110ELc107ELc105ELc110ELc103ELc95ELc102ELc97ELc115ELc116EEEEEENS3_13transition_eaINS3_5eventI11timer_eventEENS6_12zero_wrapperIUlvE_vEEEEEEC2ERKS9_RKSH_
                0x0000000008000ad6       0x26 Core/Src/main.o
 .text._ZN5boost3ext3sml6v1_1_55front10transitionIJNS3_5stateINS2_3aux6stringIcJLc115ELc116ELc97ELc116ELc101ELc95ELc108ELc101ELc100ELc95ELc111ELc110EEEEEENS5_INS7_IcJLc115ELc116ELc97ELc116ELc101ELc95ELc108ELc101ELc100ELc95ELc98ELc108ELc105ELc110ELc107ELc105ELc110ELc103ELc95ELc102ELc97ELc115ELc116EEEEEENS3_5eventI11timer_eventEENS3_6alwaysENS6_12zero_wrapperIUlvE_vEEEEC2ERKSF_RKSI_
                0x0000000008000afc       0x1a Core/Src/main.o
 .text._ZN5boost3ext3sml6v1_1_53aux12zero_wrapperIUlvE0_vEC2IJRKS5_EEEDpOT_
                0x0000000008000b16       0x18 Core/Src/main.o
 .text._ZN5boost3ext3sml6v1_1_55front10transitionIJNS3_5stateINS2_3aux6stringIcJLc115ELc116ELc97ELc116ELc101ELc95ELc108ELc101ELc100ELc95ELc111ELc110EEEEEENS3_13transition_eaINS3_5eventI11timer_eventEENS6_12zero_wrapperIUlvE0_vEEEEEEC2ERKS9_RKSH_
                0x0000000008000b2e       0x26 Core/Src/main.o
 .text._ZN5boost3ext3sml6v1_1_55front10transitionIJNS3_5stateINS2_3aux6stringIcJLc115ELc116ELc97ELc116ELc101ELc95ELc108ELc101ELc100ELc95ELc111ELc102ELc102EEEEEENS5_INS7_IcJLc115ELc116ELc97ELc116ELc101ELc95ELc108ELc101ELc100ELc95ELc111ELc110EEEEEENS3_5eventI11timer_eventEENS3_6alwaysENS6_12zero_wrapperIUlvE0_vEEEEC2ERKSF_RKSI_
                0x0000000008000b54       0x1a Core/Src/main.o
 .text._ZN5boost3ext3sml6v1_1_53aux9pool_typeINS2_5front10transitionIJNS5_5stateINS3_6stringIcJLc115ELc116ELc97ELc116ELc101ELc95ELc108ELc101ELc100ELc95ELc98ELc108ELc105ELc110ELc107ELc105ELc110ELc103ELc95ELc115ELc108ELc111ELc119EEEEEENS7_IFNS8_IcJLc115ELc116ELc97ELc116ELc101ELc95ELc108ELc101ELc100ELc95ELc111ELc102ELc102EEEENS5_13initial_stateEEEENS5_5eventI11timer_eventEENS5_6alwaysENS5_4noneEEEEECI2NS3_14pool_type_implISK_vEEESK_
                0x0000000008000b6e       0x1a Core/Src/main.o
                0x0000000008000b6e                boost::ext::sml::v1_1_5::aux::pool_type<boost::ext::sml::v1_1_5::front::transition<boost::ext::sml::v1_1_5::front::state<boost::ext::sml::v1_1_5::aux::string<char, (char)115, (char)116, (char)97, (char)116, (char)101, (char)95, (char)108, (char)101, (char)100, (char)95, (char)98, (char)108, (char)105, (char)110, (char)107, (char)105, (char)110, (char)103, (char)95, (char)115, (char)108, (char)111, (char)119> >, boost::ext::sml::v1_1_5::front::state<boost::ext::sml::v1_1_5::aux::string<char, (char)115, (char)116, (char)97, (char)116, (char)101, (char)95, (char)108, (char)101, (char)100, (char)95, (char)111, (char)102, (char)102> (boost::ext::sml::v1_1_5::front::initial_state)>, boost::ext::sml::v1_1_5::front::event<timer_event>, boost::ext::sml::v1_1_5::front::always, boost::ext::sml::v1_1_5::front::none> >::pool_type_impl(boost::ext::sml::v1_1_5::front::transition<boost::ext::sml::v1_1_5::front::state<boost::ext::sml::v1_1_5::aux::string<char, (char)115, (char)116, (char)97, (char)116, (char)101, (char)95, (char)108, (char)101, (char)100, (char)95, (char)98, (char)108, (char)105, (char)110, (char)107, (char)105, (char)110, (char)103, (char)95, (char)115, (char)108, (char)111, (char)119> >, boost::ext::sml::v1_1_5::front::state<boost::ext::sml::v1_1_5::aux::string<char, (char)115, (char)116, (char)97, (char)116, (char)101, (char)95, (char)108, (char)101, (char)100, (char)95, (char)111, (char)102, (char)102> (boost::ext::sml::v1_1_5::front::initial_state)>, boost::ext::sml::v1_1_5::front::event<timer_event>, boost::ext::sml::v1_1_5::front::always, boost::ext::sml::v1_1_5::front::none>)
                0x0000000008000b6e                boost::ext::sml::v1_1_5::aux::pool_type<boost::ext::sml::v1_1_5::front::transition<boost::ext::sml::v1_1_5::front::state<boost::ext::sml::v1_1_5::aux::string<char, (char)115, (char)116, (char)97, (char)116, (char)101, (char)95, (char)108, (char)101, (char)100, (char)95, (char)98, (char)108, (char)105, (char)110, (char)107, (char)105, (char)110, (char)103, (char)95, (char)115, (char)108, (char)111, (char)119> >, boost::ext::sml::v1_1_5::front::state<boost::ext::sml::v1_1_5::aux::string<char, (char)115, (char)116, (char)97, (char)116, (char)101, (char)95, (char)108, (char)101, (char)100, (char)95, (char)111, (char)102, (char)102> (boost::ext::sml::v1_1_5::front::initial_state)>, boost::ext::sml::v1_1_5::front::event<timer_event>, boost::ext::sml::v1_1_5::front::always, boost::ext::sml::v1_1_5::front::none> >::pool_type_impl(boost::ext::sml::v1_1_5::front::transition<boost::ext::sml::v1_1_5::front::state<boost::ext::sml::v1_1_5::aux::string<char, (char)115, (char)116, (char)97, (char)116, (char)101, (char)95, (char)108, (char)101, (char)100, (char)95, (char)98, (char)108, (char)105, (char)110, (char)107, (char)105, (char)110, (char)103, (char)95, (char)115, (char)108, (char)111, (char)119> >, boost::ext::sml::v1_1_5::front::state<boost::ext::sml::v1_1_5::aux::string<char, (char)115, (char)116, (char)97, (char)116, (char)101, (char)95, (char)108, (char)101, (char)100, (char)95, (char)111, (char)102, (char)102> (boost::ext::sml::v1_1_5::front::initial_state)>, boost::ext::sml::v1_1_5::front::event<timer_event>, boost::ext::sml::v1_1_5::front::always, boost::ext::sml::v1_1_5::front::none>)
 .text._ZN5boost3ext3sml6v1_1_53aux9pool_typeINS2_5front10transitionIJNS5_5stateINS3_6stringIcJLc115ELc116ELc97ELc116ELc101ELc95ELc108ELc101ELc100ELc95ELc98ELc108ELc105ELc110ELc107ELc105ELc110ELc103ELc95ELc102ELc97ELc115ELc116EEEEEENS7_INS8_IcJLc115ELc116ELc97ELc116ELc101ELc95ELc108ELc101ELc100ELc95ELc98ELc108ELc105ELc110ELc107ELc105ELc110ELc103ELc95ELc115ELc108ELc111ELc119EEEEEENS5_5eventI11timer_eventEENS5_6alwaysENS5_4noneEEEEECI2NS3_14pool_type_implISI_vEEESI_
                0x0000000008000b88       0x1a Core/Src/main.o
                0x0000000008000b88                boost::ext::sml::v1_1_5::aux::pool_type<boost::ext::sml::v1_1_5::front::transition<boost::ext::sml::v1_1_5::front::state<boost::ext::sml::v1_1_5::aux::string<char, (char)115, (char)116, (char)97, (char)116, (char)101, (char)95, (char)108, (char)101, (char)100, (char)95, (char)98, (char)108, (char)105, (char)110, (char)107, (char)105, (char)110, (char)103, (char)95, (char)102, (char)97, (char)115, (char)116> >, boost::ext::sml::v1_1_5::front::state<boost::ext::sml::v1_1_5::aux::string<char, (char)115, (char)116, (char)97, (char)116, (char)101, (char)95, (char)108, (char)101, (char)100, (char)95, (char)98, (char)108, (char)105, (char)110, (char)107, (char)105, (char)110, (char)103, (char)95, (char)115, (char)108, (char)111, (char)119> >, boost::ext::sml::v1_1_5::front::event<timer_event>, boost::ext::sml::v1_1_5::front::always, boost::ext::sml::v1_1_5::front::none> >::pool_type_impl(boost::ext::sml::v1_1_5::front::transition<boost::ext::sml::v1_1_5::front::state<boost::ext::sml::v1_1_5::aux::string<char, (char)115, (char)116, (char)97, (char)116, (char)101, (char)95, (char)108, (char)101, (char)100, (char)95, (char)98, (char)108, (char)105, (char)110, (char)107, (char)105, (char)110, (char)103, (char)95, (char)102, (char)97, (char)115, (char)116> >, boost::ext::sml::v1_1_5::front::state<boost::ext::sml::v1_1_5::aux::string<char, (char)115, (char)116, (char)97, (char)116, (char)101, (char)95, (char)108, (char)101, (char)100, (char)95, (char)98, (char)108, (char)105, (char)110, (char)107, (char)105, (char)110, (char)103, (char)95, (char)115, (char)108, (char)111, (char)119> >, boost::ext::sml::v1_1_5::front::event<timer_event>, boost::ext::sml::v1_1_5::front::always, boost::ext::sml::v1_1_5::front::none>)
                0x0000000008000b88                boost::ext::sml::v1_1_5::aux::pool_type<boost::ext::sml::v1_1_5::front::transition<boost::ext::sml::v1_1_5::front::state<boost::ext::sml::v1_1_5::aux::string<char, (char)115, (char)116, (char)97, (char)116, (char)101, (char)95, (char)108, (char)101, (char)100, (char)95, (char)98, (char)108, (char)105, (char)110, (char)107, (char)105, (char)110, (char)103, (char)95, (char)102, (char)97, (char)115, (char)116> >, boost::ext::sml::v1_1_5::front::state<boost::ext::sml::v1_1_5::aux::string<char, (char)115, (char)116, (char)97, (char)116, (char)101, (char)95, (char)108, (char)101, (char)100, (char)95, (char)98, (char)108, (char)105, (char)110, (char)107, (char)105, (char)110, (char)103, (char)95, (char)115, (char)108, (char)111, (char)119> >, boost::ext::sml::v1_1_5::front::event<timer_event>, boost::ext::sml::v1_1_5::front::always, boost::ext::sml::v1_1_5::front::none> >::pool_type_impl(boost::ext::sml::v1_1_5::front::transition<boost::ext::sml::v1_1_5::front::state<boost::ext::sml::v1_1_5::aux::string<char, (char)115, (char)116, (char)97, (char)116, (char)101, (char)95, (char)108, (char)101, (char)100, (char)95, (char)98, (char)108, (char)105, (char)110, (char)107, (char)105, (char)110, (char)103, (char)95, (char)102, (char)97, (char)115, (char)116> >, boost::ext::sml::v1_1_5::front::state<boost::ext::sml::v1_1_5::aux::string<char, (char)115, (char)116, (char)97, (char)116, (char)101, (char)95, (char)108, (char)101, (char)100, (char)95, (char)98, (char)108, (char)105, (char)110, (char)107, (char)105, (char)110, (char)103, (char)95, (char)115, (char)108, (char)111, (char)119> >, boost::ext::sml::v1_1_5::front::event<timer_event>, boost::ext::sml::v1_1_5::front::always, boost::ext::sml::v1_1_5::front::none>)
 .text._ZN5boost3ext3sml6v1_1_53aux9pool_typeINS2_5front10transitionIJNS5_5stateINS3_6stringIcJLc115ELc116ELc97ELc116ELc101ELc95ELc108ELc101ELc100ELc95ELc111ELc110EEEEEENS7_INS8_IcJLc115ELc116ELc97ELc116ELc101ELc95ELc108ELc101ELc100ELc95ELc98ELc108ELc105ELc110ELc107ELc105ELc110ELc103ELc95ELc102ELc97ELc115ELc116EEEEEENS5_5eventI11timer_eventEENS5_6alwaysENS3_12zero_wrapperIUlvE_vEEEEEECI2NS3_14pool_type_implISK_vEEESK_
                0x0000000008000ba2       0x1a Core/Src/main.o
 .text._ZN5boost3ext3sml6v1_1_53aux9pool_typeINS2_5front10transitionIJNS5_5stateINS3_6stringIcJLc115ELc116ELc97ELc116ELc101ELc95ELc108ELc101ELc100ELc95ELc111ELc102ELc102EEEEEENS7_INS8_IcJLc115ELc116ELc97ELc116ELc101ELc95ELc108ELc101ELc100ELc95ELc111ELc110EEEEEENS5_5eventI11timer_eventEENS5_6alwaysENS3_12zero_wrapperIUlvE0_vEEEEEECI2NS3_14pool_type_implISK_vEEESK_
                0x0000000008000bbc       0x1a Core/Src/main.o
 .text._ZN5boost3ext3sml6v1_1_53aux4poolIJNS2_5front10transitionIJNS5_5stateINS3_6stringIcJLc115ELc116ELc97ELc116ELc101ELc95ELc108ELc101ELc100ELc95ELc98ELc108ELc105ELc110ELc107ELc105ELc110ELc103ELc95ELc115ELc108ELc111ELc119EEEEEENS7_IFNS8_IcJLc115ELc116ELc97ELc116ELc101ELc95ELc108ELc101ELc100ELc95ELc111ELc102ELc102EEEENS5_13initial_stateEEEENS5_5eventI11timer_eventEENS5_6alwaysENS5_4noneEEEENS6_IJNS7_INS8_IcJLc115ELc116ELc97ELc116ELc101ELc95ELc108ELc101ELc100ELc95ELc98ELc108ELc105ELc110ELc107ELc105ELc110ELc103ELc95ELc102ELc97ELc115ELc116EEEEEESA_SH_SI_SJ_EEENS6_IJNS7_INS8_IcJLc115ELc116ELc97ELc116ELc101ELc95ELc108ELc101ELc100ELc95ELc111ELc110EEEEEESM_SH_SI_NS3_12zero_wrapperIUlvE_vEEEEENS6_IJNS7_ISB_EESP_SH_SI_NSQ_IUlvE0_vEEEEEEEC2ESK_SN_ST_SX_
                0x0000000008000bd6       0x32 Core/Src/main.o
 .text._ZN5boost3ext3sml6v1_1_54back2smINS3_9sm_policyI11BlinkingLEDJEEEEC2Ev
                0x0000000008000c08       0x40 Core/Src/main.o
                0x0000000008000c08                boost::ext::sml::v1_1_5::back::sm<boost::ext::sml::v1_1_5::back::sm_policy<BlinkingLED> >::sm()
                0x0000000008000c08                boost::ext::sml::v1_1_5::back::sm<boost::ext::sml::v1_1_5::back::sm_policy<BlinkingLED> >::sm()
 .text._ZN5boost3ext3sml6v1_1_54back2smINS3_9sm_policyI11BlinkingLEDJEEEE13process_eventI11timer_eventLi0EEEbRKT_
                0x0000000008000c48       0x26 Core/Src/main.o
                0x0000000008000c48                bool boost::ext::sml::v1_1_5::back::sm<boost::ext::sml::v1_1_5::back::sm_policy<BlinkingLED> >::process_event<timer_event, 0>(timer_event const&)
 .text._ZN5boost3ext3sml6v1_1_53aux6get_idIhNS3_6stringIcJLc115ELc116ELc97ELc116ELc101ELc95ELc108ELc101ELc100ELc95ELc98ELc108ELc105ELc110ELc107ELc105ELc110ELc103ELc95ELc115ELc108ELc111ELc119EEEELi1EEET_PNS3_12type_id_typeIXT1_ET0_EE
                0x0000000008000c6e       0x16 Core/Src/main.o
                0x0000000008000c6e                unsigned char boost::ext::sml::v1_1_5::aux::get_id<unsigned char, boost::ext::sml::v1_1_5::aux::string<char, (char)115, (char)116, (char)97, (char)116, (char)101, (char)95, (char)108, (char)101, (char)100, (char)95, (char)98, (char)108, (char)105, (char)110, (char)107, (char)105, (char)110, (char)103, (char)95, (char)115, (char)108, (char)111, (char)119>, 1>(boost::ext::sml::v1_1_5::aux::type_id_type<1, boost::ext::sml::v1_1_5::aux::string<char, (char)115, (char)116, (char)97, (char)116, (char)101, (char)95, (char)108, (char)101, (char)100, (char)95, (char)98, (char)108, (char)105, (char)110, (char)107, (char)105, (char)110, (char)103, (char)95, (char)115, (char)108, (char)111, (char)119> >*)
 .text._ZNK5boost3ext3sml6v1_1_54back2smINS3_9sm_policyI11BlinkingLEDJEEEE2isINS2_3aux8identityIS6_EENS2_5front5stateINSA_6stringIcJLc115ELc116ELc97ELc116ELc101ELc95ELc108ELc101ELc100ELc95ELc98ELc108ELc105ELc110ELc107ELc105ELc110ELc103ELc95ELc115ELc108ELc111ELc119EEEEEEEEbRKT0_
                0x0000000008000c84       0x32 Core/Src/main.o
                0x0000000008000c84                bool boost::ext::sml::v1_1_5::back::sm<boost::ext::sml::v1_1_5::back::sm_policy<BlinkingLED> >::is<boost::ext::sml::v1_1_5::aux::identity<BlinkingLED>, boost::ext::sml::v1_1_5::front::state<boost::ext::sml::v1_1_5::aux::string<char, (char)115, (char)116, (char)97, (char)116, (char)101, (char)95, (char)108, (char)101, (char)100, (char)95, (char)98, (char)108, (char)105, (char)110, (char)107, (char)105, (char)110, (char)103, (char)95, (char)115, (char)108, (char)111, (char)119> > >(boost::ext::sml::v1_1_5::front::state<boost::ext::sml::v1_1_5::aux::string<char, (char)115, (char)116, (char)97, (char)116, (char)101, (char)95, (char)108, (char)101, (char)100, (char)95, (char)98, (char)108, (char)105, (char)110, (char)107, (char)105, (char)110, (char)103, (char)95, (char)115, (char)108, (char)111, (char)119> > const&) const
 .text._ZN5boost3ext3sml6v1_1_53aux6get_idIhNS3_6stringIcJLc115ELc116ELc97ELc116ELc101ELc95ELc108ELc101ELc100ELc95ELc98ELc108ELc105ELc110ELc107ELc105ELc110ELc103ELc95ELc102ELc97ELc115ELc116EEEELi2EEET_PNS3_12type_id_typeIXT1_ET0_EE
                0x0000000008000cb6       0x16 Core/Src/main.o
                0x0000000008000cb6                unsigned char boost::ext::sml::v1_1_5::aux::get_id<unsigned char, boost::ext::sml::v1_1_5::aux::string<char, (char)115, (char)116, (char)97, (char)116, (char)101, (char)95, (char)108, (char)101, (char)100, (char)95, (char)98, (char)108, (char)105, (char)110, (char)107, (char)105, (char)110, (char)103, (char)95, (char)102, (char)97, (char)115, (char)116>, 2>(boost::ext::sml::v1_1_5::aux::type_id_type<2, boost::ext::sml::v1_1_5::aux::string<char, (char)115, (char)116, (char)97, (char)116, (char)101, (char)95, (char)108, (char)101, (char)100, (char)95, (char)98, (char)108, (char)105, (char)110, (char)107, (char)105, (char)110, (char)103, (char)95, (char)102, (char)97, (char)115, (char)116> >*)
 .text._ZNK5boost3ext3sml6v1_1_54back2smINS3_9sm_policyI11BlinkingLEDJEEEE2isINS2_3aux8identityIS6_EENS2_5front5stateINSA_6stringIcJLc115ELc116ELc97ELc116ELc101ELc95ELc108ELc101ELc100ELc95ELc98ELc108ELc105ELc110ELc107ELc105ELc110ELc103ELc95ELc102ELc97ELc115ELc116EEEEEEEEbRKT0_
                0x0000000008000ccc       0x32 Core/Src/main.o
                0x0000000008000ccc                bool boost::ext::sml::v1_1_5::back::sm<boost::ext::sml::v1_1_5::back::sm_policy<BlinkingLED> >::is<boost::ext::sml::v1_1_5::aux::identity<BlinkingLED>, boost::ext::sml::v1_1_5::front::state<boost::ext::sml::v1_1_5::aux::string<char, (char)115, (char)116, (char)97, (char)116, (char)101, (char)95, (char)108, (char)101, (char)100, (char)95, (char)98, (char)108, (char)105, (char)110, (char)107, (char)105, (char)110, (char)103, (char)95, (char)102, (char)97, (char)115, (char)116> > >(boost::ext::sml::v1_1_5::front::state<boost::ext::sml::v1_1_5::aux::string<char, (char)115, (char)116, (char)97, (char)116, (char)101, (char)95, (char)108, (char)101, (char)100, (char)95, (char)98, (char)108, (char)105, (char)110, (char)107, (char)105, (char)110, (char)103, (char)95, (char)102, (char)97, (char)115, (char)116> > const&) const
 .text._ZN5boost3ext3sml6v1_1_55front10transitionIJNS3_5stateINS3_8internalEEENS5_INS2_3aux6stringIcJLc115ELc116ELc97ELc116ELc101ELc95ELc108ELc101ELc100ELc95ELc98ELc108ELc105ELc110ELc107ELc105ELc110ELc103ELc95ELc102ELc97ELc115ELc116EEEEEENS3_5eventI11timer_eventEENS3_6alwaysENS8_12zero_wrapperIUlvE_vEEEEC2ERKSF_RKSI_
                0x0000000008000cfe       0x1a Core/Src/main.o
 .text._ZN5boost3ext3sml6v1_1_55front10transitionIJNS3_5stateINS3_8internalEEENS5_INS2_3aux6stringIcJLc115ELc116ELc97ELc116ELc101ELc95ELc108ELc101ELc100ELc95ELc111ELc110EEEEEENS3_5eventI11timer_eventEENS3_6alwaysENS8_12zero_wrapperIUlvE0_vEEEEC2ERKSF_RKSI_
                0x0000000008000d18       0x1a Core/Src/main.o
 .text._ZN5boost3ext3sml6v1_1_53aux14pool_type_implINS2_5front10transitionIJNS5_5stateINS3_6stringIcJLc115ELc116ELc97ELc116ELc101ELc95ELc108ELc101ELc100ELc95ELc98ELc108ELc105ELc110ELc107ELc105ELc110ELc103ELc95ELc115ELc108ELc111ELc119EEEEEENS7_IFNS8_IcJLc115ELc116ELc97ELc116ELc101ELc95ELc108ELc101ELc100ELc95ELc111ELc102ELc102EEEENS5_13initial_stateEEEENS5_5eventI11timer_eventEENS5_6alwaysENS5_4noneEEEEvEC2ESK_
                0x0000000008000d32       0x16 Core/Src/main.o
                0x0000000008000d32                boost::ext::sml::v1_1_5::aux::pool_type_impl<boost::ext::sml::v1_1_5::front::transition<boost::ext::sml::v1_1_5::front::state<boost::ext::sml::v1_1_5::aux::string<char, (char)115, (char)116, (char)97, (char)116, (char)101, (char)95, (char)108, (char)101, (char)100, (char)95, (char)98, (char)108, (char)105, (char)110, (char)107, (char)105, (char)110, (char)103, (char)95, (char)115, (char)108, (char)111, (char)119> >, boost::ext::sml::v1_1_5::front::state<boost::ext::sml::v1_1_5::aux::string<char, (char)115, (char)116, (char)97, (char)116, (char)101, (char)95, (char)108, (char)101, (char)100, (char)95, (char)111, (char)102, (char)102> (boost::ext::sml::v1_1_5::front::initial_state)>, boost::ext::sml::v1_1_5::front::event<timer_event>, boost::ext::sml::v1_1_5::front::always, boost::ext::sml::v1_1_5::front::none>, void>::pool_type_impl(boost::ext::sml::v1_1_5::front::transition<boost::ext::sml::v1_1_5::front::state<boost::ext::sml::v1_1_5::aux::string<char, (char)115, (char)116, (char)97, (char)116, (char)101, (char)95, (char)108, (char)101, (char)100, (char)95, (char)98, (char)108, (char)105, (char)110, (char)107, (char)105, (char)110, (char)103, (char)95, (char)115, (char)108, (char)111, (char)119> >, boost::ext::sml::v1_1_5::front::state<boost::ext::sml::v1_1_5::aux::string<char, (char)115, (char)116, (char)97, (char)116, (char)101, (char)95, (char)108, (char)101, (char)100, (char)95, (char)111, (char)102, (char)102> (boost::ext::sml::v1_1_5::front::initial_state)>, boost::ext::sml::v1_1_5::front::event<timer_event>, boost::ext::sml::v1_1_5::front::always, boost::ext::sml::v1_1_5::front::none>)
                0x0000000008000d32                boost::ext::sml::v1_1_5::aux::pool_type_impl<boost::ext::sml::v1_1_5::front::transition<boost::ext::sml::v1_1_5::front::state<boost::ext::sml::v1_1_5::aux::string<char, (char)115, (char)116, (char)97, (char)116, (char)101, (char)95, (char)108, (char)101, (char)100, (char)95, (char)98, (char)108, (char)105, (char)110, (char)107, (char)105, (char)110, (char)103, (char)95, (char)115, (char)108, (char)111, (char)119> >, boost::ext::sml::v1_1_5::front::state<boost::ext::sml::v1_1_5::aux::string<char, (char)115, (char)116, (char)97, (char)116, (char)101, (char)95, (char)108, (char)101, (char)100, (char)95, (char)111, (char)102, (char)102> (boost::ext::sml::v1_1_5::front::initial_state)>, boost::ext::sml::v1_1_5::front::event<timer_event>, boost::ext::sml::v1_1_5::front::always, boost::ext::sml::v1_1_5::front::none>, void>::pool_type_impl(boost::ext::sml::v1_1_5::front::transition<boost::ext::sml::v1_1_5::front::state<boost::ext::sml::v1_1_5::aux::string<char, (char)115, (char)116, (char)97, (char)116, (char)101, (char)95, (char)108, (char)101, (char)100, (char)95, (char)98, (char)108, (char)105, (char)110, (char)107, (char)105, (char)110, (char)103, (char)95, (char)115, (char)108, (char)111, (char)119> >, boost::ext::sml::v1_1_5::front::state<boost::ext::sml::v1_1_5::aux::string<char, (char)115, (char)116, (char)97, (char)116, (char)101, (char)95, (char)108, (char)101, (char)100, (char)95, (char)111, (char)102, (char)102> (boost::ext::sml::v1_1_5::front::initial_state)>, boost::ext::sml::v1_1_5::front::event<timer_event>, boost::ext::sml::v1_1_5::front::always, boost::ext::sml::v1_1_5::front::none>)
 .text._ZN5boost3ext3sml6v1_1_53aux14pool_type_implINS2_5front10transitionIJNS5_5stateINS3_6stringIcJLc115ELc116ELc97ELc116ELc101ELc95ELc108ELc101ELc100ELc95ELc98ELc108ELc105ELc110ELc107ELc105ELc110ELc103ELc95ELc102ELc97ELc115ELc116EEEEEENS7_INS8_IcJLc115ELc116ELc97ELc116ELc101ELc95ELc108ELc101ELc100ELc95ELc98ELc108ELc105ELc110ELc107ELc105ELc110ELc103ELc95ELc115ELc108ELc111ELc119EEEEEENS5_5eventI11timer_eventEENS5_6alwaysENS5_4noneEEEEvEC2ESI_
                0x0000000008000d48       0x16 Core/Src/main.o
                0x0000000008000d48                boost::ext::sml::v1_1_5::aux::pool_type_impl<boost::ext::sml::v1_1_5::front::transition<boost::ext::sml::v1_1_5::front::state<boost::ext::sml::v1_1_5::aux::string<char, (char)115, (char)116, (char)97, (char)116, (char)101, (char)95, (char)108, (char)101, (char)100, (char)95, (char)98, (char)108, (char)105, (char)110, (char)107, (char)105, (char)110, (char)103, (char)95, (char)102, (char)97, (char)115, (char)116> >, boost::ext::sml::v1_1_5::front::state<boost::ext::sml::v1_1_5::aux::string<char, (char)115, (char)116, (char)97, (char)116, (char)101, (char)95, (char)108, (char)101, (char)100, (char)95, (char)98, (char)108, (char)105, (char)110, (char)107, (char)105, (char)110, (char)103, (char)95, (char)115, (char)108, (char)111, (char)119> >, boost::ext::sml::v1_1_5::front::event<timer_event>, boost::ext::sml::v1_1_5::front::always, boost::ext::sml::v1_1_5::front::none>, void>::pool_type_impl(boost::ext::sml::v1_1_5::front::transition<boost::ext::sml::v1_1_5::front::state<boost::ext::sml::v1_1_5::aux::string<char, (char)115, (char)116, (char)97, (char)116, (char)101, (char)95, (char)108, (char)101, (char)100, (char)95, (char)98, (char)108, (char)105, (char)110, (char)107, (char)105, (char)110, (char)103, (char)95, (char)102, (char)97, (char)115, (char)116> >, boost::ext::sml::v1_1_5::front::state<boost::ext::sml::v1_1_5::aux::string<char, (char)115, (char)116, (char)97, (char)116, (char)101, (char)95, (char)108, (char)101, (char)100, (char)95, (char)98, (char)108, (char)105, (char)110, (char)107, (char)105, (char)110, (char)103, (char)95, (char)115, (char)108, (char)111, (char)119> >, boost::ext::sml::v1_1_5::front::event<timer_event>, boost::ext::sml::v1_1_5::front::always, boost::ext::sml::v1_1_5::front::none>)
                0x0000000008000d48                boost::ext::sml::v1_1_5::aux::pool_type_impl<boost::ext::sml::v1_1_5::front::transition<boost::ext::sml::v1_1_5::front::state<boost::ext::sml::v1_1_5::aux::string<char, (char)115, (char)116, (char)97, (char)116, (char)101, (char)95, (char)108, (char)101, (char)100, (char)95, (char)98, (char)108, (char)105, (char)110, (char)107, (char)105, (char)110, (char)103, (char)95, (char)102, (char)97, (char)115, (char)116> >, boost::ext::sml::v1_1_5::front::state<boost::ext::sml::v1_1_5::aux::string<char, (char)115, (char)116, (char)97, (char)116, (char)101, (char)95, (char)108, (char)101, (char)100, (char)95, (char)98, (char)108, (char)105, (char)110, (char)107, (char)105, (char)110, (char)103, (char)95, (char)115, (char)108, (char)111, (char)119> >, boost::ext::sml::v1_1_5::front::event<timer_event>, boost::ext::sml::v1_1_5::front::always, boost::ext::sml::v1_1_5::front::none>, void>::pool_type_impl(boost::ext::sml::v1_1_5::front::transition<boost::ext::sml::v1_1_5::front::state<boost::ext::sml::v1_1_5::aux::string<char, (char)115, (char)116, (char)97, (char)116, (char)101, (char)95, (char)108, (char)101, (char)100, (char)95, (char)98, (char)108, (char)105, (char)110, (char)107, (char)105, (char)110, (char)103, (char)95, (char)102, (char)97, (char)115, (char)116> >, boost::ext::sml::v1_1_5::front::state<boost::ext::sml::v1_1_5::aux::string<char, (char)115, (char)116, (char)97, (char)116, (char)101, (char)95, (char)108, (char)101, (char)100, (char)95, (char)98, (char)108, (char)105, (char)110, (char)107, (char)105, (char)110, (char)103, (char)95, (char)115, (char)108, (char)111, (char)119> >, boost::ext::sml::v1_1_5::front::event<timer_event>, boost::ext::sml::v1_1_5::front::always, boost::ext::sml::v1_1_5::front::none>)
 .text._ZN5boost3ext3sml6v1_1_53aux14pool_type_implINS2_5front10transitionIJNS5_5stateINS3_6stringIcJLc115ELc116ELc97ELc116ELc101ELc95ELc108ELc101ELc100ELc95ELc111ELc110EEEEEENS7_INS8_IcJLc115ELc116ELc97ELc116ELc101ELc95ELc108ELc101ELc100ELc95ELc98ELc108ELc105ELc110ELc107ELc105ELc110ELc103ELc95ELc102ELc97ELc115ELc116EEEEEENS5_5eventI11timer_eventEENS5_6alwaysENS3_12zero_wrapperIUlvE_vEEEEEvEC2ESK_
                0x0000000008000d5e       0x16 Core/Src/main.o
 .text._ZN5boost3ext3sml6v1_1_53aux14pool_type_implINS2_5front10transitionIJNS5_5stateINS3_6stringIcJLc115ELc116ELc97ELc116ELc101ELc95ELc108ELc101ELc100ELc95ELc111ELc102ELc102EEEEEENS7_INS8_IcJLc115ELc116ELc97ELc116ELc101ELc95ELc108ELc101ELc100ELc95ELc111ELc110EEEEEENS5_5eventI11timer_eventEENS5_6alwaysENS3_12zero_wrapperIUlvE0_vEEEEEvEC2ESK_
                0x0000000008000d74       0x16 Core/Src/main.o
 .text._ZN5boost3ext3sml6v1_1_53aux4poolIJEEC2IJNS3_4initES5_EEEDpOT_
                0x0000000008000d8a       0x1a Core/Src/main.o
                0x0000000008000d8a                boost::ext::sml::v1_1_5::aux::pool<>::pool<boost::ext::sml::v1_1_5::aux::init, boost::ext::sml::v1_1_5::aux::pool<> >(boost::ext::sml::v1_1_5::aux::init&&, boost::ext::sml::v1_1_5::aux::pool<>&&)
                0x0000000008000d8a                boost::ext::sml::v1_1_5::aux::pool<>::pool<boost::ext::sml::v1_1_5::aux::init, boost::ext::sml::v1_1_5::aux::pool<> >(boost::ext::sml::v1_1_5::aux::init&&, boost::ext::sml::v1_1_5::aux::pool<>&&)
 .text._ZN5boost3ext3sml6v1_1_53aux9pool_typeINS2_4back7sm_implINS5_9sm_policyI11BlinkingLEDJEEEEEECI2NS3_14pool_type_implISA_vEEINS3_4poolIJEEEEENS3_4initET_
                0x0000000008000da4       0x1e Core/Src/main.o
                0x0000000008000da4                boost::ext::sml::v1_1_5::aux::pool_type<boost::ext::sml::v1_1_5::back::sm_impl<boost::ext::sml::v1_1_5::back::sm_policy<BlinkingLED> > >::pool_type_impl<boost::ext::sml::v1_1_5::aux::pool<> >(boost::ext::sml::v1_1_5::aux::init, boost::ext::sml::v1_1_5::aux::pool<>)
                0x0000000008000da4                boost::ext::sml::v1_1_5::aux::pool_type<boost::ext::sml::v1_1_5::back::sm_impl<boost::ext::sml::v1_1_5::back::sm_policy<BlinkingLED> > >::pool_type_impl<boost::ext::sml::v1_1_5::aux::pool<> >(boost::ext::sml::v1_1_5::aux::init, boost::ext::sml::v1_1_5::aux::pool<>)
 .text._ZN5boost3ext3sml6v1_1_53aux4poolIJNS2_4back7sm_implINS5_9sm_policyI11BlinkingLEDJEEEEEEEC2IJEEERKNS4_IJDpT_EEE
                0x0000000008000dc2       0x1e Core/Src/main.o
                0x0000000008000dc2                boost::ext::sml::v1_1_5::aux::pool<boost::ext::sml::v1_1_5::back::sm_impl<boost::ext::sml::v1_1_5::back::sm_policy<BlinkingLED> > >::pool<>(boost::ext::sml::v1_1_5::aux::pool<> const&)
                0x0000000008000dc2                boost::ext::sml::v1_1_5::aux::pool<boost::ext::sml::v1_1_5::back::sm_impl<boost::ext::sml::v1_1_5::back::sm_policy<BlinkingLED> > >::pool<>(boost::ext::sml::v1_1_5::aux::pool<> const&)
 .text._ZN5boost3ext3sml6v1_1_53aux3getINS2_4back7sm_implINS5_9sm_policyI11BlinkingLEDJEEEEENS3_4poolIJSA_EEEEERT_RT0_
                0x0000000008000de0       0x16 Core/Src/main.o
                0x0000000008000de0                boost::ext::sml::v1_1_5::back::sm_impl<boost::ext::sml::v1_1_5::back::sm_policy<BlinkingLED> >& boost::ext::sml::v1_1_5::aux::get<boost::ext::sml::v1_1_5::back::sm_impl<boost::ext::sml::v1_1_5::back::sm_policy<BlinkingLED> >, boost::ext::sml::v1_1_5::aux::pool<boost::ext::sml::v1_1_5::back::sm_impl<boost::ext::sml::v1_1_5::back::sm_policy<BlinkingLED> > > >(boost::ext::sml::v1_1_5::aux::pool<boost::ext::sml::v1_1_5::back::sm_impl<boost::ext::sml::v1_1_5::back::sm_policy<BlinkingLED> > >&)
 .text._ZN5boost3ext3sml6v1_1_54back7sm_implINS3_9sm_policyI11BlinkingLEDJEEEE5startINS2_3aux4poolIJEEENSB_IJS8_EEEEEvRT_RT0_
                0x0000000008000df6       0x32 Core/Src/main.o
                0x0000000008000df6                void boost::ext::sml::v1_1_5::back::sm_impl<boost::ext::sml::v1_1_5::back::sm_policy<BlinkingLED> >::start<boost::ext::sml::v1_1_5::aux::pool<>, boost::ext::sml::v1_1_5::aux::pool<boost::ext::sml::v1_1_5::back::sm_impl<boost::ext::sml::v1_1_5::back::sm_policy<BlinkingLED> > > >(boost::ext::sml::v1_1_5::aux::pool<>&, boost::ext::sml::v1_1_5::aux::pool<boost::ext::sml::v1_1_5::back::sm_impl<boost::ext::sml::v1_1_5::back::sm_policy<BlinkingLED> > >&)
 .text._ZN5boost3ext3sml6v1_1_54back7sm_implINS3_9sm_policyI11BlinkingLEDJEEEE13process_eventI11timer_eventNS2_3aux4poolIJEEENSC_IJS8_EEEEEbRKT_RT0_RT1_
                0x0000000008000e28       0x84 Core/Src/main.o
                0x0000000008000e28                bool boost::ext::sml::v1_1_5::back::sm_impl<boost::ext::sml::v1_1_5::back::sm_policy<BlinkingLED> >::process_event<timer_event, boost::ext::sml::v1_1_5::aux::pool<>, boost::ext::sml::v1_1_5::aux::pool<boost::ext::sml::v1_1_5::back::sm_impl<boost::ext::sml::v1_1_5::back::sm_policy<BlinkingLED> > > >(timer_event const&, boost::ext::sml::v1_1_5::aux::pool<>&, boost::ext::sml::v1_1_5::aux::pool<boost::ext::sml::v1_1_5::back::sm_impl<boost::ext::sml::v1_1_5::back::sm_policy<BlinkingLED> > >&)
 .text._ZN5boost3ext3sml6v1_1_53aux4cgetINS2_4back7sm_implINS5_9sm_policyI11BlinkingLEDJEEEEENS3_4poolIJSA_EEEEERKT_RKT0_
                0x0000000008000eac       0x16 Core/Src/main.o
                0x0000000008000eac                boost::ext::sml::v1_1_5::back::sm_impl<boost::ext::sml::v1_1_5::back::sm_policy<BlinkingLED> > const& boost::ext::sml::v1_1_5::aux::cget<boost::ext::sml::v1_1_5::back::sm_impl<boost::ext::sml::v1_1_5::back::sm_policy<BlinkingLED> >, boost::ext::sml::v1_1_5::aux::pool<boost::ext::sml::v1_1_5::back::sm_impl<boost::ext::sml::v1_1_5::back::sm_policy<BlinkingLED> > > >(boost::ext::sml::v1_1_5::aux::pool<boost::ext::sml::v1_1_5::back::sm_impl<boost::ext::sml::v1_1_5::back::sm_policy<BlinkingLED> > > const&)
 .text._ZN5boost3ext3sml6v1_1_53aux14pool_type_implINS2_4back7sm_implINS5_9sm_policyI11BlinkingLEDJEEEEEvEC2INS3_4poolIJEEEEENS3_4initET_
                0x0000000008000ec2       0x20 Core/Src/main.o
                0x0000000008000ec2                boost::ext::sml::v1_1_5::aux::pool_type_impl<boost::ext::sml::v1_1_5::back::sm_impl<boost::ext::sml::v1_1_5::back::sm_policy<BlinkingLED> >, void>::pool_type_impl<boost::ext::sml::v1_1_5::aux::pool<> >(boost::ext::sml::v1_1_5::aux::init, boost::ext::sml::v1_1_5::aux::pool<>)
                0x0000000008000ec2                boost::ext::sml::v1_1_5::aux::pool_type_impl<boost::ext::sml::v1_1_5::back::sm_impl<boost::ext::sml::v1_1_5::back::sm_policy<BlinkingLED> >, void>::pool_type_impl<boost::ext::sml::v1_1_5::aux::pool<> >(boost::ext::sml::v1_1_5::aux::init, boost::ext::sml::v1_1_5::aux::pool<>)
 .text._ZN5boost3ext3sml6v1_1_54back8on_entryINS3_1_ENS3_7initialEEC2ERKS6_
                0x0000000008000ee2       0x1e Core/Src/main.o
                0x0000000008000ee2                boost::ext::sml::v1_1_5::back::on_entry<boost::ext::sml::v1_1_5::back::_, boost::ext::sml::v1_1_5::back::initial>::on_entry(boost::ext::sml::v1_1_5::back::initial const&)
                0x0000000008000ee2                boost::ext::sml::v1_1_5::back::on_entry<boost::ext::sml::v1_1_5::back::_, boost::ext::sml::v1_1_5::back::initial>::on_entry(boost::ext::sml::v1_1_5::back::initial const&)
 .text._ZN5boost3ext3sml6v1_1_54back7sm_implINS3_9sm_policyI11BlinkingLEDJEEEE13process_eventINS3_8on_entryINS3_1_ENS3_7initialEEENS2_3aux4poolIJEEENSF_IJS8_EEEEEbRKT_RT0_RT1_
                0x0000000008000f00       0x84 Core/Src/main.o
                0x0000000008000f00                bool boost::ext::sml::v1_1_5::back::sm_impl<boost::ext::sml::v1_1_5::back::sm_policy<BlinkingLED> >::process_event<boost::ext::sml::v1_1_5::back::on_entry<boost::ext::sml::v1_1_5::back::_, boost::ext::sml::v1_1_5::back::initial>, boost::ext::sml::v1_1_5::aux::pool<>, boost::ext::sml::v1_1_5::aux::pool<boost::ext::sml::v1_1_5::back::sm_impl<boost::ext::sml::v1_1_5::back::sm_policy<BlinkingLED> > > >(boost::ext::sml::v1_1_5::back::on_entry<boost::ext::sml::v1_1_5::back::_, boost::ext::sml::v1_1_5::back::initial> const&, boost::ext::sml::v1_1_5::aux::pool<>&, boost::ext::sml::v1_1_5::aux::pool<boost::ext::sml::v1_1_5::back::sm_impl<boost::ext::sml::v1_1_5::back::sm_policy<BlinkingLED> > >&)
 .text._ZN5boost3ext3sml6v1_1_54back7sm_implINS3_9sm_policyI11BlinkingLEDJEEEE23process_internal_eventsI11timer_eventNS2_3aux4poolIJEEENSC_IJS8_EEELi0EEEbRKT_RT0_RT1_
                0x0000000008000f84       0x3c Core/Src/main.o
                0x0000000008000f84                bool boost::ext::sml::v1_1_5::back::sm_impl<boost::ext::sml::v1_1_5::back::sm_policy<BlinkingLED> >::process_internal_events<timer_event, boost::ext::sml::v1_1_5::aux::pool<>, boost::ext::sml::v1_1_5::aux::pool<boost::ext::sml::v1_1_5::back::sm_impl<boost::ext::sml::v1_1_5::back::sm_policy<BlinkingLED> > >, 0>(timer_event const&, boost::ext::sml::v1_1_5::aux::pool<>&, boost::ext::sml::v1_1_5::aux::pool<boost::ext::sml::v1_1_5::back::sm_impl<boost::ext::sml::v1_1_5::back::sm_policy<BlinkingLED> > >&)
 .text._ZN5boost3ext3sml6v1_1_54back7sm_implINS3_9sm_policyI11BlinkingLEDJEEEE23process_internal_eventsINS3_9anonymousENS2_3aux4poolIJEEENSC_IJS8_EEEJELi0EEEbRKT_RT0_RT1_DpOT2_
                0x0000000008000fc0       0x1c Core/Src/main.o
                0x0000000008000fc0                bool boost::ext::sml::v1_1_5::back::sm_impl<boost::ext::sml::v1_1_5::back::sm_policy<BlinkingLED> >::process_internal_events<boost::ext::sml::v1_1_5::back::anonymous, boost::ext::sml::v1_1_5::aux::pool<>, boost::ext::sml::v1_1_5::aux::pool<boost::ext::sml::v1_1_5::back::sm_impl<boost::ext::sml::v1_1_5::back::sm_policy<BlinkingLED> > >, , 0>(boost::ext::sml::v1_1_5::back::anonymous const&, boost::ext::sml::v1_1_5::aux::pool<>&, boost::ext::sml::v1_1_5::aux::pool<boost::ext::sml::v1_1_5::back::sm_impl<boost::ext::sml::v1_1_5::back::sm_policy<BlinkingLED> > >&)
 .text._ZN5boost3ext3sml6v1_1_54back7sm_implINS3_9sm_policyI11BlinkingLEDJEEEE20process_defer_eventsINS2_3aux4poolIJEEENSB_IJS8_EEEJ11timer_eventEEEbRT_RT0_bRKNSA_4typeIJNS3_9no_policyEEEERKNSA_9type_listIJDpT1_EEE
                0x0000000008000fdc       0x1c Core/Src/main.o
                0x0000000008000fdc                bool boost::ext::sml::v1_1_5::back::sm_impl<boost::ext::sml::v1_1_5::back::sm_policy<BlinkingLED> >::process_defer_events<boost::ext::sml::v1_1_5::aux::pool<>, boost::ext::sml::v1_1_5::aux::pool<boost::ext::sml::v1_1_5::back::sm_impl<boost::ext::sml::v1_1_5::back::sm_policy<BlinkingLED> > >, timer_event>(boost::ext::sml::v1_1_5::aux::pool<>&, boost::ext::sml::v1_1_5::aux::pool<boost::ext::sml::v1_1_5::back::sm_impl<boost::ext::sml::v1_1_5::back::sm_policy<BlinkingLED> > >&, bool, boost::ext::sml::v1_1_5::aux::type<boost::ext::sml::v1_1_5::back::no_policy> const&, boost::ext::sml::v1_1_5::aux::type_list<timer_event> const&)
 .text._ZN5boost3ext3sml6v1_1_54back7sm_implINS3_9sm_policyI11BlinkingLEDJEEEE21process_queued_eventsINS2_3aux4poolIJEEENSB_IJS8_EEEJ11timer_eventEEEbRT_RT0_RKNSA_4typeIJNS3_9no_policyEEEERKNSA_9type_listIJDpT1_EEE
                0x0000000008000ff8       0x1c Core/Src/main.o
                0x0000000008000ff8                bool boost::ext::sml::v1_1_5::back::sm_impl<boost::ext::sml::v1_1_5::back::sm_policy<BlinkingLED> >::process_queued_events<boost::ext::sml::v1_1_5::aux::pool<>, boost::ext::sml::v1_1_5::aux::pool<boost::ext::sml::v1_1_5::back::sm_impl<boost::ext::sml::v1_1_5::back::sm_policy<BlinkingLED> > >, timer_event>(boost::ext::sml::v1_1_5::aux::pool<>&, boost::ext::sml::v1_1_5::aux::pool<boost::ext::sml::v1_1_5::back::sm_impl<boost::ext::sml::v1_1_5::back::sm_policy<BlinkingLED> > >&, boost::ext::sml::v1_1_5::aux::type<boost::ext::sml::v1_1_5::back::no_policy> const&, boost::ext::sml::v1_1_5::aux::type_list<timer_event> const&)
 .text._ZN5boost3ext3sml6v1_1_54back7sm_implINS3_9sm_policyI11BlinkingLEDJEEEEC2INS2_3aux4poolIJEEEEENSA_4initERKT_
                0x0000000008001014       0x20 Core/Src/main.o
                0x0000000008001014                boost::ext::sml::v1_1_5::back::sm_impl<boost::ext::sml::v1_1_5::back::sm_policy<BlinkingLED> >::sm_impl<boost::ext::sml::v1_1_5::aux::pool<> >(boost::ext::sml::v1_1_5::aux::init, boost::ext::sml::v1_1_5::aux::pool<> const&)
                0x0000000008001014                boost::ext::sml::v1_1_5::back::sm_impl<boost::ext::sml::v1_1_5::back::sm_policy<BlinkingLED> >::sm_impl<boost::ext::sml::v1_1_5::aux::pool<> >(boost::ext::sml::v1_1_5::aux::init, boost::ext::sml::v1_1_5::aux::pool<> const&)
 .text._ZN5boost3ext3sml6v1_1_54back7sm_implINS3_9sm_policyI11BlinkingLEDJEEEE23process_internal_eventsINS3_8on_entryINS3_1_ENS3_7initialEEENS2_3aux4poolIJEEENSF_IJS8_EEEJELi0EEEbRKT_RT0_RT1_DpOT2_
                0x0000000008001034       0x1c Core/Src/main.o
                0x0000000008001034                bool boost::ext::sml::v1_1_5::back::sm_impl<boost::ext::sml::v1_1_5::back::sm_policy<BlinkingLED> >::process_internal_events<boost::ext::sml::v1_1_5::back::on_entry<boost::ext::sml::v1_1_5::back::_, boost::ext::sml::v1_1_5::back::initial>, boost::ext::sml::v1_1_5::aux::pool<>, boost::ext::sml::v1_1_5::aux::pool<boost::ext::sml::v1_1_5::back::sm_impl<boost::ext::sml::v1_1_5::back::sm_policy<BlinkingLED> > >, , 0>(boost::ext::sml::v1_1_5::back::on_entry<boost::ext::sml::v1_1_5::back::_, boost::ext::sml::v1_1_5::back::initial> const&, boost::ext::sml::v1_1_5::aux::pool<>&, boost::ext::sml::v1_1_5::aux::pool<boost::ext::sml::v1_1_5::back::sm_impl<boost::ext::sml::v1_1_5::back::sm_policy<BlinkingLED> > >&)
 .text._ZN5boost3ext3sml6v1_1_54back8policies17log_process_eventI11BlinkingLEDNS2_3aux4poolIJEEE11timer_eventEEvRKNS7_4typeIJNS3_9no_policyEEEERT0_RKT1_
                0x0000000008001050       0x18 Core/Src/main.o
                0x0000000008001050                void boost::ext::sml::v1_1_5::back::policies::log_process_event<BlinkingLED, boost::ext::sml::v1_1_5::aux::pool<>, timer_event>(boost::ext::sml::v1_1_5::aux::type<boost::ext::sml::v1_1_5::back::no_policy> const&, boost::ext::sml::v1_1_5::aux::pool<>&, timer_event const&)
 .text._ZN5boost3ext3sml6v1_1_54back7sm_implINS3_9sm_policyI11BlinkingLEDJEEEE18process_event_implINS3_29get_event_mapping_impl_helperI11timer_eventNS8_8mappingsEEESB_NS2_3aux4poolIJEEENSF_IJS8_EEEJNSE_6stringIcJLc115ELc116ELc97ELc116ELc101ELc95ELc108ELc101ELc100ELc95ELc111ELc102ELc102EEEENSI_IcJLc115ELc116ELc97ELc116ELc101ELc95ELc108ELc101ELc100ELc95ELc98ELc108ELc105ELc110ELc107ELc105ELc110ELc103ELc95ELc115ELc108ELc111ELc119EEEENSI_IcJLc115ELc116ELc97ELc116ELc101ELc95ELc108ELc101ELc100ELc95ELc98ELc108ELc105ELc110ELc107ELc105ELc110ELc103ELc95ELc102ELc97ELc115ELc116EEEENSI_IcJLc115ELc116ELc97ELc116ELc101ELc95ELc108ELc101ELc100ELc95ELc111ELc110EEEEEEEbRKT0_RT1_RT2_RKNSE_9type_listIJDpT3_EEENSE_14index_sequenceIJLi0EEEE
                0x0000000008001068       0x36 Core/Src/main.o
                0x0000000008001068                bool boost::ext::sml::v1_1_5::back::sm_impl<boost::ext::sml::v1_1_5::back::sm_policy<BlinkingLED> >::process_event_impl<boost::ext::sml::v1_1_5::back::get_event_mapping_impl_helper<timer_event, boost::ext::sml::v1_1_5::back::sm_impl<boost::ext::sml::v1_1_5::back::sm_policy<BlinkingLED> >::mappings>, timer_event, boost::ext::sml::v1_1_5::aux::pool<>, boost::ext::sml::v1_1_5::aux::pool<boost::ext::sml::v1_1_5::back::sm_impl<boost::ext::sml::v1_1_5::back::sm_policy<BlinkingLED> > >, boost::ext::sml::v1_1_5::aux::string<char, (char)115, (char)116, (char)97, (char)116, (char)101, (char)95, (char)108, (char)101, (char)100, (char)95, (char)111, (char)102, (char)102>, boost::ext::sml::v1_1_5::aux::string<char, (char)115, (char)116, (char)97, (char)116, (char)101, (char)95, (char)108, (char)101, (char)100, (char)95, (char)98, (char)108, (char)105, (char)110, (char)107, (char)105, (char)110, (char)103, (char)95, (char)115, (char)108, (char)111, (char)119>, boost::ext::sml::v1_1_5::aux::string<char, (char)115, (char)116, (char)97, (char)116, (char)101, (char)95, (char)108, (char)101, (char)100, (char)95, (char)98, (char)108, (char)105, (char)110, (char)107, (char)105, (char)110, (char)103, (char)95, (char)102, (char)97, (char)115, (char)116>, boost::ext::sml::v1_1_5::aux::string<char, (char)115, (char)116, (char)97, (char)116, (char)101, (char)95, (char)108, (char)101, (char)100, (char)95, (char)111, (char)110> >(timer_event const&, boost::ext::sml::v1_1_5::aux::pool<>&, boost::ext::sml::v1_1_5::aux::pool<boost::ext::sml::v1_1_5::back::sm_impl<boost::ext::sml::v1_1_5::back::sm_policy<BlinkingLED> > >&, boost::ext::sml::v1_1_5::aux::type_list<boost::ext::sml::v1_1_5::aux::string<char, (char)115, (char)116, (char)97, (char)116, (char)101, (char)95, (char)108, (char)101, (char)100, (char)95, (char)111, (char)102, (char)102>, boost::ext::sml::v1_1_5::aux::string<char, (char)115, (char)116, (char)97, (char)116, (char)101, (char)95, (char)108, (char)101, (char)100, (char)95, (char)98, (char)108, (char)105, (char)110, (char)107, (char)105, (char)110, (char)103, (char)95, (char)115, (char)108, (char)111, (char)119>, boost::ext::sml::v1_1_5::aux::string<char, (char)115, (char)116, (char)97, (char)116, (char)101, (char)95, (char)108, (char)101, (char)100, (char)95, (char)98, (char)108, (char)105, (char)110, (char)107, (char)105, (char)110, (char)103, (char)95, (char)102, (char)97, (char)115, (char)116>, boost::ext::sml::v1_1_5::aux::string<char, (char)115, (char)116, (char)97, (char)116, (char)101, (char)95, (char)108, (char)101, (char)100, (char)95, (char)111, (char)110> > const&, boost::ext::sml::v1_1_5::aux::index_sequence<0>)
 .text._ZNK5boost3ext3sml6v1_1_53aux22missing_ctor_parameterI11BlinkingLEDEclEv
                0x000000000800109e       0x1c Core/Src/main.o
                0x000000000800109e                boost::ext::sml::v1_1_5::aux::missing_ctor_parameter<BlinkingLED>::operator()() const
 .text._ZN5boost3ext3sml6v1_1_54back7sm_implINS3_9sm_policyI11BlinkingLEDJEEEEC2INS2_3aux4poolIJEEEEERKT_NSA_17integral_constantIbLb1EEE
                0x00000000080010ba       0x32 Core/Src/main.o
                0x00000000080010ba                boost::ext::sml::v1_1_5::back::sm_impl<boost::ext::sml::v1_1_5::back::sm_policy<BlinkingLED> >::sm_impl<boost::ext::sml::v1_1_5::aux::pool<> >(boost::ext::sml::v1_1_5::aux::pool<> const&, boost::ext::sml::v1_1_5::aux::integral_constant<bool, true>)
                0x00000000080010ba                boost::ext::sml::v1_1_5::back::sm_impl<boost::ext::sml::v1_1_5::back::sm_policy<BlinkingLED> >::sm_impl<boost::ext::sml::v1_1_5::aux::pool<> >(boost::ext::sml::v1_1_5::aux::pool<> const&, boost::ext::sml::v1_1_5::aux::integral_constant<bool, true>)
 .text._ZN5boost3ext3sml6v1_1_54back8policies10jump_table8dispatchILi0ENS3_29get_event_mapping_impl_helperI11timer_eventNS3_7sm_implINS3_9sm_policyI11BlinkingLEDJEEEE8mappingsEEESD_hS8_NS2_3aux4poolIJEEENSH_IJSD_EEEJNSG_6stringIcJLc115ELc116ELc97ELc116ELc101ELc95ELc108ELc101ELc100ELc95ELc111ELc102ELc102EEEENSK_IcJLc115ELc116ELc97ELc116ELc101ELc95ELc108ELc101ELc100ELc95ELc98ELc108ELc105ELc110ELc107ELc105ELc110ELc103ELc95ELc115ELc108ELc111ELc119EEEENSK_IcJLc115ELc116ELc97ELc116ELc101ELc95ELc108ELc101ELc100ELc95ELc98ELc108ELc105ELc110ELc107ELc105ELc110ELc103ELc95ELc102ELc97ELc115ELc116EEEENSK_IcJLc115ELc116ELc97ELc116ELc101ELc95ELc108ELc101ELc100ELc95ELc111ELc110EEEEEEEbRT1_RT2_RKT3_RT4_RT5_RKNSG_9type_listIJDpT6_EEE
                0x00000000080010ec       0x38 Core/Src/main.o
                0x00000000080010ec                bool boost::ext::sml::v1_1_5::back::policies::jump_table::dispatch<0, boost::ext::sml::v1_1_5::back::get_event_mapping_impl_helper<timer_event, boost::ext::sml::v1_1_5::back::sm_impl<boost::ext::sml::v1_1_5::back::sm_policy<BlinkingLED> >::mappings>, boost::ext::sml::v1_1_5::back::sm_impl<boost::ext::sml::v1_1_5::back::sm_policy<BlinkingLED> >, unsigned char, timer_event, boost::ext::sml::v1_1_5::aux::pool<>, boost::ext::sml::v1_1_5::aux::pool<boost::ext::sml::v1_1_5::back::sm_impl<boost::ext::sml::v1_1_5::back::sm_policy<BlinkingLED> > >, boost::ext::sml::v1_1_5::aux::string<char, (char)115, (char)116, (char)97, (char)116, (char)101, (char)95, (char)108, (char)101, (char)100, (char)95, (char)111, (char)102, (char)102>, boost::ext::sml::v1_1_5::aux::string<char, (char)115, (char)116, (char)97, (char)116, (char)101, (char)95, (char)108, (char)101, (char)100, (char)95, (char)98, (char)108, (char)105, (char)110, (char)107, (char)105, (char)110, (char)103, (char)95, (char)115, (char)108, (char)111, (char)119>, boost::ext::sml::v1_1_5::aux::string<char, (char)115, (char)116, (char)97, (char)116, (char)101, (char)95, (char)108, (char)101, (char)100, (char)95, (char)98, (char)108, (char)105, (char)110, (char)107, (char)105, (char)110, (char)103, (char)95, (char)102, (char)97, (char)115, (char)116>, boost::ext::sml::v1_1_5::aux::string<char, (char)115, (char)116, (char)97, (char)116, (char)101, (char)95, (char)108, (char)101, (char)100, (char)95, (char)111, (char)110> >(boost::ext::sml::v1_1_5::back::sm_impl<boost::ext::sml::v1_1_5::back::sm_policy<BlinkingLED> >&, unsigned char&, timer_event const&, boost::ext::sml::v1_1_5::aux::pool<>&, boost::ext::sml::v1_1_5::aux::pool<boost::ext::sml::v1_1_5::back::sm_impl<boost::ext::sml::v1_1_5::back::sm_policy<BlinkingLED> > >&, boost::ext::sml::v1_1_5::aux::type_list<boost::ext::sml::v1_1_5::aux::string<char, (char)115, (char)116, (char)97, (char)116, (char)101, (char)95, (char)108, (char)101, (char)100, (char)95, (char)111, (char)102, (char)102>, boost::ext::sml::v1_1_5::aux::string<char, (char)115, (char)116, (char)97, (char)116, (char)101, (char)95, (char)108, (char)101, (char)100, (char)95, (char)98, (char)108, (char)105, (char)110, (char)107, (char)105, (char)110, (char)103, (char)95, (char)115, (char)108, (char)111, (char)119>, boost::ext::sml::v1_1_5::aux::string<char, (char)115, (char)116, (char)97, (char)116, (char)101, (char)95, (char)108, (char)101, (char)100, (char)95, (char)98, (char)108, (char)105, (char)110, (char)107, (char)105, (char)110, (char)103, (char)95, (char)102, (char)97, (char)115, (char)116>, boost::ext::sml::v1_1_5::aux::string<char, (char)115, (char)116, (char)97, (char)116, (char)101, (char)95, (char)108, (char)101, (char)100, (char)95, (char)111, (char)110> > const&)
 .text._ZN5boost3ext3sml6v1_1_53aux7try_getI11BlinkingLEDEENS3_22missing_ctor_parameterIT_EEz
                0x0000000008001124        0xe Core/Src/main.o
                0x0000000008001124                boost::ext::sml::v1_1_5::aux::missing_ctor_parameter<BlinkingLED> boost::ext::sml::v1_1_5::aux::try_get<BlinkingLED>(...)
 .text._ZN5boost3ext3sml6v1_1_54back7sm_implINS3_9sm_policyI11BlinkingLEDJEEEE10initializeINS2_3aux6stringIcJLc115ELc116ELc97ELc116ELc101ELc95ELc108ELc101ELc100ELc95ELc111ELc102ELc102EEEEEEvRKNSA_9type_listIJT_EEE
                0x0000000008001132       0x20 Core/Src/main.o
                0x0000000008001132                void boost::ext::sml::v1_1_5::back::sm_impl<boost::ext::sml::v1_1_5::back::sm_policy<BlinkingLED> >::initialize<boost::ext::sml::v1_1_5::aux::string<char, (char)115, (char)116, (char)97, (char)116, (char)101, (char)95, (char)108, (char)101, (char)100, (char)95, (char)111, (char)102, (char)102> >(boost::ext::sml::v1_1_5::aux::type_list<boost::ext::sml::v1_1_5::aux::string<char, (char)115, (char)116, (char)97, (char)116, (char)101, (char)95, (char)108, (char)101, (char)100, (char)95, (char)111, (char)102, (char)102> > const&)
 .text._ZN5boost3ext3sml6v1_1_54back11transitionsIJNS2_5front10transitionIJNS5_5stateINS2_3aux6stringIcJLc115ELc116ELc97ELc116ELc101ELc95ELc108ELc101ELc100ELc95ELc98ELc108ELc105ELc110ELc107ELc105ELc110ELc103ELc95ELc115ELc108ELc111ELc119EEEEEENS7_IFNS9_IcJLc115ELc116ELc97ELc116ELc101ELc95ELc108ELc101ELc100ELc95ELc111ELc102ELc102EEEENS5_13initial_stateEEEENS5_5eventI11timer_eventEENS5_6alwaysENS5_4noneEEEEEE7executeISH_NS3_7sm_implINS3_9sm_policyI11BlinkingLEDJEEEEENS8_4poolIJEEENST_IJSS_EEEEEbRKT_RT0_RT1_RT2_RNSZ_7state_tE
                0x0000000008001152       0x36 Core/Src/main.o
                0x0000000008001152                bool boost::ext::sml::v1_1_5::back::transitions<boost::ext::sml::v1_1_5::front::transition<boost::ext::sml::v1_1_5::front::state<boost::ext::sml::v1_1_5::aux::string<char, (char)115, (char)116, (char)97, (char)116, (char)101, (char)95, (char)108, (char)101, (char)100, (char)95, (char)98, (char)108, (char)105, (char)110, (char)107, (char)105, (char)110, (char)103, (char)95, (char)115, (char)108, (char)111, (char)119> >, boost::ext::sml::v1_1_5::front::state<boost::ext::sml::v1_1_5::aux::string<char, (char)115, (char)116, (char)97, (char)116, (char)101, (char)95, (char)108, (char)101, (char)100, (char)95, (char)111, (char)102, (char)102> (boost::ext::sml::v1_1_5::front::initial_state)>, boost::ext::sml::v1_1_5::front::event<timer_event>, boost::ext::sml::v1_1_5::front::always, boost::ext::sml::v1_1_5::front::none> >::execute<timer_event, boost::ext::sml::v1_1_5::back::sm_impl<boost::ext::sml::v1_1_5::back::sm_policy<BlinkingLED> >, boost::ext::sml::v1_1_5::aux::pool<>, boost::ext::sml::v1_1_5::aux::pool<boost::ext::sml::v1_1_5::back::sm_impl<boost::ext::sml::v1_1_5::back::sm_policy<BlinkingLED> > > >(timer_event const&, boost::ext::sml::v1_1_5::back::sm_impl<boost::ext::sml::v1_1_5::back::sm_policy<BlinkingLED> >&, boost::ext::sml::v1_1_5::aux::pool<>&, boost::ext::sml::v1_1_5::aux::pool<boost::ext::sml::v1_1_5::back::sm_impl<boost::ext::sml::v1_1_5::back::sm_policy<BlinkingLED> > >&, boost::ext::sml::v1_1_5::back::sm_impl<boost::ext::sml::v1_1_5::back::sm_policy<BlinkingLED> >::state_t&)
 .text._ZN5boost3ext3sml6v1_1_54back11transitionsIJNS2_5front10transitionIJNS5_5stateINS2_3aux6stringIcJLc115ELc116ELc97ELc116ELc101ELc95ELc108ELc101ELc100ELc95ELc98ELc108ELc105ELc110ELc107ELc105ELc110ELc103ELc95ELc102ELc97ELc115ELc116EEEEEENS7_INS9_IcJLc115ELc116ELc97ELc116ELc101ELc95ELc108ELc101ELc100ELc95ELc98ELc108ELc105ELc110ELc107ELc105ELc110ELc103ELc95ELc115ELc108ELc111ELc119EEEEEENS5_5eventI11timer_eventEENS5_6alwaysENS5_4noneEEEEEE7executeISF_NS3_7sm_implINS3_9sm_policyI11BlinkingLEDJEEEEENS8_4poolIJEEENSR_IJSQ_EEEEEbRKT_RT0_RT1_RT2_RNSX_7state_tE
                0x0000000008001188       0x36 Core/Src/main.o
                0x0000000008001188                bool boost::ext::sml::v1_1_5::back::transitions<boost::ext::sml::v1_1_5::front::transition<boost::ext::sml::v1_1_5::front::state<boost::ext::sml::v1_1_5::aux::string<char, (char)115, (char)116, (char)97, (char)116, (char)101, (char)95, (char)108, (char)101, (char)100, (char)95, (char)98, (char)108, (char)105, (char)110, (char)107, (char)105, (char)110, (char)103, (char)95, (char)102, (char)97, (char)115, (char)116> >, boost::ext::sml::v1_1_5::front::state<boost::ext::sml::v1_1_5::aux::string<char, (char)115, (char)116, (char)97, (char)116, (char)101, (char)95, (char)108, (char)101, (char)100, (char)95, (char)98, (char)108, (char)105, (char)110, (char)107, (char)105, (char)110, (char)103, (char)95, (char)115, (char)108, (char)111, (char)119> >, boost::ext::sml::v1_1_5::front::event<timer_event>, boost::ext::sml::v1_1_5::front::always, boost::ext::sml::v1_1_5::front::none> >::execute<timer_event, boost::ext::sml::v1_1_5::back::sm_impl<boost::ext::sml::v1_1_5::back::sm_policy<BlinkingLED> >, boost::ext::sml::v1_1_5::aux::pool<>, boost::ext::sml::v1_1_5::aux::pool<boost::ext::sml::v1_1_5::back::sm_impl<boost::ext::sml::v1_1_5::back::sm_policy<BlinkingLED> > > >(timer_event const&, boost::ext::sml::v1_1_5::back::sm_impl<boost::ext::sml::v1_1_5::back::sm_policy<BlinkingLED> >&, boost::ext::sml::v1_1_5::aux::pool<>&, boost::ext::sml::v1_1_5::aux::pool<boost::ext::sml::v1_1_5::back::sm_impl<boost::ext::sml::v1_1_5::back::sm_policy<BlinkingLED> > >&, boost::ext::sml::v1_1_5::back::sm_impl<boost::ext::sml::v1_1_5::back::sm_policy<BlinkingLED> >::state_t&)
 .text._ZN5boost3ext3sml6v1_1_54back11transitionsIJNS2_5front10transitionIJNS5_5stateINS2_3aux6stringIcJLc115ELc116ELc97ELc116ELc101ELc95ELc108ELc101ELc100ELc95ELc111ELc110EEEEEENS7_INS9_IcJLc115ELc116ELc97ELc116ELc101ELc95ELc108ELc101ELc100ELc95ELc98ELc108ELc105ELc110ELc107ELc105ELc110ELc103ELc95ELc102ELc97ELc115ELc116EEEEEENS5_5eventI11timer_eventEENS5_6alwaysENS8_12zero_wrapperIUlvE_vEEEEEEE7executeISF_NS3_7sm_implINS3_9sm_policyI11BlinkingLEDJEEEEENS8_4poolIJEEENST_IJSS_EEEEEbRKT_RT0_RT1_RT2_RNSZ_7state_tE
                0x00000000080011be       0x36 Core/Src/main.o
 .text._ZN5boost3ext3sml6v1_1_54back11transitionsIJNS2_5front10transitionIJNS5_5stateINS2_3aux6stringIcJLc115ELc116ELc97ELc116ELc101ELc95ELc108ELc101ELc100ELc95ELc111ELc102ELc102EEEEEENS7_INS9_IcJLc115ELc116ELc97ELc116ELc101ELc95ELc108ELc101ELc100ELc95ELc111ELc110EEEEEENS5_5eventI11timer_eventEENS5_6alwaysENS8_12zero_wrapperIUlvE0_vEEEEEEE7executeISF_NS3_7sm_implINS3_9sm_policyI11BlinkingLEDJEEEEENS8_4poolIJEEENST_IJSS_EEEEEbRKT_RT0_RT1_RT2_RNSZ_7state_tE
                0x00000000080011f4       0x36 Core/Src/main.o
 .text._ZN5boost3ext3sml6v1_1_53aux6get_idIhNS3_6stringIcJLc115ELc116ELc97ELc116ELc101ELc95ELc108ELc101ELc100ELc95ELc111ELc102ELc102EEEELi0EEET_PNS3_12type_id_typeIXT1_ET0_EE
                0x000000000800122a       0x16 Core/Src/main.o
                0x000000000800122a                unsigned char boost::ext::sml::v1_1_5::aux::get_id<unsigned char, boost::ext::sml::v1_1_5::aux::string<char, (char)115, (char)116, (char)97, (char)116, (char)101, (char)95, (char)108, (char)101, (char)100, (char)95, (char)111, (char)102, (char)102>, 0>(boost::ext::sml::v1_1_5::aux::type_id_type<0, boost::ext::sml::v1_1_5::aux::string<char, (char)115, (char)116, (char)97, (char)116, (char)101, (char)95, (char)108, (char)101, (char)100, (char)95, (char)111, (char)102, (char)102> >*)
 .text._ZN5boost3ext3sml6v1_1_53aux3getINS2_5front10transitionIJNS5_5stateINS3_6stringIcJLc115ELc116ELc97ELc116ELc101ELc95ELc108ELc101ELc100ELc95ELc98ELc108ELc105ELc110ELc107ELc105ELc110ELc103ELc95ELc115ELc108ELc111ELc119EEEEEENS7_IFNS8_IcJLc115ELc116ELc97ELc116ELc101ELc95ELc108ELc101ELc100ELc95ELc111ELc102ELc102EEEENS5_13initial_stateEEEENS5_5eventI11timer_eventEENS5_6alwaysENS5_4noneEEEENS3_4poolIJSK_NS6_IJNS7_INS8_IcJLc115ELc116ELc97ELc116ELc101ELc95ELc108ELc101ELc100ELc95ELc98ELc108ELc105ELc110ELc107ELc105ELc110ELc103ELc95ELc102ELc97ELc115ELc116EEEEEESA_SH_SI_SJ_EEENS6_IJNS7_INS8_IcJLc115ELc116ELc97ELc116ELc101ELc95ELc108ELc101ELc100ELc95ELc111ELc110EEEEEESN_SH_SI_NS3_12zero_wrapperIUlvE_vEEEEENS6_IJNS7_ISB_EESQ_SH_SI_NSR_IUlvE0_vEEEEEEEEEERT_RT0_
                0x0000000008001240       0x16 Core/Src/main.o
 .text._ZN5boost3ext3sml6v1_1_55front10transitionIJNS3_5stateINS2_3aux6stringIcJLc115ELc116ELc97ELc116ELc101ELc95ELc108ELc101ELc100ELc95ELc98ELc108ELc105ELc110ELc107ELc105ELc110ELc103ELc95ELc115ELc108ELc111ELc119EEEEEENS5_IFNS7_IcJLc115ELc116ELc97ELc116ELc101ELc95ELc108ELc101ELc100ELc95ELc111ELc102ELc102EEEENS3_13initial_stateEEEENS3_5eventI11timer_eventEENS3_6alwaysENS3_4noneEEE7executeISF_NS2_4back7sm_implINSL_9sm_policyI11BlinkingLEDJEEEEENS6_4poolIJEEENSR_IJSQ_EEEEEbRKT_RT0_RT1_RT2_RNSX_7state_tENS6_17integral_constantIbLb0EEE
                0x0000000008001256       0x40 Core/Src/main.o
                0x0000000008001256                bool boost::ext::sml::v1_1_5::front::transition<boost::ext::sml::v1_1_5::front::state<boost::ext::sml::v1_1_5::aux::string<char, (char)115, (char)116, (char)97, (char)116, (char)101, (char)95, (char)108, (char)101, (char)100, (char)95, (char)98, (char)108, (char)105, (char)110, (char)107, (char)105, (char)110, (char)103, (char)95, (char)115, (char)108, (char)111, (char)119> >, boost::ext::sml::v1_1_5::front::state<boost::ext::sml::v1_1_5::aux::string<char, (char)115, (char)116, (char)97, (char)116, (char)101, (char)95, (char)108, (char)101, (char)100, (char)95, (char)111, (char)102, (char)102> (boost::ext::sml::v1_1_5::front::initial_state)>, boost::ext::sml::v1_1_5::front::event<timer_event>, boost::ext::sml::v1_1_5::front::always, boost::ext::sml::v1_1_5::front::none>::execute<timer_event, boost::ext::sml::v1_1_5::back::sm_impl<boost::ext::sml::v1_1_5::back::sm_policy<BlinkingLED> >, boost::ext::sml::v1_1_5::aux::pool<>, boost::ext::sml::v1_1_5::aux::pool<boost::ext::sml::v1_1_5::back::sm_impl<boost::ext::sml::v1_1_5::back::sm_policy<BlinkingLED> > > >(timer_event const&, boost::ext::sml::v1_1_5::back::sm_impl<boost::ext::sml::v1_1_5::back::sm_policy<BlinkingLED> >&, boost::ext::sml::v1_1_5::aux::pool<>&, boost::ext::sml::v1_1_5::aux::pool<boost::ext::sml::v1_1_5::back::sm_impl<boost::ext::sml::v1_1_5::back::sm_policy<BlinkingLED> > >&, boost::ext::sml::v1_1_5::back::sm_impl<boost::ext::sml::v1_1_5::back::sm_policy<BlinkingLED> >::state_t&, boost::ext::sml::v1_1_5::aux::integral_constant<bool, false>)
 .text._ZN5boost3ext3sml6v1_1_53aux3getINS2_5front10transitionIJNS5_5stateINS3_6stringIcJLc115ELc116ELc97ELc116ELc101ELc95ELc108ELc101ELc100ELc95ELc98ELc108ELc105ELc110ELc107ELc105ELc110ELc103ELc95ELc102ELc97ELc115ELc116EEEEEENS7_INS8_IcJLc115ELc116ELc97ELc116ELc101ELc95ELc108ELc101ELc100ELc95ELc98ELc108ELc105ELc110ELc107ELc105ELc110ELc103ELc95ELc115ELc108ELc111ELc119EEEEEENS5_5eventI11timer_eventEENS5_6alwaysENS5_4noneEEEENS3_4poolIJNS6_IJSC_NS7_IFNS8_IcJLc115ELc116ELc97ELc116ELc101ELc95ELc108ELc101ELc100ELc95ELc111ELc102ELc102EEEENS5_13initial_stateEEEESF_SG_SH_EEESI_NS6_IJNS7_INS8_IcJLc115ELc116ELc97ELc116ELc101ELc95ELc108ELc101ELc100ELc95ELc111ELc110EEEEEESA_SF_SG_NS3_12zero_wrapperIUlvE_vEEEEENS6_IJNS7_ISK_EESQ_SF_SG_NSR_IUlvE0_vEEEEEEEEEERT_RT0_
                0x0000000008001296       0x16 Core/Src/main.o
 .text._ZN5boost3ext3sml6v1_1_55front10transitionIJNS3_5stateINS2_3aux6stringIcJLc115ELc116ELc97ELc116ELc101ELc95ELc108ELc101ELc100ELc95ELc98ELc108ELc105ELc110ELc107ELc105ELc110ELc103ELc95ELc102ELc97ELc115ELc116EEEEEENS5_INS7_IcJLc115ELc116ELc97ELc116ELc101ELc95ELc108ELc101ELc100ELc95ELc98ELc108ELc105ELc110ELc107ELc105ELc110ELc103ELc95ELc115ELc108ELc111ELc119EEEEEENS3_5eventI11timer_eventEENS3_6alwaysENS3_4noneEEE7executeISD_NS2_4back7sm_implINSJ_9sm_policyI11BlinkingLEDJEEEEENS6_4poolIJEEENSP_IJSO_EEEEEbRKT_RT0_RT1_RT2_RNSV_7state_tENS6_17integral_constantIbLb0EEE
                0x00000000080012ac       0x40 Core/Src/main.o
                0x00000000080012ac                bool boost::ext::sml::v1_1_5::front::transition<boost::ext::sml::v1_1_5::front::state<boost::ext::sml::v1_1_5::aux::string<char, (char)115, (char)116, (char)97, (char)116, (char)101, (char)95, (char)108, (char)101, (char)100, (char)95, (char)98, (char)108, (char)105, (char)110, (char)107, (char)105, (char)110, (char)103, (char)95, (char)102, (char)97, (char)115, (char)116> >, boost::ext::sml::v1_1_5::front::state<boost::ext::sml::v1_1_5::aux::string<char, (char)115, (char)116, (char)97, (char)116, (char)101, (char)95, (char)108, (char)101, (char)100, (char)95, (char)98, (char)108, (char)105, (char)110, (char)107, (char)105, (char)110, (char)103, (char)95, (char)115, (char)108, (char)111, (char)119> >, boost::ext::sml::v1_1_5::front::event<timer_event>, boost::ext::sml::v1_1_5::front::always, boost::ext::sml::v1_1_5::front::none>::execute<timer_event, boost::ext::sml::v1_1_5::back::sm_impl<boost::ext::sml::v1_1_5::back::sm_policy<BlinkingLED> >, boost::ext::sml::v1_1_5::aux::pool<>, boost::ext::sml::v1_1_5::aux::pool<boost::ext::sml::v1_1_5::back::sm_impl<boost::ext::sml::v1_1_5::back::sm_policy<BlinkingLED> > > >(timer_event const&, boost::ext::sml::v1_1_5::back::sm_impl<boost::ext::sml::v1_1_5::back::sm_policy<BlinkingLED> >&, boost::ext::sml::v1_1_5::aux::pool<>&, boost::ext::sml::v1_1_5::aux::pool<boost::ext::sml::v1_1_5::back::sm_impl<boost::ext::sml::v1_1_5::back::sm_policy<BlinkingLED> > >&, boost::ext::sml::v1_1_5::back::sm_impl<boost::ext::sml::v1_1_5::back::sm_policy<BlinkingLED> >::state_t&, boost::ext::sml::v1_1_5::aux::integral_constant<bool, false>)
 .text._ZN5boost3ext3sml6v1_1_53aux3getINS2_5front10transitionIJNS5_5stateINS3_6stringIcJLc115ELc116ELc97ELc116ELc101ELc95ELc108ELc101ELc100ELc95ELc111ELc110EEEEEENS7_INS8_IcJLc115ELc116ELc97ELc116ELc101ELc95ELc108ELc101ELc100ELc95ELc98ELc108ELc105ELc110ELc107ELc105ELc110ELc103ELc95ELc102ELc97ELc115ELc116EEEEEENS5_5eventI11timer_eventEENS5_6alwaysENS3_12zero_wrapperIUlvE_vEEEEENS3_4poolIJNS6_IJNS7_INS8_IcJLc115ELc116ELc97ELc116ELc101ELc95ELc108ELc101ELc100ELc95ELc98ELc108ELc105ELc110ELc107ELc105ELc110ELc103ELc95ELc115ELc108ELc111ELc119EEEEEENS7_IFNS8_IcJLc115ELc116ELc97ELc116ELc101ELc95ELc108ELc101ELc100ELc95ELc111ELc102ELc102EEEENS5_13initial_stateEEEESF_SG_NS5_4noneEEEENS6_IJSC_SN_SF_SG_SS_EEESK_NS6_IJNS7_ISO_EESA_SF_SG_NSH_IUlvE0_vEEEEEEEEEERT_RT0_
                0x00000000080012ec       0x16 Core/Src/main.o
 .text._ZN5boost3ext3sml6v1_1_53aux6get_idIhNS3_6stringIcJLc115ELc116ELc97ELc116ELc101ELc95ELc108ELc101ELc100ELc95ELc111ELc110EEEELi3EEET_PNS3_12type_id_typeIXT1_ET0_EE
                0x0000000008001302       0x16 Core/Src/main.o
                0x0000000008001302                unsigned char boost::ext::sml::v1_1_5::aux::get_id<unsigned char, boost::ext::sml::v1_1_5::aux::string<char, (char)115, (char)116, (char)97, (char)116, (char)101, (char)95, (char)108, (char)101, (char)100, (char)95, (char)111, (char)110>, 3>(boost::ext::sml::v1_1_5::aux::type_id_type<3, boost::ext::sml::v1_1_5::aux::string<char, (char)115, (char)116, (char)97, (char)116, (char)101, (char)95, (char)108, (char)101, (char)100, (char)95, (char)111, (char)110> >*)
 .text._ZN5boost3ext3sml6v1_1_55front4callI11timer_eventNS2_3aux9type_listIJEEENS2_4back9no_policyEE7executeINS6_12zero_wrapperIUlvE_vEENS9_7sm_implINS9_9sm_policyI11BlinkingLEDJEEEEENS6_4poolIJEEENSL_IJSK_EEEEEDaT_RKS5_RT0_RT1_RT2_
                0x0000000008001318       0x1e Core/Src/main.o
 .text._ZN5boost3ext3sml6v1_1_55front10transitionIJNS3_5stateINS2_3aux6stringIcJLc115ELc116ELc97ELc116ELc101ELc95ELc108ELc101ELc100ELc95ELc111ELc110EEEEEENS5_INS7_IcJLc115ELc116ELc97ELc116ELc101ELc95ELc108ELc101ELc100ELc95ELc98ELc108ELc105ELc110ELc107ELc105ELc110ELc103ELc95ELc102ELc97ELc115ELc116EEEEEENS3_5eventI11timer_eventEENS3_6alwaysENS6_12zero_wrapperIUlvE_vEEEE7executeISD_NS2_4back7sm_implINSL_9sm_policyI11BlinkingLEDJEEEEENS6_4poolIJEEENSR_IJSQ_EEEEEbRKT_RT0_RT1_RT2_RNSX_7state_tENS6_17integral_constantIbLb0EEE
                0x0000000008001336       0x58 Core/Src/main.o
 .text._ZN5boost3ext3sml6v1_1_53aux3getINS2_5front10transitionIJNS5_5stateINS3_6stringIcJLc115ELc116ELc97ELc116ELc101ELc95ELc108ELc101ELc100ELc95ELc111ELc102ELc102EEEEEENS7_INS8_IcJLc115ELc116ELc97ELc116ELc101ELc95ELc108ELc101ELc100ELc95ELc111ELc110EEEEEENS5_5eventI11timer_eventEENS5_6alwaysENS3_12zero_wrapperIUlvE0_vEEEEENS3_4poolIJNS6_IJNS7_INS8_IcJLc115ELc116ELc97ELc116ELc101ELc95ELc108ELc101ELc100ELc95ELc98ELc108ELc105ELc110ELc107ELc105ELc110ELc103ELc95ELc115ELc108ELc111ELc119EEEEEENS7_IFS9_NS5_13initial_stateEEEESF_SG_NS5_4noneEEEENS6_IJNS7_INS8_IcJLc115ELc116ELc97ELc116ELc101ELc95ELc108ELc101ELc100ELc95ELc98ELc108ELc105ELc110ELc107ELc105ELc110ELc103ELc95ELc102ELc97ELc115ELc116EEEEEESN_SF_SG_SR_EEENS6_IJSC_SU_SF_SG_NSH_IUlvE_vEEEEESK_EEEEERT_RT0_
                0x000000000800138e       0x16 Core/Src/main.o
 .text._ZN5boost3ext3sml6v1_1_55front4callI11timer_eventNS2_3aux9type_listIJEEENS2_4back9no_policyEE7executeINS6_12zero_wrapperIUlvE0_vEENS9_7sm_implINS9_9sm_policyI11BlinkingLEDJEEEEENS6_4poolIJEEENSL_IJSK_EEEEEDaT_RKS5_RT0_RT1_RT2_
                0x00000000080013a4       0x1e Core/Src/main.o
 .text._ZN5boost3ext3sml6v1_1_55front10transitionIJNS3_5stateINS2_3aux6stringIcJLc115ELc116ELc97ELc116ELc101ELc95ELc108ELc101ELc100ELc95ELc111ELc102ELc102EEEEEENS5_INS7_IcJLc115ELc116ELc97ELc116ELc101ELc95ELc108ELc101ELc100ELc95ELc111ELc110EEEEEENS3_5eventI11timer_eventEENS3_6alwaysENS6_12zero_wrapperIUlvE0_vEEEE7executeISD_NS2_4back7sm_implINSL_9sm_policyI11BlinkingLEDJEEEEENS6_4poolIJEEENSR_IJSQ_EEEEEbRKT_RT0_RT1_RT2_RNSX_7state_tENS6_17integral_constantIbLb0EEE
                0x00000000080013c2       0x58 Core/Src/main.o
 .text._ZN5boost3ext3sml6v1_1_55front20update_current_stateINS2_4back7sm_implINS5_9sm_policyI11BlinkingLEDJEEEEENS2_3aux4poolIJEEENSC_IJSA_EEENS3_5stateINSB_6stringIcJLc115ELc116ELc97ELc116ELc101ELc95ELc108ELc101ELc100ELc95ELc111ELc102ELc102EEEEEENSF_INSG_IcJLc115ELc116ELc97ELc116ELc101ELc95ELc108ELc101ELc100ELc95ELc98ELc108ELc105ELc110ELc107ELc105ELc110ELc103ELc95ELc115ELc108ELc111ELc119EEEEEEEEvRT_RT0_RT1_RNSL_7state_tERKSR_RKT2_RKT3_
                0x000000000800141a       0x30 Core/Src/main.o
                0x000000000800141a                void boost::ext::sml::v1_1_5::front::update_current_state<boost::ext::sml::v1_1_5::back::sm_impl<boost::ext::sml::v1_1_5::back::sm_policy<BlinkingLED> >, boost::ext::sml::v1_1_5::aux::pool<>, boost::ext::sml::v1_1_5::aux::pool<boost::ext::sml::v1_1_5::back::sm_impl<boost::ext::sml::v1_1_5::back::sm_policy<BlinkingLED> > >, boost::ext::sml::v1_1_5::front::state<boost::ext::sml::v1_1_5::aux::string<char, (char)115, (char)116, (char)97, (char)116, (char)101, (char)95, (char)108, (char)101, (char)100, (char)95, (char)111, (char)102, (char)102> >, boost::ext::sml::v1_1_5::front::state<boost::ext::sml::v1_1_5::aux::string<char, (char)115, (char)116, (char)97, (char)116, (char)101, (char)95, (char)108, (char)101, (char)100, (char)95, (char)98, (char)108, (char)105, (char)110, (char)107, (char)105, (char)110, (char)103, (char)95, (char)115, (char)108, (char)111, (char)119> > >(boost::ext::sml::v1_1_5::back::sm_impl<boost::ext::sml::v1_1_5::back::sm_policy<BlinkingLED> >&, boost::ext::sml::v1_1_5::aux::pool<>&, boost::ext::sml::v1_1_5::aux::pool<boost::ext::sml::v1_1_5::back::sm_impl<boost::ext::sml::v1_1_5::back::sm_policy<BlinkingLED> > >&, boost::ext::sml::v1_1_5::back::sm_impl<boost::ext::sml::v1_1_5::back::sm_policy<BlinkingLED> >::state_t&, boost::ext::sml::v1_1_5::back::sm_impl<boost::ext::sml::v1_1_5::back::sm_policy<BlinkingLED> >::state_t const&, boost::ext::sml::v1_1_5::front::state<boost::ext::sml::v1_1_5::aux::string<char, (char)115, (char)116, (char)97, (char)116, (char)101, (char)95, (char)108, (char)101, (char)100, (char)95, (char)111, (char)102, (char)102> > const&, boost::ext::sml::v1_1_5::front::state<boost::ext::sml::v1_1_5::aux::string<char, (char)115, (char)116, (char)97, (char)116, (char)101, (char)95, (char)108, (char)101, (char)100, (char)95, (char)98, (char)108, (char)105, (char)110, (char)107, (char)105, (char)110, (char)103, (char)95, (char)115, (char)108, (char)111, (char)119> > const&)
 .text._ZN5boost3ext3sml6v1_1_55front20update_current_stateINS2_4back7sm_implINS5_9sm_policyI11BlinkingLEDJEEEEENS2_3aux4poolIJEEENSC_IJSA_EEENS3_5stateINSB_6stringIcJLc115ELc116ELc97ELc116ELc101ELc95ELc108ELc101ELc100ELc95ELc98ELc108ELc105ELc110ELc107ELc105ELc110ELc103ELc95ELc115ELc108ELc111ELc119EEEEEENSF_INSG_IcJLc115ELc116ELc97ELc116ELc101ELc95ELc108ELc101ELc100ELc95ELc98ELc108ELc105ELc110ELc107ELc105ELc110ELc103ELc95ELc102ELc97ELc115ELc116EEEEEEEEvRT_RT0_RT1_RNSL_7state_tERKSR_RKT2_RKT3_
                0x000000000800144a       0x30 Core/Src/main.o
                0x000000000800144a                void boost::ext::sml::v1_1_5::front::update_current_state<boost::ext::sml::v1_1_5::back::sm_impl<boost::ext::sml::v1_1_5::back::sm_policy<BlinkingLED> >, boost::ext::sml::v1_1_5::aux::pool<>, boost::ext::sml::v1_1_5::aux::pool<boost::ext::sml::v1_1_5::back::sm_impl<boost::ext::sml::v1_1_5::back::sm_policy<BlinkingLED> > >, boost::ext::sml::v1_1_5::front::state<boost::ext::sml::v1_1_5::aux::string<char, (char)115, (char)116, (char)97, (char)116, (char)101, (char)95, (char)108, (char)101, (char)100, (char)95, (char)98, (char)108, (char)105, (char)110, (char)107, (char)105, (char)110, (char)103, (char)95, (char)115, (char)108, (char)111, (char)119> >, boost::ext::sml::v1_1_5::front::state<boost::ext::sml::v1_1_5::aux::string<char, (char)115, (char)116, (char)97, (char)116, (char)101, (char)95, (char)108, (char)101, (char)100, (char)95, (char)98, (char)108, (char)105, (char)110, (char)107, (char)105, (char)110, (char)103, (char)95, (char)102, (char)97, (char)115, (char)116> > >(boost::ext::sml::v1_1_5::back::sm_impl<boost::ext::sml::v1_1_5::back::sm_policy<BlinkingLED> >&, boost::ext::sml::v1_1_5::aux::pool<>&, boost::ext::sml::v1_1_5::aux::pool<boost::ext::sml::v1_1_5::back::sm_impl<boost::ext::sml::v1_1_5::back::sm_policy<BlinkingLED> > >&, boost::ext::sml::v1_1_5::back::sm_impl<boost::ext::sml::v1_1_5::back::sm_policy<BlinkingLED> >::state_t&, boost::ext::sml::v1_1_5::back::sm_impl<boost::ext::sml::v1_1_5::back::sm_policy<BlinkingLED> >::state_t const&, boost::ext::sml::v1_1_5::front::state<boost::ext::sml::v1_1_5::aux::string<char, (char)115, (char)116, (char)97, (char)116, (char)101, (char)95, (char)108, (char)101, (char)100, (char)95, (char)98, (char)108, (char)105, (char)110, (char)107, (char)105, (char)110, (char)103, (char)95, (char)115, (char)108, (char)111, (char)119> > const&, boost::ext::sml::v1_1_5::front::state<boost::ext::sml::v1_1_5::aux::string<char, (char)115, (char)116, (char)97, (char)116, (char)101, (char)95, (char)108, (char)101, (char)100, (char)95, (char)98, (char)108, (char)105, (char)110, (char)107, (char)105, (char)110, (char)103, (char)95, (