sml.hpp:1262:8:auto boost::ext::sml::v1_1_5::back::policies::thread_safety_policy__::create_lock()	16	static
main.cpp:59:23:<lambda()>	16	static
main.cpp:62:24:<lambda()>	16	static
sml.hpp:2710:16:Chrs = {'s', 't', 'a', 't', 'e', '_', 'l', 'e', 'd', '_', 'o', 'f', 'f'}]	4	static
sml.hpp:2175:8:auto boost::ext::sml::v1_1_5::front::state< <template-parameter-1-1> >::operator*() const [with TState = boost::ext::sml::v1_1_5::aux::string<char, 's', 't', 'a', 't', 'e', '_', 'l', 'e', 'd', '_', 'o', 'f', 'f'>]	16	static
sml.hpp:2158:8:auto boost::ext::sml::v1_1_5::front::state_impl<TState>::operator+(const T&) const [with T = boost::ext::sml::v1_1_5::front::event<timer_event>; TState = boost::ext::sml::v1_1_5::front::state<boost::ext::sml::v1_1_5::aux::string<char, 's', 't', 'a', 't', 'e', '_', 'l', 'e', 'd', '_', 'o', 'f', 'f'>(boost::ext::sml::v1_1_5::front::initial_state)>]	24	static
sml.hpp:2710:16:Chrs = {'s', 't', 'a', 't', 'e', '_', 'l', 'e', 'd', '_', 'b', 'l', 'i', 'n', 'k', 'i', 'n', 'g', '_', 's', 'l', 'o', 'w'}]	4	static
sml.hpp:2331:8:auto boost::ext::sml::v1_1_5::front::transition<boost::ext::sml::v1_1_5::front::state<T>, boost::ext::sml::v1_1_5::front::event<E> >::operator=(const T&) const [with T = boost::ext::sml::v1_1_5::front::state<boost::ext::sml::v1_1_5::aux::string<char, 's', 't', 'a', 't', 'e', '_', 'l', 'e', 'd', '_', 'b', 'l', 'i', 'n', 'k', 'i', 'n', 'g', '_', 's', 'l', 'o', 'w'> >; S2 = boost::ext::sml::v1_1_5::aux::string<char, 's', 't', 'a', 't', 'e', '_', 'l', 'e', 'd', '_', 'o', 'f', 'f'>(boost::ext::sml::v1_1_5::front::initial_state); E = timer_event]	24	static
sml.hpp:2158:8:auto boost::ext::sml::v1_1_5::front::state_impl<TState>::operator+(const T&) const [with T = boost::ext::sml::v1_1_5::front::event<timer_event>; TState = boost::ext::sml::v1_1_5::front::state<boost::ext::sml::v1_1_5::aux::string<char, 's', 't', 'a', 't', 'e', '_', 'l', 'e', 'd', '_', 'b', 'l', 'i', 'n', 'k', 'i', 'n', 'g', '_', 's', 'l', 'o', 'w'> >]	24	static
sml.hpp:2710:16:Chrs = {'s', 't', 'a', 't', 'e', '_', 'l', 'e', 'd', '_', 'b', 'l', 'i', 'n', 'k', 'i', 'n', 'g', '_', 'f', 'a', 's', 't'}]	4	static
sml.hpp:2331:8:auto boost::ext::sml::v1_1_5::front::transition<boost::ext::sml::v1_1_5::front::state<T>, boost::ext::sml::v1_1_5::front::event<E> >::operator=(const T&) const [with T = boost::ext::sml::v1_1_5::front::state<boost::ext::sml::v1_1_5::aux::string<char, 's', 't', 'a', 't', 'e', '_', 'l', 'e', 'd', '_', 'b', 'l', 'i', 'n', 'k', 'i', 'n', 'g', '_', 'f', 'a', 's', 't'> >; S2 = boost::ext::sml::v1_1_5::aux::string<char, 's', 't', 'a', 't', 'e', '_', 'l', 'e', 'd', '_', 'b', 'l', 'i', 'n', 'k', 'i', 'n', 'g', '_', 's', 'l', 'o', 'w'>; E = timer_event]	24	static
sml.hpp:2132:8:auto boost::ext::sml::v1_1_5::front::event<TEvent>::operator/(const T&) const [with T = <lambda()>; typename boost::ext::sml::v1_1_5::aux::enable_if<boost::ext::sml::v1_1_5::concepts::callable<void, T>::value, int>::type <anonymous> = 0; TEvent = timer_event]	24	static
sml.hpp:518:8:) const [with TExpr = <lambda()>; TArgs = {}]	16	static
sml.hpp:2158:8:auto boost::ext::sml::v1_1_5::front::state_impl<TState>::operator+(const T&) const [with T = boost::ext::sml::v1_1_5::front::transition_ea<boost::ext::sml::v1_1_5::front::event<timer_event>, boost::ext::sml::v1_1_5::aux::zero_wrapper<<lambda()>, void> >; TState = boost::ext::sml::v1_1_5::front::state<boost::ext::sml::v1_1_5::aux::string<char, 's', 't', 'a', 't', 'e', '_', 'l', 'e', 'd', '_', 'b', 'l', 'i', 'n', 'k', 'i', 'n', 'g', '_', 'f', 'a', 's', 't'> >]	24	static
sml.hpp:2710:16:Chrs = {'s', 't', 'a', 't', 'e', '_', 'l', 'e', 'd', '_', 'o', 'n'}]	4	static
sml.hpp:2411:8:auto boost::ext::sml::v1_1_5::front::transition<boost::ext::sml::v1_1_5::front::state<T>, boost::ext::sml::v1_1_5::front::transition_ea<boost::ext::sml::v1_1_5::front::event<E>, A> >::operator=(const T&) const [with T = boost::ext::sml::v1_1_5::front::state<boost::ext::sml::v1_1_5::aux::string<char, 's', 't', 'a', 't', 'e', '_', 'l', 'e', 'd', '_', 'o', 'n'> >; S2 = boost::ext::sml::v1_1_5::aux::string<char, 's', 't', 'a', 't', 'e', '_', 'l', 'e', 'd', '_', 'b', 'l', 'i', 'n', 'k', 'i', 'n', 'g', '_', 'f', 'a', 's', 't'>; E = timer_event; A = boost::ext::sml::v1_1_5::aux::zero_wrapper<<lambda()>, void>]	24	static
sml.hpp:2132:8:auto boost::ext::sml::v1_1_5::front::event<TEvent>::operator/(const T&) const [with T = <lambda()>; typename boost::ext::sml::v1_1_5::aux::enable_if<boost::ext::sml::v1_1_5::concepts::callable<void, T>::value, int>::type <anonymous> = 0; TEvent = timer_event]	24	static
sml.hpp:518:8:) const [with TExpr = <lambda()>; TArgs = {}]	16	static
sml.hpp:2158:8:auto boost::ext::sml::v1_1_5::front::state_impl<TState>::operator+(const T&) const [with T = boost::ext::sml::v1_1_5::front::transition_ea<boost::ext::sml::v1_1_5::front::event<timer_event>, boost::ext::sml::v1_1_5::aux::zero_wrapper<<lambda()>, void> >; TState = boost::ext::sml::v1_1_5::front::state<boost::ext::sml::v1_1_5::aux::string<char, 's', 't', 'a', 't', 'e', '_', 'l', 'e', 'd', '_', 'o', 'n'> >]	24	static
sml.hpp:2411:8:auto boost::ext::sml::v1_1_5::front::transition<boost::ext::sml::v1_1_5::front::state<T>, boost::ext::sml::v1_1_5::front::transition_ea<boost::ext::sml::v1_1_5::front::event<E>, A> >::operator=(const T&) const [with T = boost::ext::sml::v1_1_5::front::state<boost::ext::sml::v1_1_5::aux::string<char, 's', 't', 'a', 't', 'e', '_', 'l', 'e', 'd', '_', 'o', 'f', 'f'> >; S2 = boost::ext::sml::v1_1_5::aux::string<char, 's', 't', 'a', 't', 'e', '_', 'l', 'e', 'd', '_', 'o', 'n'>; E = timer_event; A = boost::ext::sml::v1_1_5::aux::zero_wrapper<<lambda()>, void>]	24	static
sml.hpp:2726:6:> >::value, int>::type <anonymous> = 0]	16	static
main.cpp:68:7:auto BlinkingLED::operator()()	80	static
main.cpp:80:6:void process_timer_event()	16	static
main.cpp:94:5:int main()	16	static
main.cpp:148:6:void SystemClock_Config()	88	static
main.cpp:187:13:void MX_TIM2_Init()	32	static
main.cpp:232:13:void MX_GPIO_Init()	40	static
main.cpp:260:6:void Error_Handler()	4	static
sml.hpp:2634:3:boost::ext::sml::v1_1_5::front::transition<boost::ext::sml::v1_1_5::front::state<T>, boost::ext::sml::v1_1_5::front::state<S2>, boost::ext::sml::v1_1_5::front::event<E>, boost::ext::sml::v1_1_5::front::always, boost::ext::sml::v1_1_5::front::none>::transition(const boost::ext::sml::v1_1_5::front::always&, const boost::ext::sml::v1_1_5::front::none&) [with S1 = boost::ext::sml::v1_1_5::aux::string<char, 's', 't', 'a', 't', 'e', '_', 'l', 'e', 'd', '_', 'b', 'l', 'i', 'n', 'k', 'i', 'n', 'g', '_', 's', 'l', 'o', 'w'>; S2 = boost::ext::sml::v1_1_5::aux::string<char, 's', 't', 'a', 't', 'e', '_', 'l', 'e', 'd', '_', 'o', 'f', 'f'>(boost::ext::sml::v1_1_5::front::initial_state); E = timer_event]	24	static
sml.hpp:2634:3:boost::ext::sml::v1_1_5::front::transition<boost::ext::sml::v1_1_5::front::state<T>, boost::ext::sml::v1_1_5::front::state<S2>, boost::ext::sml::v1_1_5::front::event<E>, boost::ext::sml::v1_1_5::front::always, boost::ext::sml::v1_1_5::front::none>::transition(const boost::ext::sml::v1_1_5::front::always&, const boost::ext::sml::v1_1_5::front::none&) [with S1 = boost::ext::sml::v1_1_5::aux::string<char, 's', 't', 'a', 't', 'e', '_', 'l', 'e', 'd', '_', 'b', 'l', 'i', 'n', 'k', 'i', 'n', 'g', '_', 'f', 'a', 's', 't'>; S2 = boost::ext::sml::v1_1_5::aux::string<char, 's', 't', 'a', 't', 'e', '_', 'l', 'e', 'd', '_', 'b', 'l', 'i', 'n', 'k', 'i', 'n', 'g', '_', 's', 'l', 'o', 'w'>; E = timer_event]	24	static
sml.hpp:526:3:) [with Ts = {const<lambda()>&}; TExpr = <lambda()>]	16	static
sml.hpp:2408:3:boost::ext::sml::v1_1_5::front::transition<boost::ext::sml::v1_1_5::front::state<T>, boost::ext::sml::v1_1_5::front::transition_ea<boost::ext::sml::v1_1_5::front::event<E>, A> >::transition(const boost::ext::sml::v1_1_5::front::state<T>&, const boost::ext::sml::v1_1_5::front::transition_ea<boost::ext::sml::v1_1_5::front::event<E>, A>&) [with S2 = boost::ext::sml::v1_1_5::aux::string<char, 's', 't', 'a', 't', 'e', '_', 'l', 'e', 'd', '_', 'b', 'l', 'i', 'n', 'k', 'i', 'n', 'g', '_', 'f', 'a', 's', 't'>; E = timer_event; A = boost::ext::sml::v1_1_5::aux::zero_wrapper<<lambda()>, void>]	24	static
sml.hpp:2533:3:boost::ext::sml::v1_1_5::front::transition<boost::ext::sml::v1_1_5::front::state<T>, boost::ext::sml::v1_1_5::front::state<S2>, boost::ext::sml::v1_1_5::front::event<E>, boost::ext::sml::v1_1_5::front::always, A>::transition(const boost::ext::sml::v1_1_5::front::always&, const A&) [with S1 = boost::ext::sml::v1_1_5::aux::string<char, 's', 't', 'a', 't', 'e', '_', 'l', 'e', 'd', '_', 'o', 'n'>; S2 = boost::ext::sml::v1_1_5::aux::string<char, 's', 't', 'a', 't', 'e', '_', 'l', 'e', 'd', '_', 'b', 'l', 'i', 'n', 'k', 'i', 'n', 'g', '_', 'f', 'a', 's', 't'>; E = timer_event; A = boost::ext::sml::v1_1_5::aux::zero_wrapper<<lambda()>, void>]	24	static
sml.hpp:526:3:) [with Ts = {const<lambda()>&}; TExpr = <lambda()>]	16	static
sml.hpp:2408:3:boost::ext::sml::v1_1_5::front::transition<boost::ext::sml::v1_1_5::front::state<T>, boost::ext::sml::v1_1_5::front::transition_ea<boost::ext::sml::v1_1_5::front::event<E>, A> >::transition(const boost::ext::sml::v1_1_5::front::state<T>&, const boost::ext::sml::v1_1_5::front::transition_ea<boost::ext::sml::v1_1_5::front::event<E>, A>&) [with S2 = boost::ext::sml::v1_1_5::aux::string<char, 's', 't', 'a', 't', 'e', '_', 'l', 'e', 'd', '_', 'o', 'n'>; E = timer_event; A = boost::ext::sml::v1_1_5::aux::zero_wrapper<<lambda()>, void>]	24	static
sml.hpp:2533:3:boost::ext::sml::v1_1_5::front::transition<boost::ext::sml::v1_1_5::front::state<T>, boost::ext::sml::v1_1_5::front::state<S2>, boost::ext::sml::v1_1_5::front::event<E>, boost::ext::sml::v1_1_5::front::always, A>::transition(const boost::ext::sml::v1_1_5::front::always&, const A&) [with S1 = boost::ext::sml::v1_1_5::aux::string<char, 's', 't', 'a', 't', 'e', '_', 'l', 'e', 'd', '_', 'o', 'f', 'f'>; S2 = boost::ext::sml::v1_1_5::aux::string<char, 's', 't', 'a', 't', 'e', '_', 'l', 'e', 'd', '_', 'o', 'n'>; E = timer_event; A = boost::ext::sml::v1_1_5::aux::zero_wrapper<<lambda()>, void>]	24	static
sml.hpp:369:28:boost::ext::sml::v1_1_5::aux::pool_type<boost::ext::sml::v1_1_5::front::transition<boost::ext::sml::v1_1_5::front::state<boost::ext::sml::v1_1_5::aux::string<char, 's', 't', 'a', 't', 'e', '_', 'l', 'e', 'd', '_', 'b', 'l', 'i', 'n', 'k', 'i', 'n', 'g', '_', 's', 'l', 'o', 'w'> >, boost::ext::sml::v1_1_5::front::state<boost::ext::sml::v1_1_5::aux::string<char, 's', 't', 'a', 't', 'e', '_', 'l', 'e', 'd', '_', 'o', 'f', 'f'>(boost::ext::sml::v1_1_5::front::initial_state)>, boost::ext::sml::v1_1_5::front::event<timer_event>, boost::ext::sml::v1_1_5::front::always, boost::ext::sml::v1_1_5::front::none> >::pool_type(boost::ext::sml::v1_1_5::front::transition<boost::ext::sml::v1_1_5::front::state<boost::ext::sml::v1_1_5::aux::string<char, 's', 't', 'a', 't', 'e', '_', 'l', 'e', 'd', '_', 'b', 'l', 'i', 'n', 'k', 'i', 'n', 'g', '_', 's', 'l', 'o', 'w'> >, boost::ext::sml::v1_1_5::front::state<boost::ext::sml::v1_1_5::aux::string<char, 's', 't', 'a', 't', 'e', '_', 'l', 'e', 'd', '_', 'o', 'f', 'f'>(boost::ext::sml::v1_1_5::front::initial_state)>, boost::ext::sml::v1_1_5::front::event<timer_event>, boost::ext::sml::v1_1_5::front::always, boost::ext::sml::v1_1_5::front::none>) [inherited from boost::ext::sml::v1_1_5::aux::pool_type_impl<boost::ext::sml::v1_1_5::front::transition<boost::ext::sml::v1_1_5::front::state<boost::ext::sml::v1_1_5::aux::string<char, 's', 't', 'a', 't', 'e', '_', 'l', 'e', 'd', '_', 'b', 'l', 'i', 'n', 'k', 'i', 'n', 'g', '_', 's', 'l', 'o', 'w'> >, boost::ext::sml::v1_1_5::front::state<boost::ext::sml::v1_1_5::aux::string<char, 's', 't', 'a', 't', 'e', '_', 'l', 'e', 'd', '_', 'o', 'f', 'f'>(boost::ext::sml::v1_1_5::front::initial_state)>, boost::ext::sml::v1_1_5::front::event<timer_event>, boost::ext::sml::v1_1_5::front::always, boost::ext::sml::v1_1_5::front::none>, void>]	16	static
sml.hpp:369:28:boost::ext::sml::v1_1_5::aux::pool_type<boost::ext::sml::v1_1_5::front::transition<boost::ext::sml::v1_1_5::front::state<boost::ext::sml::v1_1_5::aux::string<char, 's', 't', 'a', 't', 'e', '_', 'l', 'e', 'd', '_', 'b', 'l', 'i', 'n', 'k', 'i', 'n', 'g', '_', 'f', 'a', 's', 't'> >, boost::ext::sml::v1_1_5::front::state<boost::ext::sml::v1_1_5::aux::string<char, 's', 't', 'a', 't', 'e', '_', 'l', 'e', 'd', '_', 'b', 'l', 'i', 'n', 'k', 'i', 'n', 'g', '_', 's', 'l', 'o', 'w'> >, boost::ext::sml::v1_1_5::front::event<timer_event>, boost::ext::sml::v1_1_5::front::always, boost::ext::sml::v1_1_5::front::none> >::pool_type(boost::ext::sml::v1_1_5::front::transition<boost::ext::sml::v1_1_5::front::state<boost::ext::sml::v1_1_5::aux::string<char, 's', 't', 'a', 't', 'e', '_', 'l', 'e', 'd', '_', 'b', 'l', 'i', 'n', 'k', 'i', 'n', 'g', '_', 'f', 'a', 's', 't'> >, boost::ext::sml::v1_1_5::front::state<boost::ext::sml::v1_1_5::aux::string<char, 's', 't', 'a', 't', 'e', '_', 'l', 'e', 'd', '_', 'b', 'l', 'i', 'n', 'k', 'i', 'n', 'g', '_', 's', 'l', 'o', 'w'> >, boost::ext::sml::v1_1_5::front::event<timer_event>, boost::ext::sml::v1_1_5::front::always, boost::ext::sml::v1_1_5::front::none>) [inherited from boost::ext::sml::v1_1_5::aux::pool_type_impl<boost::ext::sml::v1_1_5::front::transition<boost::ext::sml::v1_1_5::front::state<boost::ext::sml::v1_1_5::aux::string<char, 's', 't', 'a', 't', 'e', '_', 'l', 'e', 'd', '_', 'b', 'l', 'i', 'n', 'k', 'i', 'n', 'g', '_', 'f', 'a', 's', 't'> >, boost::ext::sml::v1_1_5::front::state<boost::ext::sml::v1_1_5::aux::string<char, 's', 't', 'a', 't', 'e', '_', 'l', 'e', 'd', '_', 'b', 'l', 'i', 'n', 'k', 'i', 'n', 'g', '_', 's', 'l', 'o', 'w'> >, boost::ext::sml::v1_1_5::front::event<timer_event>, boost::ext::sml::v1_1_5::front::always, boost::ext::sml::v1_1_5::front::none>, void>]	16	static
sml.hpp:369:28:boost::ext::sml::v1_1_5::aux::pool_type<boost::ext::sml::v1_1_5::front::transition<boost::ext::sml::v1_1_5::front::state<boost::ext::sml::v1_1_5::aux::string<char, 's', 't', 'a', 't', 'e', '_', 'l', 'e', 'd', '_', 'o', 'n'> >, boost::ext::sml::v1_1_5::front::state<boost::ext::sml::v1_1_5::aux::string<char, 's', 't', 'a', 't', 'e', '_', 'l', 'e', 'd', '_', 'b', 'l', 'i', 'n', 'k', 'i', 'n', 'g', '_', 'f', 'a', 's', 't'> >, boost::ext::sml::v1_1_5::front::event<timer_event>, boost::ext::sml::v1_1_5::front::always, boost::ext::sml::v1_1_5::aux::zero_wrapper<<lambda()>, void> > >::pool_type(boost::ext::sml::v1_1_5::front::transition<boost::ext::sml::v1_1_5::front::state<boost::ext::sml::v1_1_5::aux::string<char, 's', 't', 'a', 't', 'e', '_', 'l', 'e', 'd', '_', 'o', 'n'> >, boost::ext::sml::v1_1_5::front::state<boost::ext::sml::v1_1_5::aux::string<char, 's', 't', 'a', 't', 'e', '_', 'l', 'e', 'd', '_', 'b', 'l', 'i', 'n', 'k', 'i', 'n', 'g', '_', 'f', 'a', 's', 't'> >, boost::ext::sml::v1_1_5::front::event<timer_event>, boost::ext::sml::v1_1_5::front::always, boost::ext::sml::v1_1_5::aux::zero_wrapper<<lambda()>, void> >) [inherited from boost::ext::sml::v1_1_5::aux::pool_type_impl<boost::ext::sml::v1_1_5::front::transition<boost::ext::sml::v1_1_5::front::state<boost::ext::sml::v1_1_5::aux::string<char, 's', 't', 'a', 't', 'e', '_', 'l', 'e', 'd', '_', 'o', 'n'> >, boost::ext::sml::v1_1_5::front::state<boost::ext::sml::v1_1_5::aux::string<char, 's', 't', 'a', 't', 'e', '_', 'l', 'e', 'd', '_', 'b', 'l', 'i', 'n', 'k', 'i', 'n', 'g', '_', 'f', 'a', 's', 't'> >, boost::ext::sml::v1_1_5::front::event<timer_event>, boost::ext::sml::v1_1_5::front::always, boost::ext::sml::v1_1_5::aux::zero_wrapper<<lambda()>, void> >, void>]	16	static
sml.hpp:369:28:boost::ext::sml::v1_1_5::aux::pool_type<boost::ext::sml::v1_1_5::front::transition<boost::ext::sml::v1_1_5::front::state<boost::ext::sml::v1_1_5::aux::string<char, 's', 't', 'a', 't', 'e', '_', 'l', 'e', 'd', '_', 'o', 'f', 'f'> >, boost::ext::sml::v1_1_5::front::state<boost::ext::sml::v1_1_5::aux::string<char, 's', 't', 'a', 't', 'e', '_', 'l', 'e', 'd', '_', 'o', 'n'> >, boost::ext::sml::v1_1_5::front::event<timer_event>, boost::ext::sml::v1_1_5::front::always, boost::ext::sml::v1_1_5::aux::zero_wrapper<<lambda()>, void> > >::pool_type(boost::ext::sml::v1_1_5::front::transition<boost::ext::sml::v1_1_5::front::state<boost::ext::sml::v1_1_5::aux::string<char, 's', 't', 'a', 't', 'e', '_', 'l', 'e', 'd', '_', 'o', 'f', 'f'> >, boost::ext::sml::v1_1_5::front::state<boost::ext::sml::v1_1_5::aux::string<char, 's', 't', 'a', 't', 'e', '_', 'l', 'e', 'd', '_', 'o', 'n'> >, boost::ext::sml::v1_1_5::front::event<timer_event>, boost::ext::sml::v1_1_5::front::always, boost::ext::sml::v1_1_5::aux::zero_wrapper<<lambda()>, void> >) [inherited from boost::ext::sml::v1_1_5::aux::pool_type_impl<boost::ext::sml::v1_1_5::front::transition<boost::ext::sml::v1_1_5::front::state<boost::ext::sml::v1_1_5::aux::string<char, 's', 't', 'a', 't', 'e', '_', 'l', 'e', 'd', '_', 'o', 'f', 'f'> >, boost::ext::sml::v1_1_5::front::state<boost::ext::sml::v1_1_5::aux::string<char, 's', 't', 'a', 't', 'e', '_', 'l', 'e', 'd', '_', 'o', 'n'> >, boost::ext::sml::v1_1_5::front::event<timer_event>, boost::ext::sml::v1_1_5::front::always, boost::ext::sml::v1_1_5::aux::zero_wrapper<<lambda()>, void> >, void>]	16	static
sml.hpp:416:12:) [with Ts = {boost::ext::sml::v1_1_5::front::transition<boost::ext::sml::v1_1_5::front::state<boost::ext::sml::v1_1_5::aux::string<char, 's', 't', 'a', 't', 'e', '_', 'l', 'e', 'd', '_', 'b', 'l', 'i', 'n', 'k', 'i', 'n', 'g', '_', 's', 'l', 'o', 'w'> >, boost::ext::sml::v1_1_5::front::state<boost::ext::sml::v1_1_5::aux::string<char, 's', 't', 'a', 't', 'e', '_', 'l', 'e', 'd', '_', 'o', 'f', 'f'>(boost::ext::sml::v1_1_5::front::initial_state)>, boost::ext::sml::v1_1_5::front::event<timer_event>, boost::ext::sml::v1_1_5::front::always, boost::ext::sml::v1_1_5::front::none>, boost::ext::sml::v1_1_5::front::transition<boost::ext::sml::v1_1_5::front::state<boost::ext::sml::v1_1_5::aux::string<char, 's', 't', 'a', 't', 'e', '_', 'l', 'e', 'd', '_', 'b', 'l', 'i', 'n', 'k', 'i', 'n', 'g', '_', 'f', 'a', 's', 't'> >, boost::ext::sml::v1_1_5::front::state<boost::ext::sml::v1_1_5::aux::string<char, 's', 't', 'a', 't', 'e', '_', 'l', 'e', 'd', '_', 'b', 'l', 'i', 'n', 'k', 'i', 'n', 'g', '_', 's', 'l', 'o', 'w'> >, boost::ext::sml::v1_1_5::front::event<timer_event>, boost::ext::sml::v1_1_5::front::always, boost::ext::sml::v1_1_5::front::none>, boost::ext::sml::v1_1_5::front::transition<boost::ext::sml::v1_1_5::front::state<boost::ext::sml::v1_1_5::aux::string<char, 's', 't', 'a', 't', 'e', '_', 'l', 'e', 'd', '_', 'o', 'n'> >, boost::ext::sml::v1_1_5::front::state<boost::ext::sml::v1_1_5::aux::string<char, 's', 't', 'a', 't', 'e', '_', 'l', 'e', 'd', '_', 'b', 'l', 'i', 'n', 'k', 'i', 'n', 'g', '_', 'f', 'a', 's', 't'> >, boost::ext::sml::v1_1_5::front::event<timer_event>, boost::ext::sml::v1_1_5::front::always, boost::ext::sml::v1_1_5::aux::zero_wrapper<<lambda()>, void> >, boost::ext::sml::v1_1_5::front::transition<boost::ext::sml::v1_1_5::front::state<boost::ext::sml::v1_1_5::aux::string<char, 's', 't', 'a', 't', 'e', '_', 'l', 'e', 'd', '_', 'o', 'f', 'f'> >, boost::ext::sml::v1_1_5::front::state<boost::ext::sml::v1_1_5::aux::string<char, 's', 't', 'a', 't', 'e', '_', 'l', 'e', 'd', '_', 'o', 'n'> >, boost::ext::sml::v1_1_5::front::event<timer_event>, boost::ext::sml::v1_1_5::front::always, boost::ext::sml::v1_1_5::aux::zero_wrapper<<lambda()>, void> >}]	16	static
sml.hpp:1703:3:boost::ext::sml::v1_1_5::back::sm< <template-parameter-1-1> >::sm() [with TSM = boost::ext::sml::v1_1_5::back::sm_policy<BlinkingLED>]	24	static
sml.hpp:1718:8:bool boost::ext::sml::v1_1_5::back::sm< <template-parameter-1-1> >::process_event(const TEvent&) [with TEvent = timer_event; typename boost::ext::sml::v1_1_5::aux::enable_if<boost::ext::sml::v1_1_5::aux::integral_constant<bool, __is_base_of(TEvent, boost::ext::sml::v1_1_5::back::sm::events_ids)>::value, int>::type <anonymous> = 0; TSM = boost::ext::sml::v1_1_5::back::sm_policy<BlinkingLED>]	16	static
sml.hpp:439:13:constexpr R boost::ext::sml::v1_1_5::aux::get_id(boost::ext::sml::v1_1_5::aux::type_id_type<N, T>*) [with R = unsigned char; T = boost::ext::sml::v1_1_5::aux::string<char, 's', 't', 'a', 't', 'e', '_', 'l', 'e', 'd', '_', 'b', 'l', 'i', 'n', 'k', 'i', 'n', 'g', '_', 's', 'l', 'o', 'w'>; int N = 1]	16	static
sml.hpp:1734:8:bool boost::ext::sml::v1_1_5::back::sm< <template-parameter-1-1> >::is(const TState&) const [with T = boost::ext::sml::v1_1_5::aux::identity<BlinkingLED>; TState = boost::ext::sml::v1_1_5::front::state<boost::ext::sml::v1_1_5::aux::string<char, 's', 't', 'a', 't', 'e', '_', 'l', 'e', 'd', '_', 'b', 'l', 'i', 'n', 'k', 'i', 'n', 'g', '_', 's', 'l', 'o', 'w'> >; TSM = boost::ext::sml::v1_1_5::back::sm_policy<BlinkingLED>]	24	static
sml.hpp:439:13:constexpr R boost::ext::sml::v1_1_5::aux::get_id(boost::ext::sml::v1_1_5::aux::type_id_type<N, T>*) [with R = unsigned char; T = boost::ext::sml::v1_1_5::aux::string<char, 's', 't', 'a', 't', 'e', '_', 'l', 'e', 'd', '_', 'b', 'l', 'i', 'n', 'k', 'i', 'n', 'g', '_', 'f', 'a', 's', 't'>; int N = 2]	16	static
sml.hpp:1734:8:bool boost::ext::sml::v1_1_5::back::sm< <template-parameter-1-1> >::is(const TState&) const [with T = boost::ext::sml::v1_1_5::aux::identity<BlinkingLED>; TState = boost::ext::sml::v1_1_5::front::state<boost::ext::sml::v1_1_5::aux::string<char, 's', 't', 'a', 't', 'e', '_', 'l', 'e', 'd', '_', 'b', 'l', 'i', 'n', 'k', 'i', 'n', 'g', '_', 'f', 'a', 's', 't'> >; TSM = boost::ext::sml::v1_1_5::back::sm_policy<BlinkingLED>]	24	static
sml.hpp:2564:3:boost::ext::sml::v1_1_5::front::transition<boost::ext::sml::v1_1_5::front::state<boost::ext::sml::v1_1_5::front::internal>, boost::ext::sml::v1_1_5::front::state<T>, boost::ext::sml::v1_1_5::front::event<E>, boost::ext::sml::v1_1_5::front::always, A>::transition(const boost::ext::sml::v1_1_5::front::always&, const A&) [with S2 = boost::ext::sml::v1_1_5::aux::string<char, 's', 't', 'a', 't', 'e', '_', 'l', 'e', 'd', '_', 'b', 'l', 'i', 'n', 'k', 'i', 'n', 'g', '_', 'f', 'a', 's', 't'>; E = timer_event; A = boost::ext::sml::v1_1_5::aux::zero_wrapper<<lambda()>, void>]	24	static
sml.hpp:2564:3:boost::ext::sml::v1_1_5::front::transition<boost::ext::sml::v1_1_5::front::state<boost::ext::sml::v1_1_5::front::internal>, boost::ext::sml::v1_1_5::front::state<T>, boost::ext::sml::v1_1_5::front::event<E>, boost::ext::sml::v1_1_5::front::always, A>::transition(const boost::ext::sml::v1_1_5::front::always&, const A&) [with S2 = boost::ext::sml::v1_1_5::aux::string<char, 's', 't', 'a', 't', 'e', '_', 'l', 'e', 'd', '_', 'o', 'n'>; E = timer_event; A = boost::ext::sml::v1_1_5::aux::zero_wrapper<<lambda()>, void>]	24	static
sml.hpp:351:12:boost::ext::sml::v1_1_5::aux::pool_type_impl<T, <template-parameter-1-2> >::pool_type_impl(T) [with T = boost::ext::sml::v1_1_5::front::transition<boost::ext::sml::v1_1_5::front::state<boost::ext::sml::v1_1_5::aux::string<char, 's', 't', 'a', 't', 'e', '_', 'l', 'e', 'd', '_', 'b', 'l', 'i', 'n', 'k', 'i', 'n', 'g', '_', 's', 'l', 'o', 'w'> >, boost::ext::sml::v1_1_5::front::state<boost::ext::sml::v1_1_5::aux::string<char, 's', 't', 'a', 't', 'e', '_', 'l', 'e', 'd', '_', 'o', 'f', 'f'>(boost::ext::sml::v1_1_5::front::initial_state)>, boost::ext::sml::v1_1_5::front::event<timer_event>, boost::ext::sml::v1_1_5::front::always, boost::ext::sml::v1_1_5::front::none>; <template-parameter-1-2> = void]	16	static
sml.hpp:351:12:boost::ext::sml::v1_1_5::aux::pool_type_impl<T, <template-parameter-1-2> >::pool_type_impl(T) [with T = boost::ext::sml::v1_1_5::front::transition<boost::ext::sml::v1_1_5::front::state<boost::ext::sml::v1_1_5::aux::string<char, 's', 't', 'a', 't', 'e', '_', 'l', 'e', 'd', '_', 'b', 'l', 'i', 'n', 'k', 'i', 'n', 'g', '_', 'f', 'a', 's', 't'> >, boost::ext::sml::v1_1_5::front::state<boost::ext::sml::v1_1_5::aux::string<char, 's', 't', 'a', 't', 'e', '_', 'l', 'e', 'd', '_', 'b', 'l', 'i', 'n', 'k', 'i', 'n', 'g', '_', 's', 'l', 'o', 'w'> >, boost::ext::sml::v1_1_5::front::event<timer_event>, boost::ext::sml::v1_1_5::front::always, boost::ext::sml::v1_1_5::front::none>; <template-parameter-1-2> = void]	16	static
sml.hpp:351:12:boost::ext::sml::v1_1_5::aux::pool_type_impl<T, <template-parameter-1-2> >::pool_type_impl(T) [with T = boost::ext::sml::v1_1_5::front::transition<boost::ext::sml::v1_1_5::front::state<boost::ext::sml::v1_1_5::aux::string<char, 's', 't', 'a', 't', 'e', '_', 'l', 'e', 'd', '_', 'o', 'n'> >, boost::ext::sml::v1_1_5::front::state<boost::ext::sml::v1_1_5::aux::string<char, 's', 't', 'a', 't', 'e', '_', 'l', 'e', 'd', '_', 'b', 'l', 'i', 'n', 'k', 'i', 'n', 'g', '_', 'f', 'a', 's', 't'> >, boost::ext::sml::v1_1_5::front::event<timer_event>, boost::ext::sml::v1_1_5::front::always, boost::ext::sml::v1_1_5::aux::zero_wrapper<<lambda()>, void> >; <template-parameter-1-2> = void]	16	static
sml.hpp:351:12:boost::ext::sml::v1_1_5::aux::pool_type_impl<T, <template-parameter-1-2> >::pool_type_impl(T) [with T = boost::ext::sml::v1_1_5::front::transition<boost::ext::sml::v1_1_5::front::state<boost::ext::sml::v1_1_5::aux::string<char, 's', 't', 'a', 't', 'e', '_', 'l', 'e', 'd', '_', 'o', 'f', 'f'> >, boost::ext::sml::v1_1_5::front::state<boost::ext::sml::v1_1_5::aux::string<char, 's', 't', 'a', 't', 'e', '_', 'l', 'e', 'd', '_', 'o', 'n'> >, boost::ext::sml::v1_1_5::front::event<timer_event>, boost::ext::sml::v1_1_5::front::always, boost::ext::sml::v1_1_5::aux::zero_wrapper<<lambda()>, void> >; <template-parameter-1-2> = void]	16	static
sml.hpp:427:12:) [with Ts = {boost::ext::sml::v1_1_5::aux::init, boost::ext::sml::v1_1_5::aux::pool<>}]	24	static
sml.hpp:369:28:boost::ext::sml::v1_1_5::aux::pool_type<boost::ext::sml::v1_1_5::back::sm_impl<boost::ext::sml::v1_1_5::back::sm_policy<BlinkingLED> > >::pool_type(boost::ext::sml::v1_1_5::aux::init, TObject) [with TObject = boost::ext::sml::v1_1_5::aux::pool<>][inherited from boost::ext::sml::v1_1_5::aux::pool_type_impl<boost::ext::sml::v1_1_5::back::sm_impl<boost::ext::sml::v1_1_5::back::sm_policy<BlinkingLED> >, void>]	16	static
sml.hpp:420:3:>&) [with TArgs = {}; Ts = {boost::ext::sml::v1_1_5::back::sm_impl<boost::ext::sml::v1_1_5::back::sm_policy<BlinkingLED> >}]	24	static
sml.hpp:405:4:T& boost::ext::sml::v1_1_5::aux::get(TPool&) [with T = boost::ext::sml::v1_1_5::back::sm_impl<boost::ext::sml::v1_1_5::back::sm_policy<BlinkingLED> >; TPool = boost::ext::sml::v1_1_5::aux::pool<boost::ext::sml::v1_1_5::back::sm_impl<boost::ext::sml::v1_1_5::back::sm_policy<BlinkingLED> > >]	16	static
sml.hpp:1422:8:void boost::ext::sml::v1_1_5::back::sm_impl< <template-parameter-1-1> >::start(TDeps&, TSubs&) [with TDeps = boost::ext::sml::v1_1_5::aux::pool<>; TSubs = boost::ext::sml::v1_1_5::aux::pool<boost::ext::sml::v1_1_5::back::sm_impl<boost::ext::sml::v1_1_5::back::sm_policy<BlinkingLED> > >; TSM = boost::ext::sml::v1_1_5::back::sm_policy<BlinkingLED>]	32	static
sml.hpp:1397:8:bool boost::ext::sml::v1_1_5::back::sm_impl< <template-parameter-1-1> >::process_event(const TEvent&, TDeps&, TSubs&) [with TEvent = timer_event; TDeps = boost::ext::sml::v1_1_5::aux::pool<>; TSubs = boost::ext::sml::v1_1_5::aux::pool<boost::ext::sml::v1_1_5::back::sm_impl<boost::ext::sml::v1_1_5::back::sm_policy<BlinkingLED> > >; TSM = boost::ext::sml::v1_1_5::back::sm_policy<BlinkingLED>]	56	static
sml.hpp:409:10:const T& boost::ext::sml::v1_1_5::aux::cget(const TPool&) [with T = boost::ext::sml::v1_1_5::back::sm_impl<boost::ext::sml::v1_1_5::back::sm_policy<BlinkingLED> >; TPool = boost::ext::sml::v1_1_5::aux::pool<boost::ext::sml::v1_1_5::back::sm_impl<boost::ext::sml::v1_1_5::back::sm_policy<BlinkingLED> > >]	16	static
sml.hpp:353:3:boost::ext::sml::v1_1_5::aux::pool_type_impl<T, <template-parameter-1-2> >::pool_type_impl(boost::ext::sml::v1_1_5::aux::init, TObject) [with TObject = boost::ext::sml::v1_1_5::aux::pool<>; T = boost::ext::sml::v1_1_5::back::sm_impl<boost::ext::sml::v1_1_5::back::sm_policy<BlinkingLED> >; <template-parameter-1-2> = void]	24	static
sml.hpp:706:12:boost::ext::sml::v1_1_5::back::on_entry<T, TEvent>::on_entry(const TEvent&) [with T = boost::ext::sml::v1_1_5::back::_; TEvent = boost::ext::sml::v1_1_5::back::initial]	16	static
sml.hpp:1397:8:bool boost::ext::sml::v1_1_5::back::sm_impl< <template-parameter-1-1> >::process_event(const TEvent&, TDeps&, TSubs&) [with TEvent = boost::ext::sml::v1_1_5::back::on_entry<boost::ext::sml::v1_1_5::back::_, boost::ext::sml::v1_1_5::back::initial>; TDeps = boost::ext::sml::v1_1_5::aux::pool<>; TSubs = boost::ext::sml::v1_1_5::aux::pool<boost::ext::sml::v1_1_5::back::sm_impl<boost::ext::sml::v1_1_5::back::sm_policy<BlinkingLED> > >; TSM = boost::ext::sml::v1_1_5::back::sm_policy<BlinkingLED>]	56	static
sml.hpp:1434:8:operator()())>::type>::type>::type>::type)>::value)), int>::type <anonymous> = 0; TSM = boost::ext::sml::v1_1_5::back::sm_policy<BlinkingLED>]	56	static
sml.hpp:1428:8:operator()())>::type>::type>::type>::type)>::value)), int>::type <anonymous> = 0; TSM = boost::ext::sml::v1_1_5::back::sm_policy<BlinkingLED>]	24	static
sml.hpp:1566:8:>&) [with TDeps = boost::ext::sml::v1_1_5::aux::pool<>; TSubs = boost::ext::sml::v1_1_5::aux::pool<boost::ext::sml::v1_1_5::back::sm_impl<boost::ext::sml::v1_1_5::back::sm_policy<BlinkingLED> > >; TEvents = {timer_event}; TSM = boost::ext::sml::v1_1_5::back::sm_policy<BlinkingLED>]	24	static
sml.hpp:1604:8:>&) [with TDeps = boost::ext::sml::v1_1_5::aux::pool<>; TSubs = boost::ext::sml::v1_1_5::aux::pool<boost::ext::sml::v1_1_5::back::sm_impl<boost::ext::sml::v1_1_5::back::sm_policy<BlinkingLED> > >; TEvents = {timer_event}; TSM = boost::ext::sml::v1_1_5::back::sm_policy<BlinkingLED>]	24	static
sml.hpp:1387:3:boost::ext::sml::v1_1_5::back::sm_impl< <template-parameter-1-1> >::sm_impl(boost::ext::sml::v1_1_5::aux::init, const TPool&) [with TPool = boost::ext::sml::v1_1_5::aux::pool<>; TSM = boost::ext::sml::v1_1_5::back::sm_policy<BlinkingLED>]	32	static
sml.hpp:1428:8:operator()())>::type>::type>::type>::type)>::value)), int>::type <anonymous> = 0; TSM = boost::ext::sml::v1_1_5::back::sm_policy<BlinkingLED>]	24	static
sml.hpp:1208:6:void boost::ext::sml::v1_1_5::back::policies::log_process_event(const boost::ext::sml::v1_1_5::aux::type<boost::ext::sml::v1_1_5::back::no_policy>&, TDeps&, const TEvent&) [with <template-parameter-1-1> = BlinkingLED; TDeps = boost::ext::sml::v1_1_5::aux::pool<>; TEvent = timer_event]	24	static
sml.hpp:1496:8:>&, boost::ext::sml::v1_1_5::aux::index_sequence<0>) [with TMappings = boost::ext::sml::v1_1_5::back::get_event_mapping_impl_helper<timer_event, boost::ext::sml::v1_1_5::back::sm_impl<boost::ext::sml::v1_1_5::back::sm_policy<BlinkingLED> >::mappings>; TEvent = timer_event; TDeps = boost::ext::sml::v1_1_5::aux::pool<>; TSubs = boost::ext::sml::v1_1_5::aux::pool<boost::ext::sml::v1_1_5::back::sm_impl<boost::ext::sml::v1_1_5::back::sm_policy<BlinkingLED> > >; TStates = {boost::ext::sml::v1_1_5::aux::string<char, 's', 't', 'a', 't', 'e', '_', 'l', 'e', 'd', '_', 'o', 'f', 'f'>, boost::ext::sml::v1_1_5::aux::string<char, 's', 't', 'a', 't', 'e', '_', 'l', 'e', 'd', '_', 'b', 'l', 'i', 'n', 'k', 'i', 'n', 'g', '_', 's', 'l', 'o', 'w'>, boost::ext::sml::v1_1_5::aux::string<char, 's', 't', 'a', 't', 'e', '_', 'l', 'e', 'd', '_', 'b', 'l', 'i', 'n', 'k', 'i', 'n', 'g', '_', 'f', 'a', 's', 't'>, boost::ext::sml::v1_1_5::aux::string<char, 's', 't', 'a', 't', 'e', '_', 'l', 'e', 'd', '_', 'o', 'n'>}; TSM = boost::ext::sml::v1_1_5::back::sm_policy<BlinkingLED>]	32	static
sml.hpp:374:8:auto boost::ext::sml::v1_1_5::aux::missing_ctor_parameter<T>::operator()() const [with T = BlinkingLED]	24	static
sml.hpp:1393:3:boost::ext::sml::v1_1_5::back::sm_impl< <template-parameter-1-1> >::sm_impl(const TPool&, boost::ext::sml::v1_1_5::aux::true_type) [with TPool = boost::ext::sml::v1_1_5::aux::pool<>; TSM = boost::ext::sml::v1_1_5::back::sm_policy<BlinkingLED>]	32	static
sml.hpp:1112:15:>&) [with int <anonymous> = 0; TMappings = boost::ext::sml::v1_1_5::back::get_event_mapping_impl_helper<timer_event, boost::ext::sml::v1_1_5::back::sm_impl<boost::ext::sml::v1_1_5::back::sm_policy<BlinkingLED> >::mappings>; sm_impl = boost::ext::sml::v1_1_5::back::sm_impl<boost::ext::sml::v1_1_5::back::sm_policy<BlinkingLED> >; State = unsigned char; TEvent = timer_event; TDeps = boost::ext::sml::v1_1_5::aux::pool<>; TSubs = boost::ext::sml::v1_1_5::aux::pool<boost::ext::sml::v1_1_5::back::sm_impl<boost::ext::sml::v1_1_5::back::sm_policy<BlinkingLED> > >; TStates = {boost::ext::sml::v1_1_5::aux::string<char, 's', 't', 'a', 't', 'e', '_', 'l', 'e', 'd', '_', 'o', 'f', 'f'>, boost::ext::sml::v1_1_5::aux::string<char, 's', 't', 'a', 't', 'e', '_', 'l', 'e', 'd', '_', 'b', 'l', 'i', 'n', 'k', 'i', 'n', 'g', '_', 's', 'l', 'o', 'w'>, boost::ext::sml::v1_1_5::aux::string<char, 's', 't', 'a', 't', 'e', '_', 'l', 'e', 'd', '_', 'b', 'l', 'i', 'n', 'k', 'i', 'n', 'g', '_', 'f', 'a', 's', 't'>, boost::ext::sml::v1_1_5::aux::string<char, 's', 't', 'a', 't', 'e', '_', 'l', 'e', 'd', '_', 'o', 'n'>}]	40	static
sml.hpp:389:27:) [with T = BlinkingLED]	4	static
sml.hpp:1409:8:void boost::ext::sml::v1_1_5::back::sm_impl< <template-parameter-1-1> >::initialize(const boost::ext::sml::v1_1_5::aux::type_list<TState>&) [with TState = boost::ext::sml::v1_1_5::aux::string<char, 's', 't', 'a', 't', 'e', '_', 'l', 'e', 'd', '_', 'o', 'f', 'f'>; TSM = boost::ext::sml::v1_1_5::back::sm_policy<BlinkingLED>]	16	static
sml.hpp:916:15:static bool boost::ext::sml::v1_1_5::back::transitions<T>::execute(const TEvent&, SM&, TDeps&, TSubs&, typename SM::state_t&) [with TEvent = timer_event; SM = boost::ext::sml::v1_1_5::back::sm_impl<boost::ext::sml::v1_1_5::back::sm_policy<BlinkingLED> >; TDeps = boost::ext::sml::v1_1_5::aux::pool<>; TSubs = boost::ext::sml::v1_1_5::aux::pool<boost::ext::sml::v1_1_5::back::sm_impl<boost::ext::sml::v1_1_5::back::sm_policy<BlinkingLED> > >; T = boost::ext::sml::v1_1_5::front::transition<boost::ext::sml::v1_1_5::front::state<boost::ext::sml::v1_1_5::aux::string<char, 's', 't', 'a', 't', 'e', '_', 'l', 'e', 'd', '_', 'b', 'l', 'i', 'n', 'k', 'i', 'n', 'g', '_', 's', 'l', 'o', 'w'> >, boost::ext::sml::v1_1_5::front::state<boost::ext::sml::v1_1_5::aux::string<char, 's', 't', 'a', 't', 'e', '_', 'l', 'e', 'd', '_', 'o', 'f', 'f'>(boost::ext::sml::v1_1_5::front::initial_state)>, boost::ext::sml::v1_1_5::front::event<timer_event>, boost::ext::sml::v1_1_5::front::always, boost::ext::sml::v1_1_5::front::none>]	56	static
sml.hpp:916:15:static bool boost::ext::sml::v1_1_5::back::transitions<T>::execute(const TEvent&, SM&, TDeps&, TSubs&, typename SM::state_t&) [with TEvent = timer_event; SM = boost::ext::sml::v1_1_5::back::sm_impl<boost::ext::sml::v1_1_5::back::sm_policy<BlinkingLED> >; TDeps = boost::ext::sml::v1_1_5::aux::pool<>; TSubs = boost::ext::sml::v1_1_5::aux::pool<boost::ext::sml::v1_1_5::back::sm_impl<boost::ext::sml::v1_1_5::back::sm_policy<BlinkingLED> > >; T = boost::ext::sml::v1_1_5::front::transition<boost::ext::sml::v1_1_5::front::state<boost::ext::sml::v1_1_5::aux::string<char, 's', 't', 'a', 't', 'e', '_', 'l', 'e', 'd', '_', 'b', 'l', 'i', 'n', 'k', 'i', 'n', 'g', '_', 'f', 'a', 's', 't'> >, boost::ext::sml::v1_1_5::front::state<boost::ext::sml::v1_1_5::aux::string<char, 's', 't', 'a', 't', 'e', '_', 'l', 'e', 'd', '_', 'b', 'l', 'i', 'n', 'k', 'i', 'n', 'g', '_', 's', 'l', 'o', 'w'> >, boost::ext::sml::v1_1_5::front::event<timer_event>, boost::ext::sml::v1_1_5::front::always, boost::ext::sml::v1_1_5::front::none>]	56	static
sml.hpp:916:15:static bool boost::ext::sml::v1_1_5::back::transitions<T>::execute(const TEvent&, SM&, TDeps&, TSubs&, typename SM::state_t&) [with TEvent = timer_event; SM = boost::ext::sml::v1_1_5::back::sm_impl<boost::ext::sml::v1_1_5::back::sm_policy<BlinkingLED> >; TDeps = boost::ext::sml::v1_1_5::aux::pool<>; TSubs = boost::ext::sml::v1_1_5::aux::pool<boost::ext::sml::v1_1_5::back::sm_impl<boost::ext::sml::v1_1_5::back::sm_policy<BlinkingLED> > >; T = boost::ext::sml::v1_1_5::front::transition<boost::ext::sml::v1_1_5::front::state<boost::ext::sml::v1_1_5::aux::string<char, 's', 't', 'a', 't', 'e', '_', 'l', 'e', 'd', '_', 'o', 'n'> >, boost::ext::sml::v1_1_5::front::state<boost::ext::sml::v1_1_5::aux::string<char, 's', 't', 'a', 't', 'e', '_', 'l', 'e', 'd', '_', 'b', 'l', 'i', 'n', 'k', 'i', 'n', 'g', '_', 'f', 'a', 's', 't'> >, boost::ext::sml::v1_1_5::front::event<timer_event>, boost::ext::sml::v1_1_5::front::always, boost::ext::sml::v1_1_5::aux::zero_wrapper<<lambda()>, void> >]	56	static
sml.hpp:916:15:static bool boost::ext::sml::v1_1_5::back::transitions<T>::execute(const TEvent&, SM&, TDeps&, TSubs&, typename SM::state_t&) [with TEvent = timer_event; SM = boost::ext::sml::v1_1_5::back::sm_impl<boost::ext::sml::v1_1_5::back::sm_policy<BlinkingLED> >; TDeps = boost::ext::sml::v1_1_5::aux::pool<>; TSubs = boost::ext::sml::v1_1_5::aux::pool<boost::ext::sml::v1_1_5::back::sm_impl<boost::ext::sml::v1_1_5::back::sm_policy<BlinkingLED> > >; T = boost::ext::sml::v1_1_5::front::transition<boost::ext::sml::v1_1_5::front::state<boost::ext::sml::v1_1_5::aux::string<char, 's', 't', 'a', 't', 'e', '_', 'l', 'e', 'd', '_', 'o', 'f', 'f'> >, boost::ext::sml::v1_1_5::front::state<boost::ext::sml::v1_1_5::aux::string<char, 's', 't', 'a', 't', 'e', '_', 'l', 'e', 'd', '_', 'o', 'n'> >, boost::ext::sml::v1_1_5::front::event<timer_event>, boost::ext::sml::v1_1_5::front::always, boost::ext::sml::v1_1_5::aux::zero_wrapper<<lambda()>, void> >]	56	static
sml.hpp:439:13:constexpr R boost::ext::sml::v1_1_5::aux::get_id(boost::ext::sml::v1_1_5::aux::type_id_type<N, T>*) [with R = unsigned char; T = boost::ext::sml::v1_1_5::aux::string<char, 's', 't', 'a', 't', 'e', '_', 'l', 'e', 'd', '_', 'o', 'f', 'f'>; int N = 0]	16	static
sml.hpp:405:4:T& boost::ext::sml::v1_1_5::aux::get(TPool&) [with T = boost::ext::sml::v1_1_5::front::transition<boost::ext::sml::v1_1_5::front::state<boost::ext::sml::v1_1_5::aux::string<char, 's', 't', 'a', 't', 'e', '_', 'l', 'e', 'd', '_', 'b', 'l', 'i', 'n', 'k', 'i', 'n', 'g', '_', 's', 'l', 'o', 'w'> >, boost::ext::sml::v1_1_5::front::state<boost::ext::sml::v1_1_5::aux::string<char, 's', 't', 'a', 't', 'e', '_', 'l', 'e', 'd', '_', 'o', 'f', 'f'>(boost::ext::sml::v1_1_5::front::initial_state)>, boost::ext::sml::v1_1_5::front::event<timer_event>, boost::ext::sml::v1_1_5::front::always, boost::ext::sml::v1_1_5::front::none>; TPool = boost::ext::sml::v1_1_5::aux::pool<boost::ext::sml::v1_1_5::front::transition<boost::ext::sml::v1_1_5::front::state<boost::ext::sml::v1_1_5::aux::string<char, 's', 't', 'a', 't', 'e', '_', 'l', 'e', 'd', '_', 'b', 'l', 'i', 'n', 'k', 'i', 'n', 'g', '_', 's', 'l', 'o', 'w'> >, boost::ext::sml::v1_1_5::front::state<boost::ext::sml::v1_1_5::aux::string<char, 's', 't', 'a', 't', 'e', '_', 'l', 'e', 'd', '_', 'o', 'f', 'f'>(boost::ext::sml::v1_1_5::front::initial_state)>, boost::ext::sml::v1_1_5::front::event<timer_event>, boost::ext::sml::v1_1_5::front::always, boost::ext::sml::v1_1_5::front::none>, boost::ext::sml::v1_1_5::front::transition<boost::ext::sml::v1_1_5::front::state<boost::ext::sml::v1_1_5::aux::string<char, 's', 't', 'a', 't', 'e', '_', 'l', 'e', 'd', '_', 'b', 'l', 'i', 'n', 'k', 'i', 'n', 'g', '_', 'f', 'a', 's', 't'> >, boost::ext::sml::v1_1_5::front::state<boost::ext::sml::v1_1_5::aux::string<char, 's', 't', 'a', 't', 'e', '_', 'l', 'e', 'd', '_', 'b', 'l', 'i', 'n', 'k', 'i', 'n', 'g', '_', 's', 'l', 'o', 'w'> >, boost::ext::sml::v1_1_5::front::event<timer_event>, boost::ext::sml::v1_1_5::front::always, boost::ext::sml::v1_1_5::front::none>, boost::ext::sml::v1_1_5::front::transition<boost::ext::sml::v1_1_5::front::state<boost::ext::sml::v1_1_5::aux::string<char, 's', 't', 'a', 't', 'e', '_', 'l', 'e', 'd', '_', 'o', 'n'> >, boost::ext::sml::v1_1_5::front::state<boost::ext::sml::v1_1_5::aux::string<char, 's', 't', 'a', 't', 'e', '_', 'l', 'e', 'd', '_', 'b', 'l', 'i', 'n', 'k', 'i', 'n', 'g', '_', 'f', 'a', 's', 't'> >, boost::ext::sml::v1_1_5::front::event<timer_event>, boost::ext::sml::v1_1_5::front::always, boost::ext::sml::v1_1_5::aux::zero_wrapper<<lambda()>, void> >, boost::ext::sml::v1_1_5::front::transition<boost::ext::sml::v1_1_5::front::state<boost::ext::sml::v1_1_5::aux::string<char, 's', 't', 'a', 't', 'e', '_', 'l', 'e', 'd', '_', 'o', 'f', 'f'> >, boost::ext::sml::v1_1_5::front::state<boost::ext::sml::v1_1_5::aux::string<char, 's', 't', 'a', 't', 'e', '_', 'l', 'e', 'd', '_', 'o', 'n'> >, boost::ext::sml::v1_1_5::front::event<timer_event>, boost::ext::sml::v1_1_5::front::always, boost::ext::sml::v1_1_5::aux::zero_wrapper<<lambda()>, void> > >]	16	static
sml.hpp:2645:8:bool boost::ext::sml::v1_1_5::front::transition<boost::ext::sml::v1_1_5::front::state<T>, boost::ext::sml::v1_1_5::front::state<S2>, boost::ext::sml::v1_1_5::front::event<E>, boost::ext::sml::v1_1_5::front::always, boost::ext::sml::v1_1_5::front::none>::execute(const TEvent&, SM&, TDeps&, TSubs&, typename SM::state_t&, boost::ext::sml::v1_1_5::aux::false_type) [with TEvent = timer_event; SM = boost::ext::sml::v1_1_5::back::sm_impl<boost::ext::sml::v1_1_5::back::sm_policy<BlinkingLED> >; TDeps = boost::ext::sml::v1_1_5::aux::pool<>; TSubs = boost::ext::sml::v1_1_5::aux::pool<boost::ext::sml::v1_1_5::back::sm_impl<boost::ext::sml::v1_1_5::back::sm_policy<BlinkingLED> > >; S1 = boost::ext::sml::v1_1_5::aux::string<char, 's', 't', 'a', 't', 'e', '_', 'l', 'e', 'd', '_', 'b', 'l', 'i', 'n', 'k', 'i', 'n', 'g', '_', 's', 'l', 'o', 'w'>; S2 = boost::ext::sml::v1_1_5::aux::string<char, 's', 't', 'a', 't', 'e', '_', 'l', 'e', 'd', '_', 'o', 'f', 'f'>(boost::ext::sml::v1_1_5::front::initial_state); E = timer_event]	56	static
sml.hpp:405:4:T& boost::ext::sml::v1_1_5::aux::get(TPool&) [with T = boost::ext::sml::v1_1_5::front::transition<boost::ext::sml::v1_1_5::front::state<boost::ext::sml::v1_1_5::aux::string<char, 's', 't', 'a', 't', 'e', '_', 'l', 'e', 'd', '_', 'b', 'l', 'i', 'n', 'k', 'i', 'n', 'g', '_', 'f', 'a', 's', 't'> >, boost::ext::sml::v1_1_5::front::state<boost::ext::sml::v1_1_5::aux::string<char, 's', 't', 'a', 't', 'e', '_', 'l', 'e', 'd', '_', 'b', 'l', 'i', 'n', 'k', 'i', 'n', 'g', '_', 's', 'l', 'o', 'w'> >, boost::ext::sml::v1_1_5::front::event<timer_event>, boost::ext::sml::v1_1_5::front::always, boost::ext::sml::v1_1_5::front::none>; TPool = boost::ext::sml::v1_1_5::aux::pool<boost::ext::sml::v1_1_5::front::transition<boost::ext::sml::v1_1_5::front::state<boost::ext::sml::v1_1_5::aux::string<char, 's', 't', 'a', 't', 'e', '_', 'l', 'e', 'd', '_', 'b', 'l', 'i', 'n', 'k', 'i', 'n', 'g', '_', 's', 'l', 'o', 'w'> >, boost::ext::sml::v1_1_5::front::state<boost::ext::sml::v1_1_5::aux::string<char, 's', 't', 'a', 't', 'e', '_', 'l', 'e', 'd', '_', 'o', 'f', 'f'>(boost::ext::sml::v1_1_5::front::initial_state)>, boost::ext::sml::v1_1_5::front::event<timer_event>, boost::ext::sml::v1_1_5::front::always, boost::ext::sml::v1_1_5::front::none>, boost::ext::sml::v1_1_5::front::transition<boost::ext::sml::v1_1_5::front::state<boost::ext::sml::v1_1_5::aux::string<char, 's', 't', 'a', 't', 'e', '_', 'l', 'e', 'd', '_', 'b', 'l', 'i', 'n', 'k', 'i', 'n', 'g', '_', 'f', 'a', 's', 't'> >, boost::ext::sml::v1_1_5::front::state<boost::ext::sml::v1_1_5::aux::string<char, 's', 't', 'a', 't', 'e', '_', 'l', 'e', 'd', '_', 'b', 'l', 'i', 'n', 'k', 'i', 'n', 'g', '_', 's', 'l', 'o', 'w'> >, boost::ext::sml::v1_1_5::front::event<timer_event>, boost::ext::sml::v1_1_5::front::always, boost::ext::sml::v1_1_5::front::none>, boost::ext::sml::v1_1_5::front::transition<boost::ext::sml::v1_1_5::front::state<boost::ext::sml::v1_1_5::aux::string<char, 's', 't', 'a', 't', 'e', '_', 'l', 'e', 'd', '_', 'o', 'n'> >, boost::ext::sml::v1_1_5::front::state<boost::ext::sml::v1_1_5::aux::string<char, 's', 't', 'a', 't', 'e', '_', 'l', 'e', 'd', '_', 'b', 'l', 'i', 'n', 'k', 'i', 'n', 'g', '_', 'f', 'a', 's', 't'> >, boost::ext::sml::v1_1_5::front::event<timer_event>, boost::ext::sml::v1_1_5::front::always, boost::ext::sml::v1_1_5::aux::zero_wrapper<<lambda()>, void> >, boost::ext::sml::v1_1_5::front::transition<boost::ext::sml::v1_1_5::front::state<boost::ext::sml::v1_1_5::aux::string<char, 's', 't', 'a', 't', 'e', '_', 'l', 'e', 'd', '_', 'o', 'f', 'f'> >, boost::ext::sml::v1_1_5::front::state<boost::ext::sml::v1_1_5::aux::string<char, 's', 't', 'a', 't', 'e', '_', 'l', 'e', 'd', '_', 'o', 'n'> >, boost::ext::sml::v1_1_5::front::event<timer_event>, boost::ext::sml::v1_1_5::front::always, boost::ext::sml::v1_1_5::aux::zero_wrapper<<lambda()>, void> > >]	16	static
sml.hpp:2645:8:bool boost::ext::sml::v1_1_5::front::transition<boost::ext::sml::v1_1_5::front::state<T>, boost::ext::sml::v1_1_5::front::state<S2>, boost::ext::sml::v1_1_5::front::event<E>, boost::ext::sml::v1_1_5::front::always, boost::ext::sml::v1_1_5::front::none>::execute(const TEvent&, SM&, TDeps&, TSubs&, typename SM::state_t&, boost::ext::sml::v1_1_5::aux::false_type) [with TEvent = timer_event; SM = boost::ext::sml::v1_1_5::back::sm_impl<boost::ext::sml::v1_1_5::back::sm_policy<BlinkingLED> >; TDeps = boost::ext::sml::v1_1_5::aux::pool<>; TSubs = boost::ext::sml::v1_1_5::aux::pool<boost::ext::sml::v1_1_5::back::sm_impl<boost::ext::sml::v1_1_5::back::sm_policy<BlinkingLED> > >; S1 = boost::ext::sml::v1_1_5::aux::string<char, 's', 't', 'a', 't', 'e', '_', 'l', 'e', 'd', '_', 'b', 'l', 'i', 'n', 'k', 'i', 'n', 'g', '_', 'f', 'a', 's', 't'>; S2 = boost::ext::sml::v1_1_5::aux::string<char, 's', 't', 'a', 't', 'e', '_', 'l', 'e', 'd', '_', 'b', 'l', 'i', 'n', 'k', 'i', 'n', 'g', '_', 's', 'l', 'o', 'w'>; E = timer_event]	56	static
sml.hpp:405:4:T& boost::ext::sml::v1_1_5::aux::get(TPool&) [with T = boost::ext::sml::v1_1_5::front::transition<boost::ext::sml::v1_1_5::front::state<boost::ext::sml::v1_1_5::aux::string<char, 's', 't', 'a', 't', 'e', '_', 'l', 'e', 'd', '_', 'o', 'n'> >, boost::ext::sml::v1_1_5::front::state<boost::ext::sml::v1_1_5::aux::string<char, 's', 't', 'a', 't', 'e', '_', 'l', 'e', 'd', '_', 'b', 'l', 'i', 'n', 'k', 'i', 'n', 'g', '_', 'f', 'a', 's', 't'> >, boost::ext::sml::v1_1_5::front::event<timer_event>, boost::ext::sml::v1_1_5::front::always, boost::ext::sml::v1_1_5::aux::zero_wrapper<<lambda()>, void> >; TPool = boost::ext::sml::v1_1_5::aux::pool<boost::ext::sml::v1_1_5::front::transition<boost::ext::sml::v1_1_5::front::state<boost::ext::sml::v1_1_5::aux::string<char, 's', 't', 'a', 't', 'e', '_', 'l', 'e', 'd', '_', 'b', 'l', 'i', 'n', 'k', 'i', 'n', 'g', '_', 's', 'l', 'o', 'w'> >, boost::ext::sml::v1_1_5::front::state<boost::ext::sml::v1_1_5::aux::string<char, 's', 't', 'a', 't', 'e', '_', 'l', 'e', 'd', '_', 'o', 'f', 'f'>(boost::ext::sml::v1_1_5::front::initial_state)>, boost::ext::sml::v1_1_5::front::event<timer_event>, boost::ext::sml::v1_1_5::front::always, boost::ext::sml::v1_1_5::front::none>, boost::ext::sml::v1_1_5::front::transition<boost::ext::sml::v1_1_5::front::state<boost::ext::sml::v1_1_5::aux::string<char, 's', 't', 'a', 't', 'e', '_', 'l', 'e', 'd', '_', 'b', 'l', 'i', 'n', 'k', 'i', 'n', 'g', '_', 'f', 'a', 's', 't'> >, boost::ext::sml::v1_1_5::front::state<boost::ext::sml::v1_1_5::aux::string<char, 's', 't', 'a', 't', 'e', '_', 'l', 'e', 'd', '_', 'b', 'l', 'i', 'n', 'k', 'i', 'n', 'g', '_', 's', 'l', 'o', 'w'> >, boost::ext::sml::v1_1_5::front::event<timer_event>, boost::ext::sml::v1_1_5::front::always, boost::ext::sml::v1_1_5::front::none>, boost::ext::sml::v1_1_5::front::transition<boost::ext::sml::v1_1_5::front::state<boost::ext::sml::v1_1_5::aux::string<char, 's', 't', 'a', 't', 'e', '_', 'l', 'e', 'd', '_', 'o', 'n'> >, boost::ext::sml::v1_1_5::front::state<boost::ext::sml::v1_1_5::aux::string<char, 's', 't', 'a', 't', 'e', '_', 'l', 'e', 'd', '_', 'b', 'l', 'i', 'n', 'k', 'i', 'n', 'g', '_', 'f', 'a', 's', 't'> >, boost::ext::sml::v1_1_5::front::event<timer_event>, boost::ext::sml::v1_1_5::front::always, boost::ext::sml::v1_1_5::aux::zero_wrapper<<lambda()>, void> >, boost::ext::sml::v1_1_5::front::transition<boost::ext::sml::v1_1_5::front::state<boost::ext::sml::v1_1_5::aux::string<char, 's', 't', 'a', 't', 'e', '_', 'l', 'e', 'd', '_', 'o', 'f', 'f'> >, boost::ext::sml::v1_1_5::front::state<boost::ext::sml::v1_1_5::aux::string<char, 's', 't', 'a', 't', 'e', '_', 'l', 'e', 'd', '_', 'o', 'n'> >, boost::ext::sml::v1_1_5::front::event<timer_event>, boost::ext::sml::v1_1_5::front::always, boost::ext::sml::v1_1_5::aux::zero_wrapper<<lambda()>, void> > >]	16	static
sml.hpp:439:13:constexpr R boost::ext::sml::v1_1_5::aux::get_id(boost::ext::sml::v1_1_5::aux::type_id_type<N, T>*) [with R = unsigned char; T = boost::ext::sml::v1_1_5::aux::string<char, 's', 't', 'a', 't', 'e', '_', 'l', 'e', 'd', '_', 'o', 'n'>; int N = 3]	16	static
sml.hpp:1859:15:static auto boost::ext::sml::v1_1_5::front::call<TEvent, boost::ext::sml::v1_1_5::aux::type_list<>, boost::ext::sml::v1_1_5::back::no_policy>::execute(T, const TEvent&, TSM&, TDeps&, TSubs&) [with T = boost::ext::sml::v1_1_5::aux::zero_wrapper<<lambda()>, void>; TSM = boost::ext::sml::v1_1_5::back::sm_impl<boost::ext::sml::v1_1_5::back::sm_policy<BlinkingLED> >; TDeps = boost::ext::sml::v1_1_5::aux::pool<>; TSubs = boost::ext::sml::v1_1_5::aux::pool<boost::ext::sml::v1_1_5::back::sm_impl<boost::ext::sml::v1_1_5::back::sm_policy<BlinkingLED> > >; TEvent = timer_event]	24	static
sml.hpp:2545:8:bool boost::ext::sml::v1_1_5::front::transition<boost::ext::sml::v1_1_5::front::state<T>, boost::ext::sml::v1_1_5::front::state<S2>, boost::ext::sml::v1_1_5::front::event<E>, boost::ext::sml::v1_1_5::front::always, A>::execute(const TEvent&, SM&, TDeps&, TSubs&, typename SM::state_t&, boost::ext::sml::v1_1_5::aux::false_type) [with TEvent = timer_event; SM = boost::ext::sml::v1_1_5::back::sm_impl<boost::ext::sml::v1_1_5::back::sm_policy<BlinkingLED> >; TDeps = boost::ext::sml::v1_1_5::aux::pool<>; TSubs = boost::ext::sml::v1_1_5::aux::pool<boost::ext::sml::v1_1_5::back::sm_impl<boost::ext::sml::v1_1_5::back::sm_policy<BlinkingLED> > >; S1 = boost::ext::sml::v1_1_5::aux::string<char, 's', 't', 'a', 't', 'e', '_', 'l', 'e', 'd', '_', 'o', 'n'>; S2 = boost::ext::sml::v1_1_5::aux::string<char, 's', 't', 'a', 't', 'e', '_', 'l', 'e', 'd', '_', 'b', 'l', 'i', 'n', 'k', 'i', 'n', 'g', '_', 'f', 'a', 's', 't'>; E = timer_event; A = boost::ext::sml::v1_1_5::aux::zero_wrapper<<lambda()>, void>]	56	static
sml.hpp:405:4:T& boost::ext::sml::v1_1_5::aux::get(TPool&) [with T = boost::ext::sml::v1_1_5::front::transition<boost::ext::sml::v1_1_5::front::state<boost::ext::sml::v1_1_5::aux::string<char, 's', 't', 'a', 't', 'e', '_', 'l', 'e', 'd', '_', 'o', 'f', 'f'> >, boost::ext::sml::v1_1_5::front::state<boost::ext::sml::v1_1_5::aux::string<char, 's', 't', 'a', 't', 'e', '_', 'l', 'e', 'd', '_', 'o', 'n'> >, boost::ext::sml::v1_1_5::front::event<timer_event>, boost::ext::sml::v1_1_5::front::always, boost::ext::sml::v1_1_5::aux::zero_wrapper<<lambda()>, void> >; TPool = boost::ext::sml::v1_1_5::aux::pool<boost::ext::sml::v1_1_5::front::transition<boost::ext::sml::v1_1_5::front::state<boost::ext::sml::v1_1_5::aux::string<char, 's', 't', 'a', 't', 'e', '_', 'l', 'e', 'd', '_', 'b', 'l', 'i', 'n', 'k', 'i', 'n', 'g', '_', 's', 'l', 'o', 'w'> >, boost::ext::sml::v1_1_5::front::state<boost::ext::sml::v1_1_5::aux::string<char, 's', 't', 'a', 't', 'e', '_', 'l', 'e', 'd', '_', 'o', 'f', 'f'>(boost::ext::sml::v1_1_5::front::initial_state)>, boost::ext::sml::v1_1_5::front::event<timer_event>, boost::ext::sml::v1_1_5::front::always, boost::ext::sml::v1_1_5::front::none>, boost::ext::sml::v1_1_5::front::transition<boost::ext::sml::v1_1_5::front::state<boost::ext::sml::v1_1_5::aux::string<char, 's', 't', 'a', 't', 'e', '_', 'l', 'e', 'd', '_', 'b', 'l', 'i', 'n', 'k', 'i', 'n', 'g', '_', 'f', 'a', 's', 't'> >, boost::ext::sml::v1_1_5::front::state<boost::ext::sml::v1_1_5::aux::string<char, 's', 't', 'a', 't', 'e', '_', 'l', 'e', 'd', '_', 'b', 'l', 'i', 'n', 'k', 'i', 'n', 'g', '_', 's', 'l', 'o', 'w'> >, boost::ext::sml::v1_1_5::front::event<timer_event>, boost::ext::sml::v1_1_5::front::always, boost::ext::sml::v1_1_5::front::none>, boost::ext::sml::v1_1_5::front::transition<boost::ext::sml::v1_1_5::front::state<boost::ext::sml::v1_1_5::aux::string<char, 's', 't', 'a', 't', 'e', '_', 'l', 'e', 'd', '_', 'o', 'n'> >, boost::ext::sml::v1_1_5::front::state<boost::ext::sml::v1_1_5::aux::string<char, 's', 't', 'a', 't', 'e', '_', 'l', 'e', 'd', '_', 'b', 'l', 'i', 'n', 'k', 'i', 'n', 'g', '_', 'f', 'a', 's', 't'> >, boost::ext::sml::v1_1_5::front::event<timer_event>, boost::ext::sml::v1_1_5::front::always, boost::ext::sml::v1_1_5::aux::zero_wrapper<<lambda()>, void> >, boost::ext::sml::v1_1_5::front::transition<boost::ext::sml::v1_1_5::front::state<boost::ext::sml::v1_1_5::aux::string<char, 's', 't', 'a', 't', 'e', '_', 'l', 'e', 'd', '_', 'o', 'f', 'f'> >, boost::ext::sml::v1_1_5::front::state<boost::ext::sml::v1_1_5::aux::string<char, 's', 't', 'a', 't', 'e', '_', 'l', 'e', 'd', '_', 'o', 'n'> >, boost::ext::sml::v1_1_5::front::event<timer_event>, boost::ext::sml::v1_1_5::front::always, boost::ext::sml::v1_1_5::aux::zero_wrapper<<lambda()>, void> > >]	16	static
sml.hpp:1859:15:static auto boost::ext::sml::v1_1_5::front::call<TEvent, boost::ext::sml::v1_1_5::aux::type_list<>, boost::ext::sml::v1_1_5::back::no_policy>::execute(T, const TEvent&, TSM&, TDeps&, TSubs&) [with T = boost::ext::sml::v1_1_5::aux::zero_wrapper<<lambda()>, void>; TSM = boost::ext::sml::v1_1_5::back::sm_impl<boost::ext::sml::v1_1_5::back::sm_policy<BlinkingLED> >; TDeps = boost::ext::sml::v1_1_5::aux::pool<>; TSubs = boost::ext::sml::v1_1_5::aux::pool<boost::ext::sml::v1_1_5::back::sm_impl<boost::ext::sml::v1_1_5::back::sm_policy<BlinkingLED> > >; TEvent = timer_event]	24	static
sml.hpp:2545:8:bool boost::ext::sml::v1_1_5::front::transition<boost::ext::sml::v1_1_5::front::state<T>, boost::ext::sml::v1_1_5::front::state<S2>, boost::ext::sml::v1_1_5::front::event<E>, boost::ext::sml::v1_1_5::front::always, A>::execute(const TEvent&, SM&, TDeps&, TSubs&, typename SM::state_t&, boost::ext::sml::v1_1_5::aux::false_type) [with TEvent = timer_event; SM = boost::ext::sml::v1_1_5::back::sm_impl<boost::ext::sml::v1_1_5::back::sm_policy<BlinkingLED> >; TDeps = boost::ext::sml::v1_1_5::aux::pool<>; TSubs = boost::ext::sml::v1_1_5::aux::pool<boost::ext::sml::v1_1_5::back::sm_impl<boost::ext::sml::v1_1_5::back::sm_policy<BlinkingLED> > >; S1 = boost::ext::sml::v1_1_5::aux::string<char, 's', 't', 'a', 't', 'e', '_', 'l', 'e', 'd', '_', 'o', 'f', 'f'>; S2 = boost::ext::sml::v1_1_5::aux::string<char, 's', 't', 'a', 't', 'e', '_', 'l', 'e', 'd', '_', 'o', 'n'>; E = timer_event; A = boost::ext::sml::v1_1_5::aux::zero_wrapper<<lambda()>, void>]	56	static
sml.hpp:2447:6:void boost::ext::sml::v1_1_5::front::update_current_state(SM&, TDeps&, TSubs&, typename SM::state_t&, const typename SM::state_t&, const TSrcState&, const TDstState&) [with SM = boost::ext::sml::v1_1_5::back::sm_impl<boost::ext::sml::v1_1_5::back::sm_policy<BlinkingLED> >; TDeps = boost::ext::sml::v1_1_5::aux::pool<>; TSubs = boost::ext::sml::v1_1_5::aux::pool<boost::ext::sml::v1_1_5::back::sm_impl<boost::ext::sml::v1_1_5::back::sm_policy<BlinkingLED> > >; TSrcState = boost::ext::sml::v1_1_5::front::state<boost::ext::sml::v1_1_5::aux::string<char, 's', 't', 'a', 't', 'e', '_', 'l', 'e', 'd', '_', 'o', 'f', 'f'> >; TDstState = boost::ext::sml::v1_1_5::front::state<boost::ext::sml::v1_1_5::aux::string<char, 's', 't', 'a', 't', 'e', '_', 'l', 'e', 'd', '_', 'b', 'l', 'i', 'n', 'k', 'i', 'n', 'g', '_', 's', 'l', 'o', 'w'> >]	40	static
sml.hpp:2447:6:void boost::ext::sml::v1_1_5::front::update_current_state(SM&, TDeps&, TSubs&, typename SM::state_t&, const typename SM::state_t&, const TSrcState&, const TDstState&) [with SM = boost::ext::sml::v1_1_5::back::sm_impl<boost::ext::sml::v1_1_5::back::sm_policy<BlinkingLED> >; TDeps = boost::ext::sml::v1_1_5::aux::pool<>; TSubs = boost::ext::sml::v1_1_5::aux::pool<boost::ext::sml::v1_1_5::back::sm_impl<boost::ext::sml::v1_1_5::back::sm_policy<BlinkingLED> > >; TSrcState = boost::ext::sml::v1_1_5::front::state<boost::ext::sml::v1_1_5::aux::string<char, 's', 't', 'a', 't', 'e', '_', 'l', 'e', 'd', '_', 'b', 'l', 'i', 'n', 'k', 'i', 'n', 'g', '_', 's', 'l', 'o', 'w'> >; TDstState = boost::ext::sml::v1_1_5::front::state<boost::ext::sml::v1_1_5::aux::string<char, 's', 't', 'a', 't', 'e', '_', 'l', 'e', 'd', '_', 'b', 'l', 'i', 'n', 'k', 'i', 'n', 'g', '_', 'f', 'a', 's', 't'> >]	40	static
sml.hpp:2447:6:void boost::ext::sml::v1_1_5::front::update_current_state(SM&, TDeps&, TSubs&, typename SM::state_t&, const typename SM::state_t&, const TSrcState&, const TDstState&) [with SM = boost::ext::sml::v1_1_5::back::sm_impl<boost::ext::sml::v1_1_5::back::sm_policy<BlinkingLED> >; TDeps = boost::ext::sml::v1_1_5::aux::pool<>; TSubs = boost::ext::sml::v1_1_5::aux::pool<boost::ext::sml::v1_1_5::back::sm_impl<boost::ext::sml::v1_1_5::back::sm_policy<BlinkingLED> > >; TSrcState = boost::ext::sml::v1_1_5::front::state<boost::ext::sml::v1_1_5::aux::string<char, 's', 't', 'a', 't', 'e', '_', 'l', 'e', 'd', '_', 'b', 'l', 'i', 'n', 'k', 'i', 'n', 'g', '_', 'f', 'a', 's', 't'> >; TDstState = boost::ext::sml::v1_1_5::front::state<boost::ext::sml::v1_1_5::aux::string<char, 's', 't', 'a', 't', 'e', '_', 'l', 'e', 'd', '_', 'o', 'n'> >]	40	static
sml.hpp:526:3:) [with Ts = {boost::ext::sml::v1_1_5::aux::zero_wrapper<<lambda()>, void>&}; TExpr = <lambda()>]	16	static
sml.hpp:2447:6:void boost::ext::sml::v1_1_5::front::update_current_state(SM&, TDeps&, TSubs&, typename SM::state_t&, const typename SM::state_t&, const TSrcState&, const TDstState&) [with SM = boost::ext::sml::v1_1_5::back::sm_impl<boost::ext::sml::v1_1_5::back::sm_policy<BlinkingLED> >; TDeps = boost::ext::sml::v1_1_5::aux::pool<>; TSubs = boost::ext::sml::v1_1_5::aux::pool<boost::ext::sml::v1_1_5::back::sm_impl<boost::ext::sml::v1_1_5::back::sm_policy<BlinkingLED> > >; TSrcState = boost::ext::sml::v1_1_5::front::state<boost::ext::sml::v1_1_5::aux::string<char, 's', 't', 'a', 't', 'e', '_', 'l', 'e', 'd', '_', 'o', 'n'> >; TDstState = boost::ext::sml::v1_1_5::front::state<boost::ext::sml::v1_1_5::aux::string<char, 's', 't', 'a', 't', 'e', '_', 'l', 'e', 'd', '_', 'o', 'f', 'f'> >]	40	static
sml.hpp:526:3:) [with Ts = {boost::ext::sml::v1_1_5::aux::zero_wrapper<<lambda()>, void>&}; TExpr = <lambda()>]	16	static
sml.hpp:1214:6:void boost::ext::sml::v1_1_5::back::policies::log_state_change(const boost::ext::sml::v1_1_5::aux::type<boost::ext::sml::v1_1_5::back::no_policy>&, TDeps&, const TSrcState&, const TDstState&) [with <template-parameter-1-1> = BlinkingLED; TDeps = boost::ext::sml::v1_1_5::aux::pool<>; TSrcState = boost::ext::sml::v1_1_5::aux::string<boost::ext::sml::v1_1_5::aux::string<char, 's', 't', 'a', 't', 'e', '_', 'l', 'e', 'd', '_', 'o', 'f', 'f'> >; TDstState = boost::ext::sml::v1_1_5::aux::string<boost::ext::sml::v1_1_5::aux::string<char, 's', 't', 'a', 't', 'e', '_', 'l', 'e', 'd', '_', 'b', 'l', 'i', 'n', 'k', 'i', 'n', 'g', '_', 's', 'l', 'o', 'w'> >]	24	static
sml.hpp:1214:6:void boost::ext::sml::v1_1_5::back::policies::log_state_change(const boost::ext::sml::v1_1_5::aux::type<boost::ext::sml::v1_1_5::back::no_policy>&, TDeps&, const TSrcState&, const TDstState&) [with <template-parameter-1-1> = BlinkingLED; TDeps = boost::ext::sml::v1_1_5::aux::pool<>; TSrcState = boost::ext::sml::v1_1_5::aux::string<boost::ext::sml::v1_1_5::aux::string<char, 's', 't', 'a', 't', 'e', '_', 'l', 'e', 'd', '_', 'b', 'l', 'i', 'n', 'k', 'i', 'n', 'g', '_', 's', 'l', 'o', 'w'> >; TDstState = boost::ext::sml::v1_1_5::aux::string<boost::ext::sml::v1_1_5::aux::string<char, 's', 't', 'a', 't', 'e', '_', 'l', 'e', 'd', '_', 'b', 'l', 'i', 'n', 'k', 'i', 'n', 'g', '_', 'f', 'a', 's', 't'> >]	24	static
sml.hpp:1214:6:void boost::ext::sml::v1_1_5::back::policies::log_state_change(const boost::ext::sml::v1_1_5::aux::type<boost::ext::sml::v1_1_5::back::no_policy>&, TDeps&, const TSrcState&, const TDstState&) [with <template-parameter-1-1> = BlinkingLED; TDeps = boost::ext::sml::v1_1_5::aux::pool<>; TSrcState = boost::ext::sml::v1_1_5::aux::string<boost::ext::sml::v1_1_5::aux::string<char, 's', 't', 'a', 't', 'e', '_', 'l', 'e', 'd', '_', 'b', 'l', 'i', 'n', 'k', 'i', 'n', 'g', '_', 'f', 'a', 's', 't'> >; TDstState = boost::ext::sml::v1_1_5::aux::string<boost::ext::sml::v1_1_5::aux::string<char, 's', 't', 'a', 't', 'e', '_', 'l', 'e', 'd', '_', 'o', 'n'> >]	24	static
sml.hpp:1214:6:void boost::ext::sml::v1_1_5::back::policies::log_state_change(const boost::ext::sml::v1_1_5::aux::type<boost::ext::sml::v1_1_5::back::no_policy>&, TDeps&, const TSrcState&, const TDstState&) [with <template-parameter-1-1> = BlinkingLED; TDeps = boost::ext::sml::v1_1_5::aux::pool<>; TSrcState = boost::ext::sml::v1_1_5::aux::string<boost::ext::sml::v1_1_5::aux::string<char, 's', 't', 'a', 't', 'e', '_', 'l', 'e', 'd', '_', 'o', 'n'> >; TDstState = boost::ext::sml::v1_1_5::aux::string<boost::ext::sml::v1_1_5::aux::string<char, 's', 't', 'a', 't', 'e', '_', 'l', 'e', 'd', '_', 'o', 'f', 'f'> >]	24	static
main.cpp:266:1:void __static_initialization_and_destruction_0(int, int)	16	static
main.cpp:266:1:cpp)	8	static
